core_cm3.h:1107:22:NVIC_SystemReset	4	static
Servers.c:31:6:Analysys	24	static
Servers.c:54:9:set_Pri	16	static
Servers.c:73:6:Analysys_ID	24	static
Servers.c:100:9:get_pack_currentPack	8	static
Servers.c:123:6:Analysys_DATA	24	static
Servers.c:222:6:iscontants	32	static
Servers.c:253:6:send_cmd	16	static
Servers.c:261:6:check_receives	48	static
Servers.c:280:6:BC28_RESET	8	static
Servers.c:288:6:BC28_Init	16	static
Servers.c:363:6:pack_to_aliyun	184	static
Servers.c:399:6:writeUTC	16	static
Servers.c:411:6:writeL	24	static
Servers.c:420:6:clearStr	24	static
