core_cm3.h:1014:22:NVIC_SetPriority	16	static
core_cm3.h:1139:26:SysTick_Config	16	static
GenLib.c:49:6:nvic_init	8	static
GenLib.c:59:6:usart_1_init	40	static
GenLib.c:106:6:usart_2_init	40	static
GenLib.c:152:6:usart_3_init	40	static
GenLib.c:198:5:check_usart1_cache	4	static
GenLib.c:211:5:check_usart2_cache	4	static
GenLib.c:222:7:usart1_readToEnd	16	static
GenLib.c:240:7:usart2_readToEnd	16	static
GenLib.c:273:6:USART2_IRQHandler	16	static
GenLib.c:304:6:usart_1_send	24	static
GenLib.c:321:6:usart_2_send	24	static
GenLib.c:338:6:usart_3_send	24	static
GenLib.c:355:19:set_cpu_72MHz	48	static
GenLib.c:375:6:delay_tick_us	24	static
GenLib.c:397:6:RTC_1s_it_init	16	static
GenLib.c:428:6:RTC_Handler	16	static
GenLib.c:434:6:RTC_IRQHandler	8	static
GenLib.c:452:6:delay_us	24	static
GenLib.c:482:6:systick_delay	24	static
GenLib.c:511:6:Flash_Erase	16	static
GenLib.c:528:10:FlashWrite_8bitbuffer	40	static
GenLib.c:554:10:FlashWrite_16bitbuffer	40	static
GenLib.c:580:10:FlashRead_8bitbuffer	24	static
GenLib.c:590:10:FlashRead_16bitbuffer	16	static
GenLib.c:600:6:time_counter_init	4	static
GenLib.c:610:5:time_counter_value	16	static
GenLib.c:618:6:adc_init	32	static
GenLib.c:663:6:pinModeA	32	static
GenLib.c:703:6:pinModeB	16	static
GenLib.c:764:6:pinModeC	16	static
GenLib.c:829:6:pinModeD	16	static
GenLib.c:843:10:analogeReadA	24	static
GenLib.c:891:10:analogeReadC	24	static
GenLib.c:933:6:analogWrite	16	static
GenLib.c:948:6:DutyCycleB	32	static
GenLib.c:991:6:DutyCycleC	32	static
GenLib.c:1033:6:SetPWMfreq	32	static
GenLib.c:1108:6:CAN_INIT	16	static
GenLib.c:1164:6:CAN_POLLING_INIT	40	static
GenLib.c:1205:6:CAN_POLLING_SEND	16	static
GenLib.c:1220:10:CAN_POLLING_REC	48	static
GenLib.c:1237:6:CAN_IT_INIT	40	static
GenLib.c:1281:6:CAN_IT_SEND	8	static
GenLib.c:1291:6:USB_LP_CAN1_RX0_IRQHandler	40	static
