Archive member included to satisfy reference by file (symbol)

c:/program files (x86)/atollic/truestudio for stm32 9.3.0/armtools/bin/../lib/gcc/arm-atollic-eabi/6.3.1/../../../../arm-atollic-eabi/lib/armv7-m\libc.a(lib_a-init.o)
                              src\startup_stm32f10x_hd.o (__libc_init_array)
c:/program files (x86)/atollic/truestudio for stm32 9.3.0/armtools/bin/../lib/gcc/arm-atollic-eabi/6.3.1/../../../../arm-atollic-eabi/lib/armv7-m\libc.a(lib_a-memcpy-stub.o)
                              UserLib\Gen\GenLib.o (memcpy)
c:/program files (x86)/atollic/truestudio for stm32 9.3.0/armtools/bin/../lib/gcc/arm-atollic-eabi/6.3.1/../../../../arm-atollic-eabi/lib/armv7-m\libc.a(lib_a-reent.o)
                              src\syscalls.o (errno)
c:/program files (x86)/atollic/truestudio for stm32 9.3.0/armtools/bin/../lib/gcc/arm-atollic-eabi/6.3.1/../../../../arm-atollic-eabi/lib/armv7-m\libc.a(lib_a-strlen.o)
                              Servers\Servers.o (strlen)
c:/program files (x86)/atollic/truestudio for stm32 9.3.0/armtools/bin/../lib/gcc/arm-atollic-eabi/6.3.1/../../../../arm-atollic-eabi/lib/armv7-m\libc.a(lib_a-freer.o)
                              c:/program files (x86)/atollic/truestudio for stm32 9.3.0/armtools/bin/../lib/gcc/arm-atollic-eabi/6.3.1/../../../../arm-atollic-eabi/lib/armv7-m\libc.a(lib_a-reent.o) (_free_r)
c:/program files (x86)/atollic/truestudio for stm32 9.3.0/armtools/bin/../lib/gcc/arm-atollic-eabi/6.3.1/../../../../arm-atollic-eabi/lib/armv7-m\libc.a(lib_a-impure.o)
                              c:/program files (x86)/atollic/truestudio for stm32 9.3.0/armtools/bin/../lib/gcc/arm-atollic-eabi/6.3.1/../../../../arm-atollic-eabi/lib/armv7-m\libc.a(lib_a-reent.o) (_impure_ptr)
c:/program files (x86)/atollic/truestudio for stm32 9.3.0/armtools/bin/../lib/gcc/arm-atollic-eabi/6.3.1/../../../../arm-atollic-eabi/lib/armv7-m\libc.a(lib_a-mallocr.o)
                              c:/program files (x86)/atollic/truestudio for stm32 9.3.0/armtools/bin/../lib/gcc/arm-atollic-eabi/6.3.1/../../../../arm-atollic-eabi/lib/armv7-m\libc.a(lib_a-freer.o) (__malloc_current_mallinfo)
c:/program files (x86)/atollic/truestudio for stm32 9.3.0/armtools/bin/../lib/gcc/arm-atollic-eabi/6.3.1/../../../../arm-atollic-eabi/lib/armv7-m\libc.a(lib_a-mlock.o)
                              c:/program files (x86)/atollic/truestudio for stm32 9.3.0/armtools/bin/../lib/gcc/arm-atollic-eabi/6.3.1/../../../../arm-atollic-eabi/lib/armv7-m\libc.a(lib_a-freer.o) (__malloc_lock)
c:/program files (x86)/atollic/truestudio for stm32 9.3.0/armtools/bin/../lib/gcc/arm-atollic-eabi/6.3.1/../../../../arm-atollic-eabi/lib/armv7-m\libc.a(lib_a-sbrkr.o)
                              c:/program files (x86)/atollic/truestudio for stm32 9.3.0/armtools/bin/../lib/gcc/arm-atollic-eabi/6.3.1/../../../../arm-atollic-eabi/lib/armv7-m\libc.a(lib_a-freer.o) (_sbrk_r)
c:/program files (x86)/atollic/truestudio for stm32 9.3.0/armtools/bin/../lib/gcc/arm-atollic-eabi/6.3.1/../../../../arm-atollic-eabi/lib/armv7-m\libc.a(lib_a-lock.o)
                              c:/program files (x86)/atollic/truestudio for stm32 9.3.0/armtools/bin/../lib/gcc/arm-atollic-eabi/6.3.1/../../../../arm-atollic-eabi/lib/armv7-m\libc.a(lib_a-mlock.o) (__retarget_lock_acquire_recursive)
c:/program files (x86)/atollic/truestudio for stm32 9.3.0/armtools/bin/../lib/gcc/arm-atollic-eabi/6.3.1/armv7-m\libgcc.a(_arm_addsubdf3.o)
                              UserLib\Gen\GenLib.o (__aeabi_i2d)
c:/program files (x86)/atollic/truestudio for stm32 9.3.0/armtools/bin/../lib/gcc/arm-atollic-eabi/6.3.1/armv7-m\libgcc.a(_arm_muldivdf3.o)
                              UserLib\Gen\GenLib.o (__aeabi_dmul)
c:/program files (x86)/atollic/truestudio for stm32 9.3.0/armtools/bin/../lib/gcc/arm-atollic-eabi/6.3.1/armv7-m\libgcc.a(_arm_fixdfsi.o)
                              UserLib\Gen\GenLib.o (__aeabi_d2iz)
c:/program files (x86)/atollic/truestudio for stm32 9.3.0/armtools/bin/../lib/gcc/arm-atollic-eabi/6.3.1/armv7-m\libgcc.a(_arm_fixunsdfsi.o)
                              UserLib\Gen\GenLib.o (__aeabi_d2uiz)

Allocating common symbols
Common symbol       size              file

__lock___atexit_recursive_mutex
                    0x1               c:/program files (x86)/atollic/truestudio for stm32 9.3.0/armtools/bin/../lib/gcc/arm-atollic-eabi/6.3.1/../../../../arm-atollic-eabi/lib/armv7-m\libc.a(lib_a-lock.o)
__lock___arc4random_mutex
                    0x1               c:/program files (x86)/atollic/truestudio for stm32 9.3.0/armtools/bin/../lib/gcc/arm-atollic-eabi/6.3.1/../../../../arm-atollic-eabi/lib/armv7-m\libc.a(lib_a-lock.o)
TIM_TimeBaseStructure
                    0xa               UserLib\Gen\GenLib.o
e2_right_handler    0x4               UserLib\keys\keys.o
[...]
Memory Configuration

Name             Origin             Length             Attributes
FLASH            0x08000000         0x00040000         xr
RAM              0x20000000         0x0000c000         xrw
MEMORY_B1        0x60000000         0x00000000         xr
*default*        0x00000000         0xffffffff

Linker script and memory map

LOAD c:/program files (x86)/atollic/truestudio for stm32 9.3.0/armtools/bin/../lib/gcc/arm-atollic-eabi/6.3.1/armv7-m/crti.o
LOAD c:/program files (x86)/atollic/truestudio for stm32 9.3.0/armtools/bin/../lib/gcc/arm-atollic-eabi/6.3.1/armv7-m/crtbegin.o
LOAD Libraries\STM32F10x_StdPeriph_Driver\src\misc.o
LOAD Libraries\STM32F10x_StdPeriph_Driver\src\stm32f10x_adc.o
LOAD Libraries\STM32F10x_StdPeriph_Driver\src\stm32f10x_bkp.o
LOAD Libraries\STM32F10x_StdPeriph_Driver\src\stm32f10x_can.o
LOAD Libraries\STM32F10x_StdPeriph_Driver\src\stm32f10x_cec.o
LOAD Libraries\STM32F10x_StdPeriph_Driver\src\stm32f10x_crc.o
LOAD Libraries\STM32F10x_StdPeriph_Driver\src\stm32f10x_dac.o
LOAD Libraries\STM32F10x_StdPeriph_Driver\src\stm32f10x_dbgmcu.o
LOAD Libraries\STM32F10x_StdPeriph_Driver\src\stm32f10x_dma.o
LOAD Libraries\STM32F10x_StdPeriph_Driver\src\stm32f10x_exti.o
LOAD Libraries\STM32F10x_StdPeriph_Driver\src\stm32f10x_flash.o
LOAD Libraries\STM32F10x_StdPeriph_Driver\src\stm32f10x_fsmc.o
LOAD Libraries\STM32F10x_StdPeriph_Driver\src\stm32f10x_gpio.o
LOAD Libraries\STM32F10x_StdPeriph_Driver\src\stm32f10x_i2c.o
LOAD Libraries\STM32F10x_StdPeriph_Driver\src\stm32f10x_iwdg.o
LOAD Libraries\STM32F10x_StdPeriph_Driver\src\stm32f10x_pwr.o
LOAD Libraries\STM32F10x_StdPeriph_Driver\src\stm32f10x_rcc.o
LOAD Libraries\STM32F10x_StdPeriph_Driver\src\stm32f10x_rtc.o
LOAD Libraries\STM32F10x_StdPeriph_Driver\src\stm32f10x_sdio.o
LOAD Libraries\STM32F10x_StdPeriph_Driver\src\stm32f10x_spi.o
LOAD Libraries\STM32F10x_StdPeriph_Driver\src\stm32f10x_tim.o
LOAD Libraries\STM32F10x_StdPeriph_Driver\src\stm32f10x_usart.o
LOAD Libraries\STM32F10x_StdPeriph_Driver\src\stm32f10x_wwdg.o
LOAD Servers\Servers.o
LOAD UserLib\Gen\GenLib.o
LOAD UserLib\SPI_FLASH\SPI_FLASH.o
LOAD UserLib\keys\keys.o
LOAD UserLib\oled\oled.o
LOAD src\main.o
LOAD src\startup_stm32f10x_hd.o
LOAD src\stm32f1xx_it.o
LOAD src\syscalls.o
LOAD src\system_stm32f10x.o
LOAD src\tiny_printf.o
                0x00000080                malloc_getpagesize_P = 0x80
START GROUP
LOAD c:/program files (x86)/atollic/truestudio for stm32 9.3.0/armtools/bin/../lib/gcc/arm-atollic-eabi/6.3.1/../../../../arm-atollic-eabi/lib/armv7-m\libc.a
LOAD c:/program files (x86)/atollic/truestudio for stm32 9.3.0/armtools/bin/../lib/gcc/arm-atollic-eabi/6.3.1/../../../../arm-atollic-eabi/lib/armv7-m\libm.a
END GROUP
START GROUP
LOAD c:/program files (x86)/atollic/truestudio for stm32 9.3.0/armtools/bin/../lib/gcc/arm-atollic-eabi/6.3.1/armv7-m\libgcc.a
LOAD c:/program files (x86)/atollic/truestudio for stm32 9.3.0/armtools/bin/../lib/gcc/arm-atollic-eabi/6.3.1/../../../../arm-atollic-eabi/lib/armv7-m\libc.a
END GROUP
START GROUP
LOAD c:/program files (x86)/atollic/truestudio for stm32 9.3.0/armtools/bin/../lib/gcc/arm-atollic-eabi/6.3.1/armv7-m\libgcc.a
LOAD c:/program files (x86)/atollic/truestudio for stm32 9.3.0/armtools/bin/../lib/gcc/arm-atollic-eabi/6.3.1/../../../../arm-atollic-eabi/lib/armv7-m\libc.a
LOAD c:/program files (x86)/atollic/truestudio for stm32 9.3.0/armtools/bin/../lib/gcc/arm-atollic-eabi/6.3.1/../../../../arm-atollic-eabi/lib/armv7-m\libnosys.a
END GROUP
LOAD c:/program files (x86)/atollic/truestudio for stm32 9.3.0/armtools/bin/../lib/gcc/arm-atollic-eabi/6.3.1/armv7-m/crtend.o
LOAD c:/program files (x86)/atollic/truestudio for stm32 9.3.0/armtools/bin/../lib/gcc/arm-atollic-eabi/6.3.1/armv7-m/crtn.o
                0x2000c000                _estack = 0x2000c000
                0x00000000                _Min_Heap_Size = 0x0
                0x00000200                _Min_Stack_Size = 0x200

.isr_vector     0x08000000      0x1e4
                0x08000000                . = ALIGN (0x4)
 *(.isr_vector)
 .isr_vector    0x08000000      0x1e4 src\startup_stm32f10x_hd.o
                0x08000000                g_pfnVectors
                0x080001e4                . = ALIGN (0x4)

.text           0x080001e4     0x3f20
                0x080001e4                . = ALIGN (0x4)
 *(.text)
 .text          0x080001e4       0x40 c:/program files (x86)/atollic/truestudio for stm32 9.3.0/armtools/bin/../lib/gcc/arm-atollic-eabi/6.3.1/armv7-m/crtbegin.o
 .text          0x08000224       0x10 c:/program files (x86)/atollic/truestudio for stm32 9.3.0/armtools/bin/../lib/gcc/arm-atollic-eabi/6.3.1/../../../../arm-atollic-eabi/lib/armv7-m\libc.a(lib_a-strlen.o)
                0x08000224                strlen
 *(.text*)
 .text.NVIC_PriorityGroupConfig
                0x08000234       0x24 Libraries\STM32F10x_StdPeriph_Driver\src\misc.o
                0x08000234                NVIC_PriorityGroupConfig
 .text.NVIC_Init
                0x08000258       0xc4 Libraries\STM32F10x_StdPeriph_Driver\src\misc.o
                0x08000258                NVIC_Init
 .text.NVIC_SetVectorTable
                0x0800031c       0x2c Libraries\STM32F10x_StdPeriph_Driver\src\misc.o
                0x0800031c                NVIC_SetVectorTable
 .text.ADC_DeInit
                0x08000348       0x74 Libraries\STM32F10x_StdPeriph_Driver\src\stm32f10x_adc.o
                0x08000348                ADC_DeInit
 .text.ADC_Init
                0x080003bc       0xa4 Libraries\STM32F10x_StdPeriph_Driver\src\stm32f10x_adc.o
                0x080003bc                ADC_Init
 .text.ADC_Cmd  0x08000460       0x36 Libraries\STM32F10x_StdPeriph_Driver\src\stm32f10x_adc.o
                0x08000460                ADC_Cmd
 .text.ADC_ResetCalibration
                0x08000496       0x1e Libraries\STM32F10x_StdPeriph_Driver\src\stm32f10x_adc.o
                0x08000496                ADC_ResetCalibration
 .text.ADC_GetResetCalibrationStatus
                0x080004b4       0x2e Libraries\STM32F10x_StdPeriph_Driver\src\stm32f10x_adc.o
                0x080004b4                ADC_GetResetCalibrationStatus
 .text.ADC_StartCalibration
                0x080004e2       0x1e Libraries\STM32F10x_StdPeriph_Driver\src\stm32f10x_adc.o
                0x080004e2                ADC_StartCalibration
 .text.ADC_GetCalibrationStatus
                0x08000500       0x2e Libraries\STM32F10x_StdPeriph_Driver\src\stm32f10x_adc.o
                0x08000500                ADC_GetCalibrationStatus
 *fill*         0x0800052e        0x2 
 .text.CAN_DeInit
                0x08000530       0x48 Libraries\STM32F10x_StdPeriph_Driver\src\stm32f10x_can.o
                0x08000530                CAN_DeInit
 .text.CAN_Init
                0x08000578      0x1a0 Libraries\STM32F10x_StdPeriph_Driver\src\stm32f10x_can.o
                0x08000578                CAN_Init
 .text.CAN_FilterInit
                0x08000718      0x174 Libraries\STM32F10x_StdPeriph_Driver\src\stm32f10x_can.o
                0x08000718                CAN_FilterInit
 .text.CAN_StructInit
                0x0800088c       0x54 Libraries\STM32F10x_StdPeriph_Driver\src\stm32f10x_can.o
                0x0800088c                CAN_StructInit
 .text.CAN_Receive
                0x080008e0      0x17a Libraries\STM32F10x_StdPeriph_Driver\src\stm32f10x_can.o
                0x080008e0                CAN_Receive
 .text.CAN_ITConfig
                0x08000a5a       0x3a Libraries\STM32F10x_StdPeriph_Driver\src\stm32f10x_can.o
                0x08000a5a                CAN_ITConfig
 .text.EXTI_ClearITPendingBit
                0x08000a94       0x1c Libraries\STM32F10x_StdPeriph_Driver\src\stm32f10x_exti.o
                0x08000a94                EXTI_ClearITPendingBit
 .text.GPIO_Init
                0x08000ab0      0x178 Libraries\STM32F10x_StdPeriph_Driver\src\stm32f10x_gpio.o
                0x08000ab0                GPIO_Init
 .text.GPIO_ReadInputDataBit
                0x08000c28       0x32 Libraries\STM32F10x_StdPeriph_Driver\src\stm32f10x_gpio.o
                0x08000c28                GPIO_ReadInputDataBit
 .text.GPIO_WriteBit
                0x08000c5a       0x2e Libraries\STM32F10x_StdPeriph_Driver\src\stm32f10x_gpio.o
                0x08000c5a                GPIO_WriteBit
 .text.IWDG_WriteAccessCmd
                0x08000c88       0x20 Libraries\STM32F10x_StdPeriph_Driver\src\stm32f10x_iwdg.o
                0x08000c88                IWDG_WriteAccessCmd
 .text.IWDG_SetPrescaler
                0x08000ca8       0x20 Libraries\STM32F10x_StdPeriph_Driver\src\stm32f10x_iwdg.o
                0x08000ca8                IWDG_SetPrescaler
 .text.IWDG_SetReload
                0x08000cc8       0x20 Libraries\STM32F10x_StdPeriph_Driver\src\stm32f10x_iwdg.o
                0x08000cc8                IWDG_SetReload
 .text.IWDG_ReloadCounter
                0x08000ce8       0x18 Libraries\STM32F10x_StdPeriph_Driver\src\stm32f10x_iwdg.o
                0x08000ce8                IWDG_ReloadCounter
 .text.IWDG_Enable
                0x08000d00       0x18 Libraries\STM32F10x_StdPeriph_Driver\src\stm32f10x_iwdg.o
                0x08000d00                IWDG_Enable
 .text.PWR_BackupAccessCmd
                0x08000d18       0x20 Libraries\STM32F10x_StdPeriph_Driver\src\stm32f10x_pwr.o
                0x08000d18                PWR_BackupAccessCmd
 .text.RCC_ADCCLKConfig
                0x08000d38       0x38 Libraries\STM32F10x_StdPeriph_Driver\src\stm32f10x_rcc.o
                0x08000d38                RCC_ADCCLKConfig
 .text.RCC_RTCCLKConfig
                0x08000d70       0x24 Libraries\STM32F10x_StdPeriph_Driver\src\stm32f10x_rcc.o
                0x08000d70                RCC_RTCCLKConfig
 .text.RCC_RTCCLKCmd
                0x08000d94       0x20 Libraries\STM32F10x_StdPeriph_Driver\src\stm32f10x_rcc.o
                0x08000d94                RCC_RTCCLKCmd
 .text.RCC_GetClocksFreq
                0x08000db4      0x160 Libraries\STM32F10x_StdPeriph_Driver\src\stm32f10x_rcc.o
                0x08000db4                RCC_GetClocksFreq
 .text.RCC_APB2PeriphClockCmd
                0x08000f14       0x3c Libraries\STM32F10x_StdPeriph_Driver\src\stm32f10x_rcc.o
                0x08000f14                RCC_APB2PeriphClockCmd
 .text.RCC_APB1PeriphClockCmd
                0x08000f50       0x3c Libraries\STM32F10x_StdPeriph_Driver\src\stm32f10x_rcc.o
                0x08000f50                RCC_APB1PeriphClockCmd
 .text.RCC_APB2PeriphResetCmd
                0x08000f8c       0x3c Libraries\STM32F10x_StdPeriph_Driver\src\stm32f10x_rcc.o
                0x08000f8c                RCC_APB2PeriphResetCmd
 .text.RCC_APB1PeriphResetCmd
                0x08000fc8       0x3c Libraries\STM32F10x_StdPeriph_Driver\src\stm32f10x_rcc.o
                0x08000fc8                RCC_APB1PeriphResetCmd
 .text.RTC_ITConfig
                0x08001004       0x4c Libraries\STM32F10x_StdPeriph_Driver\src\stm32f10x_rtc.o
                0x08001004                RTC_ITConfig
 .text.RTC_EnterConfigMode
                0x08001050       0x20 Libraries\STM32F10x_StdPeriph_Driver\src\stm32f10x_rtc.o
                0x08001050                RTC_EnterConfigMode
 .text.RTC_ExitConfigMode
                0x08001070       0x20 Libraries\STM32F10x_StdPeriph_Driver\src\stm32f10x_rtc.o
                0x08001070                RTC_ExitConfigMode
 .text.RTC_SetPrescaler
                0x08001090       0x34 Libraries\STM32F10x_StdPeriph_Driver\src\stm32f10x_rtc.o
                0x08001090                RTC_SetPrescaler
 .text.RTC_WaitForLastTask
                0x080010c4       0x20 Libraries\STM32F10x_StdPeriph_Driver\src\stm32f10x_rtc.o
                0x080010c4                RTC_WaitForLastTask
 .text.RTC_WaitForSynchro
                0x080010e4       0x30 Libraries\STM32F10x_StdPeriph_Driver\src\stm32f10x_rtc.o
                0x080010e4                RTC_WaitForSynchro
 .text.RTC_GetITStatus
                0x08001114       0x50 Libraries\STM32F10x_StdPeriph_Driver\src\stm32f10x_rtc.o
                0x08001114                RTC_GetITStatus
 .text.RTC_ClearITPendingBit
                0x08001164       0x2c Libraries\STM32F10x_StdPeriph_Driver\src\stm32f10x_rtc.o
                0x08001164                RTC_ClearITPendingBit
 .text.TIM_TimeBaseInit
                0x08001190       0xf8 Libraries\STM32F10x_StdPeriph_Driver\src\stm32f10x_tim.o
                0x08001190                TIM_TimeBaseInit
 .text.TIM_OC1Init
                0x08001288      0x118 Libraries\STM32F10x_StdPeriph_Driver\src\stm32f10x_tim.o
                0x08001288                TIM_OC1Init
 .text.TIM_OC2Init
                0x080013a0      0x110 Libraries\STM32F10x_StdPeriph_Driver\src\stm32f10x_tim.o
                0x080013a0                TIM_OC2Init
 .text.TIM_OC3Init
                0x080014b0      0x10c Libraries\STM32F10x_StdPeriph_Driver\src\stm32f10x_tim.o
                0x080014b0                TIM_OC3Init
 .text.TIM_OC4Init
                0x080015bc       0xd0 Libraries\STM32F10x_StdPeriph_Driver\src\stm32f10x_tim.o
                0x080015bc                TIM_OC4Init
 .text.TIM_Cmd  0x0800168c       0x3e Libraries\STM32F10x_StdPeriph_Driver\src\stm32f10x_tim.o
                0x0800168c                TIM_Cmd
 .text.TIM_CtrlPWMOutputs
                0x080016ca       0x4a Libraries\STM32F10x_StdPeriph_Driver\src\stm32f10x_tim.o
                0x080016ca                TIM_CtrlPWMOutputs
 .text.TIM_ARRPreloadConfig
                0x08001714       0x3e Libraries\STM32F10x_StdPeriph_Driver\src\stm32f10x_tim.o
                0x08001714                TIM_ARRPreloadConfig
 .text.TIM_OC1PreloadConfig
                0x08001752       0x36 Libraries\STM32F10x_StdPeriph_Driver\src\stm32f10x_tim.o
                0x08001752                TIM_OC1PreloadConfig
 .text.TIM_OC2PreloadConfig
                0x08001788       0x3a Libraries\STM32F10x_StdPeriph_Driver\src\stm32f10x_tim.o
                0x08001788                TIM_OC2PreloadConfig
 .text.TIM_OC3PreloadConfig
                0x080017c2       0x36 Libraries\STM32F10x_StdPeriph_Driver\src\stm32f10x_tim.o
                0x080017c2                TIM_OC3PreloadConfig
 .text.TIM_OC4PreloadConfig
                0x080017f8       0x3a Libraries\STM32F10x_StdPeriph_Driver\src\stm32f10x_tim.o
                0x080017f8                TIM_OC4PreloadConfig
 *fill*         0x08001832        0x2 
 .text.USART_DeInit
                0x08001834       0xb8 Libraries\STM32F10x_StdPeriph_Driver\src\stm32f10x_usart.o
                0x08001834                USART_DeInit
 .text.USART_Init
                0x080018ec      0x174 Libraries\STM32F10x_StdPeriph_Driver\src\stm32f10x_usart.o
                0x080018ec                USART_Init
 .text.USART_Cmd
                0x08001a60       0x3e Libraries\STM32F10x_StdPeriph_Driver\src\stm32f10x_usart.o
                0x08001a60                USART_Cmd
 .text.USART_ITConfig
                0x08001a9e       0x8e Libraries\STM32F10x_StdPeriph_Driver\src\stm32f10x_usart.o
                0x08001a9e                USART_ITConfig
 .text.USART_SendData
                0x08001b2c       0x22 Libraries\STM32F10x_StdPeriph_Driver\src\stm32f10x_usart.o
                0x08001b2c                USART_SendData
 .text.USART_ReceiveData
                0x08001b4e       0x1e Libraries\STM32F10x_StdPeriph_Driver\src\stm32f10x_usart.o
                0x08001b4e                USART_ReceiveData
 .text.USART_GetFlagStatus
                0x08001b6c       0x36 Libraries\STM32F10x_StdPeriph_Driver\src\stm32f10x_usart.o
                0x08001b6c                USART_GetFlagStatus
 .text.USART_GetITStatus
                0x08001ba2       0xb4 Libraries\STM32F10x_StdPeriph_Driver\src\stm32f10x_usart.o
                0x08001ba2                USART_GetITStatus
 .text.USART_ClearITPendingBit
                0x08001c56       0x38 Libraries\STM32F10x_StdPeriph_Driver\src\stm32f10x_usart.o
                0x08001c56                USART_ClearITPendingBit
 *fill*         0x08001c8e        0x2 
 .text.NVIC_SystemReset
                0x08001c90       0x28 Servers\Servers.o
 .text.Analysys
                0x08001cb8      0x174 Servers\Servers.o
                0x08001cb8                Analysys
 .text.set_Pri  0x08001e2c       0x2e Servers\Servers.o
                0x08001e2c                set_Pri
 *fill*         0x08001e5a        0x2 
 .text.Analysys_ID
                0x08001e5c      0x128 Servers\Servers.o
                0x08001e5c                Analysys_ID
 .text.get_pack_currentPack
                0x08001f84       0x60 Servers\Servers.o
                0x08001f84                get_pack_currentPack
 .text.Analysys_DATA
                0x08001fe4      0x5bc Servers\Servers.o
                0x08001fe4                Analysys_DATA
 .text.iscontants
                0x080025a0       0xb0 Servers\Servers.o
                0x080025a0                iscontants
 .text.send_cmd
                0x08002650       0x3c Servers\Servers.o
                0x08002650                send_cmd
 .text.check_receives
                0x0800268c       0xd4 Servers\Servers.o
                0x0800268c                check_receives
 .text.BC28_RESET
                0x08002760       0x30 Servers\Servers.o
                0x08002760                BC28_RESET
 .text.BC28_Init
                0x08002790      0x1e4 Servers\Servers.o
                0x08002790                BC28_Init
 .text.pack_to_aliyun
                0x08002974      0x1d0 Servers\Servers.o
                0x08002974                pack_to_aliyun
 .text.writeUTC
                0x08002b44       0x5e Servers\Servers.o
                0x08002b44                writeUTC
 .text.writeL   0x08002ba2       0x3c Servers\Servers.o
                0x08002ba2                writeL
 .text.clearStr
                0x08002bde       0x34 Servers\Servers.o
                0x08002bde                clearStr
 .text.nvic_init
                0x08002c12       0x10 UserLib\Gen\GenLib.o
                0x08002c12                nvic_init
 *fill*         0x08002c22        0x2 
 .text.usart_1_init
                0x08002c24       0xb8 UserLib\Gen\GenLib.o
                0x08002c24                usart_1_init
 .text.usart_3_init
                0x08002cdc       0xb4 UserLib\Gen\GenLib.o
                0x08002cdc                usart_3_init
 .text.USART2_IRQHandler
                0x08002d90       0x68 UserLib\Gen\GenLib.o
                0x08002d90                USART2_IRQHandler
 .text.RTC_1s_it_init
                0x08002df8       0x72 UserLib\Gen\GenLib.o
                0x08002df8                RTC_1s_it_init
 *fill*         0x08002e6a        0x2 
 .text.RTC_Handler
                0x08002e6c       0x1c UserLib\Gen\GenLib.o
                0x08002e6c                RTC_Handler
 .text.RTC_IRQHandler
                0x08002e88       0x34 UserLib\Gen\GenLib.o
                0x08002e88                RTC_IRQHandler
 .text.delay_us
                0x08002ebc       0x3c UserLib\Gen\GenLib.o
                0x08002ebc                delay_us
 .text.adc_init
                0x08002ef8       0xd8 UserLib\Gen\GenLib.o
                0x08002ef8                adc_init
 .text.pinModeB
                0x08002fd0      0x114 UserLib\Gen\GenLib.o
                0x08002fd0                pinModeB
 .text.pinModeC
                0x080030e4      0x130 UserLib\Gen\GenLib.o
                0x080030e4                pinModeC
 .text.CAN_INIT
                0x08003214       0x78 UserLib\Gen\GenLib.o
                0x08003214                CAN_INIT
 .text.CAN_IT_INIT
                0x0800328c       0x90 UserLib\Gen\GenLib.o
                0x0800328c                CAN_IT_INIT
 .text.USB_LP_CAN1_RX0_IRQHandler
                0x0800331c       0x2c UserLib\Gen\GenLib.o
                0x0800331c                USB_LP_CAN1_RX0_IRQHandler
 .text.EXTI0_IRQHandler
                0x08003348       0x14 UserLib\keys\keys.o
                0x08003348                EXTI0_IRQHandler
 .text.EXTI1_IRQHandler
                0x0800335c       0x14 UserLib\keys\keys.o
                0x0800335c                EXTI1_IRQHandler
 .text.EXTI2_IRQHandler
                0x08003370       0x4c UserLib\keys\keys.o
                0x08003370                EXTI2_IRQHandler
 .text.EXTI9_5_IRQHandler
                0x080033bc       0x48 UserLib\keys\keys.o
                0x080033bc                EXTI9_5_IRQHandler
 .text.EXTI15_10_IRQHandler
                0x08003404       0x16 UserLib\keys\keys.o
                0x08003404                EXTI15_10_IRQHandler
 .text.IWDG_Config
                0x0800341a       0x38 src\main.o
                0x0800341a                IWDG_Config
 .text.IWDG_Feed
                0x08003452        0xc src\main.o
                0x08003452                IWDG_Feed
 *fill*         0x0800345e        0x2 
 .text.time_break_function
                0x08003460       0x38 src\main.o
                0x08003460                time_break_function
 .text.main     0x08003498      0x1c8 src\main.o
                0x08003498                main
 .text.USART1_IRQHandler
                0x08003660       0xc0 src\main.o
                0x08003660                USART1_IRQHandler
 .text.USART3_IRQHandler
                0x08003720       0xdc src\main.o
                0x08003720                USART3_IRQHandler
 .text.anaGPS   0x080037fc      0x258 src\main.o
                0x080037fc                anaGPS
 .text.Reset_Handler
                0x08003a54       0x50 src\startup_stm32f10x_hd.o
                0x08003a54                Reset_Handler
 .text.Default_Handler
                0x08003aa4        0x2 src\startup_stm32f10x_hd.o
                0x08003aa4                TIM8_TRG_COM_IRQHandler
                0x08003aa4                TIM8_CC_IRQHandler
                0x08003aa4                TIM1_CC_IRQHandler
                0x08003aa4                TIM6_IRQHandler
                0x08003aa4                PVD_IRQHandler
                0x08003aa4                SDIO_IRQHandler
                0x08003aa4                EXTI3_IRQHandler
                0x08003aa4                I2C2_EV_IRQHandler
                0x08003aa4                ADC1_2_IRQHandler
                0x08003aa4                SPI1_IRQHandler
                0x08003aa4                TAMPER_IRQHandler
                0x08003aa4                TIM8_UP_IRQHandler
                0x08003aa4                DMA2_Channel2_IRQHandler
                0x08003aa4                DMA1_Channel4_IRQHandler
                0x08003aa4                DMA1_Channel7_IRQHandler
                0x08003aa4                CAN1_RX1_IRQHandler
                0x08003aa4                UART5_IRQHandler
                0x08003aa4                ADC3_IRQHandler
                0x08003aa4                TIM4_IRQHandler
                0x08003aa4                DMA2_Channel1_IRQHandler
                0x08003aa4                I2C1_EV_IRQHandler
                0x08003aa4                DMA1_Channel6_IRQHandler
                0x08003aa4                UART4_IRQHandler
                0x08003aa4                TIM3_IRQHandler
                0x08003aa4                RCC_IRQHandler
                0x08003aa4                TIM1_TRG_COM_IRQHandler
                0x08003aa4                DMA1_Channel1_IRQHandler
                0x08003aa4                Default_Handler
                0x08003aa4                TIM7_IRQHandler
                0x08003aa4                TIM5_IRQHandler
                0x08003aa4                SPI2_IRQHandler
                0x08003aa4                DMA1_Channel5_IRQHandler
                0x08003aa4                EXTI4_IRQHandler
                0x08003aa4                USB_HP_CAN1_TX_IRQHandler
                0x08003aa4                DMA1_Channel3_IRQHandler
                0x08003aa4                FSMC_IRQHandler
                0x08003aa4                TIM1_UP_IRQHandler
                0x08003aa4                WWDG_IRQHandler
                0x08003aa4                TIM2_IRQHandler
                0x08003aa4                TIM1_BRK_IRQHandler
                0x08003aa4                RTCAlarm_IRQHandler
                0x08003aa4                DMA2_Channel4_5_IRQHandler
                0x08003aa4                I2C2_ER_IRQHandler
                0x08003aa4                DMA1_Channel2_IRQHandler
                0x08003aa4                TIM8_BRK_IRQHandler
                0x08003aa4                CAN1_SCE_IRQHandler
                0x08003aa4                FLASH_IRQHandler
                0x08003aa4                SPI3_IRQHandler
                0x08003aa4                I2C1_ER_IRQHandler
                0x08003aa4                USBWakeUp_IRQHandler
                0x08003aa4                DMA2_Channel3_IRQHandler
 .text.NMI_Handler
                0x08003aa6        0xc src\stm32f1xx_it.o
                0x08003aa6                NMI_Handler
 .text.HardFault_Handler
                0x08003ab2        0x6 src\stm32f1xx_it.o
                0x08003ab2                HardFault_Handler
 .text.MemManage_Handler
                0x08003ab8        0x6 src\stm32f1xx_it.o
                0x08003ab8                MemManage_Handler
 .text.BusFault_Handler
                0x08003abe        0x6 src\stm32f1xx_it.o
                0x08003abe                BusFault_Handler
 .text.UsageFault_Handler
                0x08003ac4        0x6 src\stm32f1xx_it.o
                0x08003ac4                UsageFault_Handler
 .text.SVC_Handler
                0x08003aca        0xc src\stm32f1xx_it.o
                0x08003aca                SVC_Handler
 .text.DebugMon_Handler
                0x08003ad6        0xc src\stm32f1xx_it.o
                0x08003ad6                DebugMon_Handler
 .text.PendSV_Handler
                0x08003ae2        0xc src\stm32f1xx_it.o
                0x08003ae2                PendSV_Handler
 .text.SysTick_Handler
                0x08003aee        0xc src\stm32f1xx_it.o
                0x08003aee                SysTick_Handler
 *fill*         0x08003afa        0x2 
 .text._write   0x08003afc       0x5c src\syscalls.o
                0x08003afc                _write
 .text.SystemInit
                0x08003b58       0x68 src\system_stm32f10x.o
                0x08003b58                SystemInit
 .text.SetSysClock
                0x08003bc0        0xc src\system_stm32f10x.o
 .text.SetSysClockTo72
                0x08003bcc      0x100 src\system_stm32f10x.o
 .text.ts_itoa  0x08003ccc       0x90 src\tiny_printf.o
                0x08003ccc                ts_itoa
 .text.ts_formatstring
                0x08003d5c      0x12e src\tiny_printf.o
                0x08003d5c                ts_formatstring
 *fill*         0x08003e8a        0x2 
 .text.ts_formatlength
                0x08003e8c      0x12c src\tiny_printf.o
                0x08003e8c                ts_formatlength
 .text.iprintf  0x08003fb8       0x92 src\tiny_printf.o
                0x08003fb8                iprintf
                0x08003fb8                printf
 *fill*         0x0800404a        0x2 
 .text.puts     0x0800404c       0x58 src\tiny_printf.o
                0x0800404c                puts
 .text.__libc_init_array
                0x080040a4       0x48 c:/program files (x86)/atollic/truestudio for stm32 9.3.0/armtools/bin/../lib/gcc/arm-atollic-eabi/6.3.1/../../../../arm-atollic-eabi/lib/armv7-m\libc.a(lib_a-init.o)
                0x080040a4                __libc_init_array
 *(.glue_7)
 .glue_7        0x080040ec        0x0 linker stubs
 *(.glue_7t)
 .glue_7t       0x080040ec        0x0 linker stubs
 *(.eh_frame)
 .eh_frame      0x080040ec        0x0 c:/program files (x86)/atollic/truestudio for stm32 9.3.0/armtools/bin/../lib/gcc/arm-atollic-eabi/6.3.1/armv7-m/crtbegin.o
 *(.init)
 .init          0x080040ec        0x4 c:/program files (x86)/atollic/truestudio for stm32 9.3.0/armtools/bin/../lib/gcc/arm-atollic-eabi/6.3.1/armv7-m/crti.o
                0x080040ec                _init
 .init          0x080040f0        0x8 c:/program files (x86)/atollic/truestudio for stm32 9.3.0/armtools/bin/../lib/gcc/arm-atollic-eabi/6.3.1/armv7-m/crtn.o
 *(.fini)
 .fini          0x080040f8        0x4 c:/program files (x86)/atollic/truestudio for stm32 9.3.0/armtools/bin/../lib/gcc/arm-atollic-eabi/6.3.1/armv7-m/crti.o
                0x080040f8                _fini
 .fini          0x080040fc        0x8 c:/program files (x86)/atollic/truestudio for stm32 9.3.0/armtools/bin/../lib/gcc/arm-atollic-eabi/6.3.1/armv7-m/crtn.o
                0x08004104                . = ALIGN (0x4)
                0x08004104                _etext = .

.vfp11_veneer   0x08004104        0x0
 .vfp11_veneer  0x08004104        0x0 linker stubs

.v4_bx          0x08004104        0x0
 .v4_bx         0x08004104        0x0 linker stubs

.iplt           0x08004104        0x0
 .iplt          0x08004104        0x0 c:/program files (x86)/atollic/truestudio for stm32 9.3.0/armtools/bin/../lib/gcc/arm-atollic-eabi/6.3.1/armv7-m/crtbegin.o

.rodata         0x08004104      0x2b4
                0x08004104                . = ALIGN (0x4)
 *(.rodata)
 .rodata        0x08004104      0x2af Servers\Servers.o
 *fill*         0x080043b3        0x1 
 .rodata        0x080043b4        0x2 src\tiny_printf.o
 *(.rodata*)
                0x080043b8                . = ALIGN (0x4)
 *fill*         0x080043b6        0x2 

.rel.dyn        0x080043b8        0x0
 .rel.iplt      0x080043b8        0x0 c:/program files (x86)/atollic/truestudio for stm32 9.3.0/armtools/bin/../lib/gcc/arm-atollic-eabi/6.3.1/armv7-m/crtbegin.o

.ARM.extab
 *(.ARM.extab* .gnu.linkonce.armextab.*)

.ARM            0x080043b8        0x0
                0x080043b8                __exidx_start = .
 *(.ARM.exidx*)
                0x080043b8                __exidx_end = .

.preinit_array  0x080043b8        0x0
                0x080043b8                PROVIDE (__preinit_array_start, .)
 *(.preinit_array*)
                0x080043b8                PROVIDE (__preinit_array_end, .)

.init_array     0x080043b8        0x4
                0x080043b8                PROVIDE (__init_array_start, .)
 *(SORT(.init_array.*))
 *(.init_array*)
 .init_array    0x080043b8        0x4 c:/program files (x86)/atollic/truestudio for stm32 9.3.0/armtools/bin/../lib/gcc/arm-atollic-eabi/6.3.1/armv7-m/crtbegin.o
                0x080043bc                PROVIDE (__init_array_end, .)

.fini_array     0x080043bc        0x4
                [!provide]                PROVIDE (__fini_array_start, .)
 *(SORT(.fini_array.*))
 *(.fini_array*)
 .fini_array    0x080043bc        0x4 c:/program files (x86)/atollic/truestudio for stm32 9.3.0/armtools/bin/../lib/gcc/arm-atollic-eabi/6.3.1/armv7-m/crtbegin.o
                [!provide]                PROVIDE (__fini_array_end, .)
                0x080043c0                _sidata = LOADADDR (.data)

.data           0x20000000       0x20 load address 0x080043c0
                0x20000000                . = ALIGN (0x4)
                0x20000000                _sdata = .
 *(.data)
 *(.data*)
 .data.APBAHBPrescTable
                0x20000000       0x10 Libraries\STM32F10x_StdPeriph_Driver\src\stm32f10x_rcc.o
 .data.ADCPrescTable
                0x20000010        0x4 Libraries\STM32F10x_StdPeriph_Driver\src\stm32f10x_rcc.o
 .data.GPSINIT  0x20000014        0xb src\main.o
                0x20000014                GPSINIT
                0x20000020                . = ALIGN (0x4)
 *fill*         0x2000001f        0x1 
                0x20000020                _edata = .

.igot.plt       0x20000020        0x0 load address 0x080043e0
 .igot.plt      0x20000020        0x0 c:/program files (x86)/atollic/truestudio for stm32 9.3.0/armtools/bin/../lib/gcc/arm-atollic-eabi/6.3.1/armv7-m/crtbegin.o
                0x20000020                . = ALIGN (0x4)

.bss            0x20000020     0x40c8 load address 0x080043e0
                0x20000020                _sbss = .
                0x20000020                __bss_start__ = _sbss
 *(.bss)
 .bss           0x20000020       0x1c c:/program files (x86)/atollic/truestudio for stm32 9.3.0/armtools/bin/../lib/gcc/arm-atollic-eabi/6.3.1/armv7-m/crtbegin.o
 *(.bss*)
 .bss.adcinit_flag
                0x2000003c        0x1 UserLib\Gen\GenLib.o
 .bss.pwminit_flag_B
                0x2000003d        0x1 UserLib\Gen\GenLib.o
 .bss.pwminit_flag_C
                0x2000003e        0x1 UserLib\Gen\GenLib.o
 .bss.CANerr    0x2000003f        0x1 src\main.o
                0x2000003f                CANerr
 .bss.GPSerr    0x20000040        0x1 src\main.o
                0x20000040                GPSerr
 *fill*         0x20000041        0x3 
 .bss.time_count
                0x20000044        0x4 src\main.o
                0x20000044                time_count
 .bss.x_axis    0x20000048        0x1 src\main.o
                0x20000048                x_axis
 .bss.y_axis    0x20000049        0x1 src\main.o
                0x20000049                y_axis
 .bss.cmd_axis  0x2000004a        0x1 src\main.o
                0x2000004a                cmd_axis
 *fill*         0x2000004b        0x1 
 .bss.count     0x2000004c        0x4 src\main.o
                0x2000004c                count
 .bss.GPSDATA   0x20000050       0x2e src\main.o
                0x20000050                GPSDATA
 *fill*         0x2000007e        0x2 
 .bss.gps_count
                0x20000080        0x4 src\main.o
                0x20000080                gps_count
 .bss.can_count
                0x20000084        0x4 src\main.o
                0x20000084                can_count
 .bss.counts    0x20000088        0x4 src\main.o
                0x20000088                counts
 .bss.reachD    0x2000008c        0x1 src\main.o
                0x2000008c                reachD
 *fill*         0x2000008d        0x3 
 .bss.num.8656  0x20000090        0x4 src\main.o
 *(COMMON)
 COMMON         0x20000094        0x8 Servers\Servers.o
                0x20000094                ID_INFOs
 COMMON         0x2000009c      0x42a UserLib\Gen\GenLib.o
                0x2000009c                TIM_TimeBaseStructure
                0x200000a6                DB3
                0x200000a8                systick_handler
                0x200000ac                DC3
                0x200000ae                pwm_freq_B
                0x200000b0                Uart1_RX_Buffer
                0x200002a8                DB4
                0x200002a9                DC1
                0x200002ac                TIM_OCInitStructure
                0x200002bc                DB2
                0x200002c0                GPIO_InitStruct
                0x200002c4                DB1
                0x200002c5                DC4
                0x200002c6                DC2
                0x200002c8                Uart2_RX_Buffer
                0x200004c0                function_handler
                0x200004c4                pwm_freq_C
 *fill*         0x200004c6        0x2 
 COMMON         0x200004c8       0x14 UserLib\keys\keys.o
                0x200004c8                e2_right_handler
                0x200004cc                e1_left_handler
                0x200004d0                e2_left_handler
                0x200004d4                e1_right_handler
                0x200004d8                NVIC_InitStructure
 COMMON         0x200004dc     0x3c08 src\main.o
                0x200004dc                Pack5
                0x200004fc                Pack2
                0x20000528                datas
                0x2000058c                GpstempChar
                0x20000590                GpsCharToConvert
                0x200005a4                receives
                0x2000403c                Pack4
                0x2000405c                Pack1
                0x2000408c                Pack7
                0x200040a0                Pack3
                0x200040cc                Pack6
 COMMON         0x200040e4        0x4 c:/program files (x86)/atollic/truestudio for stm32 9.3.0/armtools/bin/../lib/gcc/arm-atollic-eabi/6.3.1/../../../../arm-atollic-eabi/lib/armv7-m\libc.a(lib_a-reent.o)
                0x200040e4                errno
                0x200040e8                . = ALIGN (0x4)
                0x200040e8                _ebss = .
                0x200040e8                __bss_end__ = _ebss

._user_heap_stack
                0x200040e8      0x200 load address 0x080043e0
                0x200040e8                . = ALIGN (0x4)
                0x200040e8                PROVIDE (end, .)
                [!provide]                PROVIDE (_end, .)
                0x200040e8                . = (. + _Min_Heap_Size)
                0x200042e8                . = (. + _Min_Stack_Size)
 *fill*         0x200040e8      0x200 
                0x200042e8                . = ALIGN (0x4)

.memory_b1_text
 *(.mb1text)
 *(.mb1text*)
 *(.mb1rodata)
 *(.mb1rodata*)

/DISCARD/
 libc.a(*)
 libm.a(*)
 libgcc.a(*)

.ARM.attributes
                0x00000000       0x29
 *(.ARM.attributes)
 .ARM.attributes
                0x00000000       0x1d c:/program files (x86)/atollic/truestudio for stm32 9.3.0/armtools/bin/../lib/gcc/arm-atollic-eabi/6.3.1/armv7-m/crti.o
 .ARM.attributes
                0x0000001d       0x2d c:/program files (x86)/atollic/truestudio for stm32 9.3.0/armtools/bin/../lib/gcc/arm-atollic-eabi/6.3.1/armv7-m/crtbegin.o
 .ARM.attributes
                0x0000004a       0x33 Libraries\STM32F10x_StdPeriph_Driver\src\misc.o
 .ARM.attributes
                0x0000007d       0x33 Libraries\STM32F10x_StdPeriph_Driver\src\stm32f10x_adc.o
 .ARM.attributes
                0x000000b0       0x33 Libraries\STM32F10x_StdPeriph_Driver\src\stm32f10x_can.o
 .ARM.attributes
                0x000000e3       0x33 Libraries\STM32F10x_StdPeriph_Driver\src\stm32f10x_exti.o
 .ARM.attributes
                0x00000116       0x33 Libraries\STM32F10x_StdPeriph_Driver\src\stm32f10x_gpio.o
 .ARM.attributes
                0x00000149       0x33 Libraries\STM32F10x_StdPeriph_Driver\src\stm32f10x_iwdg.o
 .ARM.attributes
                0x0000017c       0x33 Libraries\STM32F10x_StdPeriph_Driver\src\stm32f10x_pwr.o
 .ARM.attributes
                0x000001af       0x33 Libraries\STM32F10x_StdPeriph_Driver\src\stm32f10x_rcc.o
 .ARM.attributes
                0x000001e2       0x33 Libraries\STM32F10x_StdPeriph_Driver\src\stm32f10x_rtc.o
 .ARM.attributes
                0x00000215       0x33 Libraries\STM32F10x_StdPeriph_Driver\src\stm32f10x_tim.o
 .ARM.attributes
                0x00000248       0x33 Libraries\STM32F10x_StdPeriph_Driver\src\stm32f10x_usart.o
 .ARM.attributes
                0x0000027b       0x33 Servers\Servers.o
 .ARM.attributes
                0x000002ae       0x33 UserLib\Gen\GenLib.o
 .ARM.attributes
                0x000002e1       0x33 UserLib\keys\keys.o
 .ARM.attributes
                0x00000314       0x33 src\main.o
 .ARM.attributes
                0x00000347       0x21 src\startup_stm32f10x_hd.o
 .ARM.attributes
                0x00000368       0x33 src\stm32f1xx_it.o
 .ARM.attributes
                0x0000039b       0x33 src\syscalls.o
 .ARM.attributes
                0x000003ce       0x33 src\system_stm32f10x.o
 .ARM.attributes
                0x00000401       0x33 src\tiny_printf.o
 .ARM.attributes
                0x00000434       0x2d c:/program files (x86)/atollic/truestudio for stm32 9.3.0/armtools/bin/../lib/gcc/arm-atollic-eabi/6.3.1/../../../../arm-atollic-eabi/lib/armv7-m\libc.a(lib_a-init.o)
 .ARM.attributes
                0x00000461       0x2d c:/program files (x86)/atollic/truestudio for stm32 9.3.0/armtools/bin/../lib/gcc/arm-atollic-eabi/6.3.1/../../../../arm-atollic-eabi/lib/armv7-m\libc.a(lib_a-reent.o)
 .ARM.attributes
                0x0000048e       0x17 c:/program files (x86)/atollic/truestudio for stm32 9.3.0/armtools/bin/../lib/gcc/arm-atollic-eabi/6.3.1/../../../../arm-atollic-eabi/lib/armv7-m\libc.a(lib_a-strlen.o)
 .ARM.attributes
                0x000004a5       0x1d c:/program files (x86)/atollic/truestudio for stm32 9.3.0/armtools/bin/../lib/gcc/arm-atollic-eabi/6.3.1/armv7-m/crtn.o
OUTPUT(AgriculturalEquipment.elf elf32-littlearm)

.debug_info     0x00000000     0xe245
 .debug_info    0x00000000      0x54d Libraries\STM32F10x_StdPeriph_Driver\src\misc.o
 .debug_info    0x0000054d      0xb87 Libraries\STM32F10x_StdPeriph_Driver\src\stm32f10x_adc.o
 .debug_info    0x000010d4      0xbaf Libraries\STM32F10x_StdPeriph_Driver\src\stm32f10x_can.o
 .debug_info    0x00001c83      0x360 Libraries\STM32F10x_StdPeriph_Driver\src\stm32f10x_exti.o
 .debug_info    0x00001fe3      0x701 Libraries\STM32F10x_StdPeriph_Driver\src\stm32f10x_gpio.o
 .debug_info    0x000026e4      0x219 Libraries\STM32F10x_StdPeriph_Driver\src\stm32f10x_iwdg.o
 .debug_info    0x000028fd      0x4ae Libraries\STM32F10x_StdPeriph_Driver\src\stm32f10x_pwr.o
 .debug_info    0x00002dab      0x8b2 Libraries\STM32F10x_StdPeriph_Driver\src\stm32f10x_rcc.o
 .debug_info    0x0000365d      0x466 Libraries\STM32F10x_StdPeriph_Driver\src\stm32f10x_rtc.o
 .debug_info    0x00003ac3     0x1c6b Libraries\STM32F10x_StdPeriph_Driver\src\stm32f10x_tim.o
 .debug_info    0x0000572e      0x9fb Libraries\STM32F10x_StdPeriph_Driver\src\stm32f10x_usart.o
 .debug_info    0x00006129     0x1569 Servers\Servers.o
 .debug_info    0x00007692     0x25fd UserLib\Gen\GenLib.o
 .debug_info    0x00009c8f      0xe3b UserLib\keys\keys.o
 .debug_info    0x0000aaca     0x13c5 src\main.o
 .debug_info    0x0000be8f       0x77 src\startup_stm32f10x_hd.o
 .debug_info    0x0000bf06      0x154 src\stm32f1xx_it.o
 .debug_info    0x0000c05a     0x10b3 src\syscalls.o
 .debug_info    0x0000d10d      0x4a7 src\system_stm32f10x.o
 .debug_info    0x0000d5b4      0xc91 src\tiny_printf.o

.debug_abbrev   0x00000000     0x2501
 .debug_abbrev  0x00000000      0x172 Libraries\STM32F10x_StdPeriph_Driver\src\misc.o
 .debug_abbrev  0x00000172      0x1ab Libraries\STM32F10x_StdPeriph_Driver\src\stm32f10x_adc.o
 .debug_abbrev  0x0000031d      0x206 Libraries\STM32F10x_StdPeriph_Driver\src\stm32f10x_can.o
 .debug_abbrev  0x00000523      0x168 Libraries\STM32F10x_StdPeriph_Driver\src\stm32f10x_exti.o
 .debug_abbrev  0x0000068b      0x1dd Libraries\STM32F10x_StdPeriph_Driver\src\stm32f10x_gpio.o
 .debug_abbrev  0x00000868      0x12e Libraries\STM32F10x_StdPeriph_Driver\src\stm32f10x_iwdg.o
 .debug_abbrev  0x00000996      0x194 Libraries\STM32F10x_StdPeriph_Driver\src\stm32f10x_pwr.o
 .debug_abbrev  0x00000b2a      0x1cf Libraries\STM32F10x_StdPeriph_Driver\src\stm32f10x_rcc.o
 .debug_abbrev  0x00000cf9      0x1a0 Libraries\STM32F10x_StdPeriph_Driver\src\stm32f10x_rtc.o
 .debug_abbrev  0x00000e99      0x1c3 Libraries\STM32F10x_StdPeriph_Driver\src\stm32f10x_tim.o
 .debug_abbrev  0x0000105c      0x18f Libraries\STM32F10x_StdPeriph_Driver\src\stm32f10x_usart.o
 .debug_abbrev  0x000011eb      0x319 Servers\Servers.o
 .debug_abbrev  0x00001504      0x413 UserLib\Gen\GenLib.o
 .debug_abbrev  0x00001917      0x277 UserLib\keys\keys.o
 .debug_abbrev  0x00001b8e      0x292 src\main.o
 .debug_abbrev  0x00001e20       0x12 src\startup_stm32f10x_hd.o
 .debug_abbrev  0x00001e32       0x78 src\stm32f1xx_it.o
 .debug_abbrev  0x00001eaa      0x287 src\syscalls.o
 .debug_abbrev  0x00002131      0x16e src\system_stm32f10x.o
 .debug_abbrev  0x0000229f      0x262 src\tiny_printf.o

.debug_aranges  0x00000000      0xe38
 .debug_aranges
                0x00000000       0x40 Libraries\STM32F10x_StdPeriph_Driver\src\misc.o
 .debug_aranges
                0x00000040      0x138 Libraries\STM32F10x_StdPeriph_Driver\src\stm32f10x_adc.o
 .debug_aranges
                0x00000178       0xe0 Libraries\STM32F10x_StdPeriph_Driver\src\stm32f10x_can.o
 .debug_aranges
                0x00000258       0x58 Libraries\STM32F10x_StdPeriph_Driver\src\stm32f10x_exti.o
 .debug_aranges
                0x000002b0       0xa8 Libraries\STM32F10x_StdPeriph_Driver\src\stm32f10x_gpio.o
 .debug_aranges
                0x00000358       0x48 Libraries\STM32F10x_StdPeriph_Driver\src\stm32f10x_iwdg.o
 .debug_aranges
                0x000003a0       0x60 Libraries\STM32F10x_StdPeriph_Driver\src\stm32f10x_pwr.o
 .debug_aranges
                0x00000400      0x118 Libraries\STM32F10x_StdPeriph_Driver\src\stm32f10x_rcc.o
 .debug_aranges
                0x00000518       0x88 Libraries\STM32F10x_StdPeriph_Driver\src\stm32f10x_rtc.o
 .debug_aranges
                0x000005a0      0x2f0 Libraries\STM32F10x_StdPeriph_Driver\src\stm32f10x_tim.o
 .debug_aranges
                0x00000890      0x100 Libraries\STM32F10x_StdPeriph_Driver\src\stm32f10x_usart.o
 .debug_aranges
                0x00000990       0x90 Servers\Servers.o
 .debug_aranges
                0x00000a20      0x188 UserLib\Gen\GenLib.o
 .debug_aranges
                0x00000ba8       0x70 UserLib\keys\keys.o
 .debug_aranges
                0x00000c18       0x50 src\main.o
 .debug_aranges
                0x00000c68       0x28 src\startup_stm32f10x_hd.o
 .debug_aranges
                0x00000c90       0x60 src\stm32f1xx_it.o
 .debug_aranges
                0x00000cf0       0xb0 src\syscalls.o
 .debug_aranges
                0x00000da0       0x38 src\system_stm32f10x.o
 .debug_aranges
                0x00000dd8       0x60 src\tiny_printf.o

.debug_ranges   0x00000000      0xd00
 .debug_ranges  0x00000000       0x30 Libraries\STM32F10x_StdPeriph_Driver\src\misc.o
 .debug_ranges  0x00000030      0x128 Libraries\STM32F10x_StdPeriph_Driver\src\stm32f10x_adc.o
 .debug_ranges  0x00000158       0xd0 Libraries\STM32F10x_StdPeriph_Driver\src\stm32f10x_can.o
 .debug_ranges  0x00000228       0x48 Libraries\STM32F10x_StdPeriph_Driver\src\stm32f10x_exti.o
 .debug_ranges  0x00000270       0x98 Libraries\STM32F10x_StdPeriph_Driver\src\stm32f10x_gpio.o
 .debug_ranges  0x00000308       0x38 Libraries\STM32F10x_StdPeriph_Driver\src\stm32f10x_iwdg.o
 .debug_ranges  0x00000340       0x50 Libraries\STM32F10x_StdPeriph_Driver\src\stm32f10x_pwr.o
 .debug_ranges  0x00000390      0x108 Libraries\STM32F10x_StdPeriph_Driver\src\stm32f10x_rcc.o
 .debug_ranges  0x00000498       0x78 Libraries\STM32F10x_StdPeriph_Driver\src\stm32f10x_rtc.o
 .debug_ranges  0x00000510      0x2e0 Libraries\STM32F10x_StdPeriph_Driver\src\stm32f10x_tim.o
 .debug_ranges  0x000007f0       0xf0 Libraries\STM32F10x_StdPeriph_Driver\src\stm32f10x_usart.o
 .debug_ranges  0x000008e0       0x80 Servers\Servers.o
 .debug_ranges  0x00000960      0x178 UserLib\Gen\GenLib.o
 .debug_ranges  0x00000ad8       0x60 UserLib\keys\keys.o
 .debug_ranges  0x00000b38       0x40 src\main.o
 .debug_ranges  0x00000b78       0x20 src\startup_stm32f10x_hd.o
 .debug_ranges  0x00000b98       0x50 src\stm32f1xx_it.o
 .debug_ranges  0x00000be8       0xa0 src\syscalls.o
 .debug_ranges  0x00000c88       0x28 src\system_stm32f10x.o
 .debug_ranges  0x00000cb0       0x50 src\tiny_printf.o

.debug_line     0x00000000     0x555a
 .debug_line    0x00000000      0x25c Libraries\STM32F10x_StdPeriph_Driver\src\misc.o
 .debug_line    0x0000025c      0x553 Libraries\STM32F10x_StdPeriph_Driver\src\stm32f10x_adc.o
 .debug_line    0x000007af      0x583 Libraries\STM32F10x_StdPeriph_Driver\src\stm32f10x_can.o
 .debug_line    0x00000d32      0x2bf Libraries\STM32F10x_StdPeriph_Driver\src\stm32f10x_exti.o
 .debug_line    0x00000ff1      0x3e9 Libraries\STM32F10x_StdPeriph_Driver\src\stm32f10x_gpio.o
 .debug_line    0x000013da      0x22f Libraries\STM32F10x_StdPeriph_Driver\src\stm32f10x_iwdg.o
 .debug_line    0x00001609      0x299 Libraries\STM32F10x_StdPeriph_Driver\src\stm32f10x_pwr.o
 .debug_line    0x000018a2      0x4e4 Libraries\STM32F10x_StdPeriph_Driver\src\stm32f10x_rcc.o
 .debug_line    0x00001d86      0x2ee Libraries\STM32F10x_StdPeriph_Driver\src\stm32f10x_rtc.o
 .debug_line    0x00002074      0xb69 Libraries\STM32F10x_StdPeriph_Driver\src\stm32f10x_tim.o
 .debug_line    0x00002bdd      0x4cb Libraries\STM32F10x_StdPeriph_Driver\src\stm32f10x_usart.o
 .debug_line    0x000030a8      0x666 Servers\Servers.o
 .debug_line    0x0000370e      0x9bf UserLib\Gen\GenLib.o
 .debug_line    0x000040cd      0x40c UserLib\keys\keys.o
 .debug_line    0x000044d9      0x47c src\main.o
 .debug_line    0x00004955       0x7c src\startup_stm32f10x_hd.o
 .debug_line    0x000049d1      0x230 src\stm32f1xx_it.o
 .debug_line    0x00004c01      0x450 src\syscalls.o
 .debug_line    0x00005051      0x24a src\system_stm32f10x.o
 .debug_line    0x0000529b      0x2bf src\tiny_printf.o

.debug_str      0x00000000     0x41cd
 .debug_str     0x00000000      0x3da Libraries\STM32F10x_StdPeriph_Driver\src\misc.o
                                0x42e (size before relaxing)
 .debug_str     0x000003da      0x546 Libraries\STM32F10x_StdPeriph_Driver\src\stm32f10x_adc.o
                                0x76b (size before relaxing)
 .debug_str     0x00000920      0x529 Libraries\STM32F10x_StdPeriph_Driver\src\stm32f10x_can.o
                                0x79e (size before relaxing)
 .debug_str     0x00000e49      0x1c0 Libraries\STM32F10x_StdPeriph_Driver\src\stm32f10x_exti.o
                                0x3b9 (size before relaxing)
 .debug_str     0x00001009      0x377 Libraries\STM32F10x_StdPeriph_Driver\src\stm32f10x_gpio.o
                                0x589 (size before relaxing)
 .debug_str     0x00001380       0xdb Libraries\STM32F10x_StdPeriph_Driver\src\stm32f10x_iwdg.o
                                0x2cc (size before relaxing)
 .debug_str     0x0000145b      0x11b Libraries\STM32F10x_StdPeriph_Driver\src\stm32f10x_pwr.o
                                0x392 (size before relaxing)
 .debug_str     0x00001576      0x44d Libraries\STM32F10x_StdPeriph_Driver\src\stm32f10x_rcc.o
                                0x68a (size before relaxing)
 .debug_str     0x000019c3      0x1c7 Libraries\STM32F10x_StdPeriph_Driver\src\stm32f10x_rtc.o
                                0x41e (size before relaxing)
 .debug_str     0x00001b8a      0xb76 Libraries\STM32F10x_StdPeriph_Driver\src\stm32f10x_tim.o
                                0xe4d (size before relaxing)
 .debug_str     0x00002700      0x423 Libraries\STM32F10x_StdPeriph_Driver\src\stm32f10x_usart.o
                                0x700 (size before relaxing)
 .debug_str     0x00002b23      0x771 Servers\Servers.o
                                0xa4d (size before relaxing)
 .debug_str     0x00003294      0x8ce UserLib\Gen\GenLib.o
                               0x17cc (size before relaxing)
 .debug_str     0x00003b62      0x14d UserLib\keys\keys.o
                                0xd6d (size before relaxing)
 .debug_str     0x00003caf      0x12a src\main.o
                                0xaee (size before relaxing)
 .debug_str     0x00003dd9       0xa6 src\stm32f1xx_it.o
                                0x24f (size before relaxing)
 .debug_str     0x00003e7f      0x23a src\syscalls.o
                                0x8fc (size before relaxing)
 .debug_str     0x000040b9       0x7b src\system_stm32f10x.o
                                0x32b (size before relaxing)
 .debug_str     0x00004134       0x99 src\tiny_printf.o
                                0x65b (size before relaxing)

.comment        0x00000000       0x7c
 .comment       0x00000000       0x7c Libraries\STM32F10x_StdPeriph_Driver\src\misc.o
                                 0x7d (size before relaxing)
 .comment       0x0000007c       0x7d Libraries\STM32F10x_StdPeriph_Driver\src\stm32f10x_adc.o
 .comment       0x0000007c       0x7d Libraries\STM32F10x_StdPeriph_Driver\src\stm32f10x_can.o
 .comment       0x0000007c       0x7d Libraries\STM32F10x_StdPeriph_Driver\src\stm32f10x_exti.o
 .comment       0x0000007c       0x7d Libraries\STM32F10x_StdPeriph_Driver\src\stm32f10x_gpio.o
 .comment       0x0000007c       0x7d Libraries\STM32F10x_StdPeriph_Driver\src\stm32f10x_iwdg.o
 .comment       0x0000007c       0x7d Libraries\STM32F10x_StdPeriph_Driver\src\stm32f10x_pwr.o
 .comment       0x0000007c       0x7d Libraries\STM32F10x_StdPeriph_Driver\src\stm32f10x_rcc.o
 .comment       0x0000007c       0x7d Libraries\STM32F10x_StdPeriph_Driver\src\stm32f10x_rtc.o
 .comment       0x0000007c       0x7d Libraries\STM32F10x_StdPeriph_Driver\src\stm32f10x_tim.o
 .comment       0x0000007c       0x7d Libraries\STM32F10x_StdPeriph_Driver\src\stm32f10x_usart.o
 .comment       0x0000007c       0x7d Servers\Servers.o
 .comment       0x0000007c       0x7d UserLib\Gen\GenLib.o
 .comment       0x0000007c       0x7d UserLib\keys\keys.o
 .comment       0x0000007c       0x7d src\main.o
 .comment       0x0000007c       0x7d src\stm32f1xx_it.o
 .comment       0x0000007c       0x7d src\syscalls.o
 .comment       0x0000007c       0x7d src\system_stm32f10x.o
 .comment       0x0000007c       0x7d src\tiny_printf.o

.debug_frame    0x00000000     0x3cf8
 .debug_frame   0x00000000       0xd8 Libraries\STM32F10x_StdPeriph_Driver\src\misc.o
 .debug_frame   0x000000d8      0x5a4 Libraries\STM32F10x_StdPeriph_Driver\src\stm32f10x_adc.o
 .debug_frame   0x0000067c      0x3f0 Libraries\STM32F10x_StdPeriph_Driver\src\stm32f10x_can.o
 .debug_frame   0x00000a6c      0x148 Libraries\STM32F10x_StdPeriph_Driver\src\stm32f10x_exti.o
 .debug_frame   0x00000bb4      0x2d0 Libraries\STM32F10x_StdPeriph_Driver\src\stm32f10x_gpio.o
 .debug_frame   0x00000e84       0xf0 Libraries\STM32F10x_StdPeriph_Driver\src\stm32f10x_iwdg.o
 .debug_frame   0x00000f74      0x164 Libraries\STM32F10x_StdPeriph_Driver\src\stm32f10x_pwr.o
 .debug_frame   0x000010d8      0x4f4 Libraries\STM32F10x_StdPeriph_Driver\src\stm32f10x_rcc.o
 .debug_frame   0x000015cc      0x214 Libraries\STM32F10x_StdPeriph_Driver\src\stm32f10x_rtc.o
 .debug_frame   0x000017e0      0xe2c Libraries\STM32F10x_StdPeriph_Driver\src\stm32f10x_tim.o
 .debug_frame   0x0000260c      0x490 Libraries\STM32F10x_StdPeriph_Driver\src\stm32f10x_usart.o
 .debug_frame   0x00002a9c      0x260 Servers\Servers.o
 .debug_frame   0x00002cfc      0x6ac UserLib\Gen\GenLib.o
 .debug_frame   0x000033a8      0x184 UserLib\keys\keys.o
 .debug_frame   0x0000352c       0xfc src\main.o
 .debug_frame   0x00003628      0x110 src\stm32f1xx_it.o
 .debug_frame   0x00003738      0x2e4 src\syscalls.o
 .debug_frame   0x00003a1c       0x98 src\system_stm32f10x.o
 .debug_frame   0x00003ab4      0x1bc src\tiny_printf.o
 .debug_frame   0x00003c70       0x2c c:/program files (x86)/atollic/truestudio for stm32 9.3.0/armtools/bin/../lib/gcc/arm-atollic-eabi/6.3.1/../../../../arm-atollic-eabi/lib/armv7-m\libc.a(lib_a-init.o)
 .debug_frame   0x00003c9c       0x5c c:/program files (x86)/atollic/truestudio for stm32 9.3.0/armtools/bin/../lib/gcc/arm-atollic-eabi/6.3.1/../../../../arm-atollic-eabi/lib/armv7-m\libc.a(lib_a-reent.o)

Cross Reference Table

Symbol                                            File
ADC1_2_IRQHandler                                 src\startup_stm32f10x_hd.o
ADC3_IRQHandler                                   src\startup_stm32f10x_hd.o
ADC_AnalogWatchdogCmd                             Libraries\STM32F10x_StdPeriph_Driver\src\stm32f10x_adc.o
ADC_AnalogWatchdogSingleChannelConfig             Libraries\STM32F10x_StdPeriph_Driver\src\stm32f10x_adc.o
ADC_AnalogWatchdogThresholdsConfig                Libraries\STM32F10x_StdPeriph_Driver\src\stm32f10x_adc.o
ADC_AutoInjectedConvCmd                           Libraries\STM32F10x_StdPeriph_Driver\src\stm32f10x_adc.o
ADC_ClearFlag                                     Libraries\STM32F10x_StdPeriph_Driver\src\stm32f10x_adc.o
ADC_ClearITPendingBit                             Libraries\STM32F10x_StdPeriph_Driver\src\stm32f10x_adc.o
ADC_Cmd                                           Libraries\STM32F10x_StdPeriph_Driver\src\stm32f10x_adc.o
                                                  UserLib\Gen\GenLib.o
ADC_DMACmd                                        Libraries\STM32F10x_StdPeriph_Driver\src\stm32f10x_adc.o
ADC_DeInit                                        Libraries\STM32F10x_StdPeriph_Driver\src\stm32f10x_adc.o
                                                  UserLib\Gen\GenLib.o
ADC_DiscModeChannelCountConfig                    Libraries\STM32F10x_StdPeriph_Driver\src\stm32f10x_adc.o
ADC_DiscModeCmd                                   Libraries\STM32F10x_StdPeriph_Driver\src\stm32f10x_adc.o
ADC_ExternalTrigConvCmd                           Libraries\STM32F10x_StdPeriph_Driver\src\stm32f10x_adc.o
ADC_ExternalTrigInjectedConvCmd                   Libraries\STM32F10x_StdPeriph_Driver\src\stm32f10x_adc.o
ADC_ExternalTrigInjectedConvConfig                Libraries\STM32F10x_StdPeriph_Driver\src\stm32f10x_adc.o
ADC_GetCalibrationStatus                          Libraries\STM32F10x_StdPeriph_Driver\src\stm32f10x_adc.o
                                                  UserLib\Gen\GenLib.o
ADC_GetConversionValue                            Libraries\STM32F10x_StdPeriph_Driver\src\stm32f10x_adc.o
                                                  UserLib\Gen\GenLib.o
ADC_GetDualModeConversionValue                    Libraries\STM32F10x_StdPeriph_Driver\src\stm32f10x_adc.o
ADC_GetFlagStatus                                 Libraries\STM32F10x_StdPeriph_Driver\src\stm32f10x_adc.o
                                                  UserLib\Gen\GenLib.o
ADC_GetITStatus                                   Libraries\STM32F10x_StdPeriph_Driver\src\stm32f10x_adc.o
ADC_GetInjectedConversionValue                    Libraries\STM32F10x_StdPeriph_Driver\src\stm32f10x_adc.o
ADC_GetResetCalibrationStatus                     Libraries\STM32F10x_StdPeriph_Driver\src\stm32f10x_adc.o
                                                  UserLib\Gen\GenLib.o
ADC_GetSoftwareStartConvStatus                    Libraries\STM32F10x_StdPeriph_Driver\src\stm32f10x_adc.o
ADC_GetSoftwareStartInjectedConvCmdStatus         Libraries\STM32F10x_StdPeriph_Driver\src\stm32f10x_adc.o
ADC_ITConfig                                      Libraries\STM32F10x_StdPeriph_Driver\src\stm32f10x_adc.o
ADC_Init                                          Libraries\STM32F10x_StdPeriph_Driver\src\stm32f10x_adc.o
                                                  UserLib\Gen\GenLib.o
ADC_InjectedChannelConfig                         Libraries\STM32F10x_StdPeriph_Driver\src\stm32f10x_adc.o
ADC_InjectedDiscModeCmd                           Libraries\STM32F10x_StdPeriph_Driver\src\stm32f10x_adc.o
ADC_InjectedSequencerLengthConfig                 Libraries\STM32F10x_StdPeriph_Driver\src\stm32f10x_adc.o
ADC_RegularChannelConfig                          Libraries\STM32F10x_StdPeriph_Driver\src\stm32f10x_adc.o
                                                  UserLib\Gen\GenLib.o
ADC_ResetCalibration                              Libraries\STM32F10x_StdPeriph_Driver\src\stm32f10x_adc.o
                                                  UserLib\Gen\GenLib.o
ADC_SetInjectedOffset                             Libraries\STM32F10x_StdPeriph_Driver\src\stm32f10x_adc.o
ADC_SoftwareStartConvCmd                          Libraries\STM32F10x_StdPeriph_Driver\src\stm32f10x_adc.o
                                                  UserLib\Gen\GenLib.o
ADC_SoftwareStartInjectedConvCmd                  Libraries\STM32F10x_StdPeriph_Driver\src\stm32f10x_adc.o
ADC_StartCalibration                              Libraries\STM32F10x_StdPeriph_Driver\src\stm32f10x_adc.o
                                                  UserLib\Gen\GenLib.o
ADC_StructInit                                    Libraries\STM32F10x_StdPeriph_Driver\src\stm32f10x_adc.o
ADC_TempSensorVrefintCmd                          Libraries\STM32F10x_StdPeriph_Driver\src\stm32f10x_adc.o
AHBPrescTable                                     src\system_stm32f10x.o
Analysys                                          Servers\Servers.o
                                                  UserLib\Gen\GenLib.o
Analysys_DATA                                     Servers\Servers.o
Analysys_ID                                       Servers\Servers.o
BC28_Init                                         Servers\Servers.o
                                                  src\main.o
BC28_RESET                                        Servers\Servers.o
BKP_ClearFlag                                     Libraries\STM32F10x_StdPeriph_Driver\src\stm32f10x_bkp.o
BKP_ClearITPendingBit                             Libraries\STM32F10x_StdPeriph_Driver\src\stm32f10x_bkp.o
BKP_DeInit                                        Libraries\STM32F10x_StdPeriph_Driver\src\stm32f10x_bkp.o
BKP_GetFlagStatus                                 Libraries\STM32F10x_StdPeriph_Driver\src\stm32f10x_bkp.o
BKP_GetITStatus                                   Libraries\STM32F10x_StdPeriph_Driver\src\stm32f10x_bkp.o
BKP_ITConfig                                      Libraries\STM32F10x_StdPeriph_Driver\src\stm32f10x_bkp.o
BKP_RTCOutputConfig                               Libraries\STM32F10x_StdPeriph_Driver\src\stm32f10x_bkp.o
BKP_ReadBackupRegister                            Libraries\STM32F10x_StdPeriph_Driver\src\stm32f10x_bkp.o
BKP_SetRTCCalibrationValue                        Libraries\STM32F10x_StdPeriph_Driver\src\stm32f10x_bkp.o
BKP_TamperPinCmd                                  Libraries\STM32F10x_StdPeriph_Driver\src\stm32f10x_bkp.o
BKP_TamperPinLevelConfig                          Libraries\STM32F10x_StdPeriph_Driver\src\stm32f10x_bkp.o
BKP_WriteBackupRegister                           Libraries\STM32F10x_StdPeriph_Driver\src\stm32f10x_bkp.o
BusFault_Handler                                  src\stm32f1xx_it.o
                                                  src\startup_stm32f10x_hd.o
CAN1_RX1_IRQHandler                               src\startup_stm32f10x_hd.o
CAN1_SCE_IRQHandler                               src\startup_stm32f10x_hd.o
CAN_CancelTransmit                                Libraries\STM32F10x_StdPeriph_Driver\src\stm32f10x_can.o
CAN_ClearFlag                                     Libraries\STM32F10x_StdPeriph_Driver\src\stm32f10x_can.o
CAN_ClearITPendingBit                             Libraries\STM32F10x_StdPeriph_Driver\src\stm32f10x_can.o
CAN_DBGFreeze                                     Libraries\STM32F10x_StdPeriph_Driver\src\stm32f10x_can.o
CAN_DeInit                                        Libraries\STM32F10x_StdPeriph_Driver\src\stm32f10x_can.o
                                                  UserLib\Gen\GenLib.o
CAN_FIFORelease                                   Libraries\STM32F10x_StdPeriph_Driver\src\stm32f10x_can.o
CAN_FilterInit                                    Libraries\STM32F10x_StdPeriph_Driver\src\stm32f10x_can.o
                                                  UserLib\Gen\GenLib.o
CAN_GetFlagStatus                                 Libraries\STM32F10x_StdPeriph_Driver\src\stm32f10x_can.o
CAN_GetITStatus                                   Libraries\STM32F10x_StdPeriph_Driver\src\stm32f10x_can.o
CAN_GetLSBTransmitErrorCounter                    Libraries\STM32F10x_StdPeriph_Driver\src\stm32f10x_can.o
CAN_GetLastErrorCode                              Libraries\STM32F10x_StdPeriph_Driver\src\stm32f10x_can.o
CAN_GetReceiveErrorCounter                        Libraries\STM32F10x_StdPeriph_Driver\src\stm32f10x_can.o
CAN_INIT                                          UserLib\Gen\GenLib.o
                                                  src\main.o
CAN_ITConfig                                      Libraries\STM32F10x_StdPeriph_Driver\src\stm32f10x_can.o
                                                  UserLib\Gen\GenLib.o
CAN_IT_INIT                                       UserLib\Gen\GenLib.o
                                                  src\main.o
CAN_IT_SEND                                       UserLib\Gen\GenLib.o
CAN_Init                                          Libraries\STM32F10x_StdPeriph_Driver\src\stm32f10x_can.o
                                                  UserLib\Gen\GenLib.o
CAN_MessagePending                                Libraries\STM32F10x_StdPeriph_Driver\src\stm32f10x_can.o
                                                  UserLib\Gen\GenLib.o
CAN_OperatingModeRequest                          Libraries\STM32F10x_StdPeriph_Driver\src\stm32f10x_can.o
CAN_POLLING_INIT                                  UserLib\Gen\GenLib.o
CAN_POLLING_REC                                   UserLib\Gen\GenLib.o
CAN_POLLING_SEND                                  UserLib\Gen\GenLib.o
CAN_Receive                                       Libraries\STM32F10x_StdPeriph_Driver\src\stm32f10x_can.o
                                                  UserLib\Gen\GenLib.o
CAN_SlaveStartBank                                Libraries\STM32F10x_StdPeriph_Driver\src\stm32f10x_can.o
CAN_Sleep                                         Libraries\STM32F10x_StdPeriph_Driver\src\stm32f10x_can.o
CAN_StructInit                                    Libraries\STM32F10x_StdPeriph_Driver\src\stm32f10x_can.o
                                                  UserLib\Gen\GenLib.o
CAN_TTComModeCmd                                  Libraries\STM32F10x_StdPeriph_Driver\src\stm32f10x_can.o
CAN_Transmit                                      Libraries\STM32F10x_StdPeriph_Driver\src\stm32f10x_can.o
                                                  UserLib\Gen\GenLib.o
CAN_TransmitStatus                                Libraries\STM32F10x_StdPeriph_Driver\src\stm32f10x_can.o
                                                  UserLib\Gen\GenLib.o
CAN_WakeUp                                        Libraries\STM32F10x_StdPeriph_Driver\src\stm32f10x_can.o
CANerr                                            src\main.o
                                                  Servers\Servers.o
CEC_ClearFlag                                     Libraries\STM32F10x_StdPeriph_Driver\src\stm32f10x_cec.o
CEC_ClearITPendingBit                             Libraries\STM32F10x_StdPeriph_Driver\src\stm32f10x_cec.o
CEC_Cmd                                           Libraries\STM32F10x_StdPeriph_Driver\src\stm32f10x_cec.o
CEC_DeInit                                        Libraries\STM32F10x_StdPeriph_Driver\src\stm32f10x_cec.o
CEC_EndOfMessageCmd                               Libraries\STM32F10x_StdPeriph_Driver\src\stm32f10x_cec.o
CEC_GetFlagStatus                                 Libraries\STM32F10x_StdPeriph_Driver\src\stm32f10x_cec.o
CEC_GetITStatus                                   Libraries\STM32F10x_StdPeriph_Driver\src\stm32f10x_cec.o
CEC_ITConfig                                      Libraries\STM32F10x_StdPeriph_Driver\src\stm32f10x_cec.o
CEC_Init                                          Libraries\STM32F10x_StdPeriph_Driver\src\stm32f10x_cec.o
CEC_OwnAddressConfig                              Libraries\STM32F10x_StdPeriph_Driver\src\stm32f10x_cec.o
CEC_ReceiveDataByte                               Libraries\STM32F10x_StdPeriph_Driver\src\stm32f10x_cec.o
CEC_SendDataByte                                  Libraries\STM32F10x_StdPeriph_Driver\src\stm32f10x_cec.o
CEC_SetPrescaler                                  Libraries\STM32F10x_StdPeriph_Driver\src\stm32f10x_cec.o
CEC_StartOfMessage                                Libraries\STM32F10x_StdPeriph_Driver\src\stm32f10x_cec.o
CRC_CalcBlockCRC                                  Libraries\STM32F10x_StdPeriph_Driver\src\stm32f10x_crc.o
CRC_CalcCRC                                       Libraries\STM32F10x_StdPeriph_Driver\src\stm32f10x_crc.o
CRC_GetCRC                                        Libraries\STM32F10x_StdPeriph_Driver\src\stm32f10x_crc.o
CRC_GetIDRegister                                 Libraries\STM32F10x_StdPeriph_Driver\src\stm32f10x_crc.o
CRC_ResetDR                                       Libraries\STM32F10x_StdPeriph_Driver\src\stm32f10x_crc.o
CRC_SetIDRegister                                 Libraries\STM32F10x_StdPeriph_Driver\src\stm32f10x_crc.o
DAC_Cmd                                           Libraries\STM32F10x_StdPeriph_Driver\src\stm32f10x_dac.o
                                                  UserLib\Gen\GenLib.o
DAC_DMACmd                                        Libraries\STM32F10x_StdPeriph_Driver\src\stm32f10x_dac.o
DAC_DeInit                                        Libraries\STM32F10x_StdPeriph_Driver\src\stm32f10x_dac.o
DAC_DualSoftwareTriggerCmd                        Libraries\STM32F10x_StdPeriph_Driver\src\stm32f10x_dac.o
DAC_GetDataOutputValue                            Libraries\STM32F10x_StdPeriph_Driver\src\stm32f10x_dac.o
DAC_Init                                          Libraries\STM32F10x_StdPeriph_Driver\src\stm32f10x_dac.o
                                                  UserLib\Gen\GenLib.o
DAC_SetChannel1Data                               Libraries\STM32F10x_StdPeriph_Driver\src\stm32f10x_dac.o
                                                  UserLib\Gen\GenLib.o
DAC_SetChannel2Data                               Libraries\STM32F10x_StdPeriph_Driver\src\stm32f10x_dac.o
                                                  UserLib\Gen\GenLib.o
DAC_SetDualChannelData                            Libraries\STM32F10x_StdPeriph_Driver\src\stm32f10x_dac.o
DAC_SoftwareTriggerCmd                            Libraries\STM32F10x_StdPeriph_Driver\src\stm32f10x_dac.o
DAC_StructInit                                    Libraries\STM32F10x_StdPeriph_Driver\src\stm32f10x_dac.o
DAC_WaveGenerationCmd                             Libraries\STM32F10x_StdPeriph_Driver\src\stm32f10x_dac.o
DB1                                               UserLib\Gen\GenLib.o
DB2                                               UserLib\Gen\GenLib.o
DB3                                               UserLib\Gen\GenLib.o
DB4                                               UserLib\Gen\GenLib.o
DBGMCU_Config                                     Libraries\STM32F10x_StdPeriph_Driver\src\stm32f10x_dbgmcu.o
DBGMCU_GetDEVID                                   Libraries\STM32F10x_StdPeriph_Driver\src\stm32f10x_dbgmcu.o
DBGMCU_GetREVID                                   Libraries\STM32F10x_StdPeriph_Driver\src\stm32f10x_dbgmcu.o
DC1                                               UserLib\Gen\GenLib.o
DC2                                               UserLib\Gen\GenLib.o
DC3                                               UserLib\Gen\GenLib.o
DC4                                               UserLib\Gen\GenLib.o
DMA1_Channel1_IRQHandler                          src\startup_stm32f10x_hd.o
DMA1_Channel2_IRQHandler                          src\startup_stm32f10x_hd.o
DMA1_Channel3_IRQHandler                          src\startup_stm32f10x_hd.o
DMA1_Channel4_IRQHandler                          src\startup_stm32f10x_hd.o
DMA1_Channel5_IRQHandler                          src\startup_stm32f10x_hd.o
DMA1_Channel6_IRQHandler                          src\startup_stm32f10x_hd.o
DMA1_Channel7_IRQHandler                          src\startup_stm32f10x_hd.o
DMA2_Channel1_IRQHandler                          src\startup_stm32f10x_hd.o
DMA2_Channel2_IRQHandler                          src\startup_stm32f10x_hd.o
DMA2_Channel3_IRQHandler                          src\startup_stm32f10x_hd.o
DMA2_Channel4_5_IRQHandler                        src\startup_stm32f10x_hd.o
DMA_ClearFlag                                     Libraries\STM32F10x_StdPeriph_Driver\src\stm32f10x_dma.o
DMA_ClearITPendingBit                             Libraries\STM32F10x_StdPeriph_Driver\src\stm32f10x_dma.o
DMA_Cmd                                           Libraries\STM32F10x_StdPeriph_Driver\src\stm32f10x_dma.o
DMA_DeInit                                        Libraries\STM32F10x_StdPeriph_Driver\src\stm32f10x_dma.o
DMA_GetCurrDataCounter                            Libraries\STM32F10x_StdPeriph_Driver\src\stm32f10x_dma.o
DMA_GetFlagStatus                                 Libraries\STM32F10x_StdPeriph_Driver\src\stm32f10x_dma.o
DMA_GetITStatus                                   Libraries\STM32F10x_StdPeriph_Driver\src\stm32f10x_dma.o
DMA_ITConfig                                      Libraries\STM32F10x_StdPeriph_Driver\src\stm32f10x_dma.o
DMA_Init                                          Libraries\STM32F10x_StdPeriph_Driver\src\stm32f10x_dma.o
DMA_SetCurrDataCounter                            Libraries\STM32F10x_StdPeriph_Driver\src\stm32f10x_dma.o
DMA_StructInit                                    Libraries\STM32F10x_StdPeriph_Driver\src\stm32f10x_dma.o
DebugMon_Handler                                  src\stm32f1xx_it.o
                                                  src\startup_stm32f10x_hd.o
Default_Handler                                   src\startup_stm32f10x_hd.o
DutyCycleB                                        UserLib\Gen\GenLib.o
DutyCycleC                                        UserLib\Gen\GenLib.o
E1_turn_left                                      UserLib\keys\keys.o
E1_turn_right                                     UserLib\keys\keys.o
E2_turn_left                                      UserLib\keys\keys.o
E2_turn_right                                     UserLib\keys\keys.o
EC11_init                                         UserLib\keys\keys.o
ERDI                                              UserLib\SPI_FLASH\SPI_FLASH.o
EXTI0_IRQHandler                                  UserLib\keys\keys.o
EXTI15_10_IRQHandler                              UserLib\keys\keys.o
EXTI1_IRQHandler                                  UserLib\keys\keys.o
EXTI2_IRQHandler                                  UserLib\keys\keys.o
EXTI3_IRQHandler                                  src\startup_stm32f10x_hd.o
EXTI4_IRQHandler                                  src\startup_stm32f10x_hd.o
EXTI9_5_IRQHandler                                UserLib\keys\keys.o
EXTI_ClearFlag                                    Libraries\STM32F10x_StdPeriph_Driver\src\stm32f10x_exti.o
EXTI_ClearITPendingBit                            Libraries\STM32F10x_StdPeriph_Driver\src\stm32f10x_exti.o
                                                  UserLib\keys\keys.o
EXTI_DeInit                                       Libraries\STM32F10x_StdPeriph_Driver\src\stm32f10x_exti.o
EXTI_GenerateSWInterrupt                          Libraries\STM32F10x_StdPeriph_Driver\src\stm32f10x_exti.o
EXTI_GetFlagStatus                                Libraries\STM32F10x_StdPeriph_Driver\src\stm32f10x_exti.o
EXTI_GetITStatus                                  Libraries\STM32F10x_StdPeriph_Driver\src\stm32f10x_exti.o
EXTI_Init                                         Libraries\STM32F10x_StdPeriph_Driver\src\stm32f10x_exti.o
                                                  UserLib\keys\keys.o
EXTI_StructInit                                   Libraries\STM32F10x_StdPeriph_Driver\src\stm32f10x_exti.o
F6x8                                              UserLib\oled\oled.o
F8X16                                             UserLib\oled\oled.o
FLASH_ClearFlag                                   Libraries\STM32F10x_StdPeriph_Driver\src\stm32f10x_flash.o
                                                  UserLib\Gen\GenLib.o
FLASH_EnableWriteProtection                       Libraries\STM32F10x_StdPeriph_Driver\src\stm32f10x_flash.o
FLASH_EraseAllBank1Pages                          Libraries\STM32F10x_StdPeriph_Driver\src\stm32f10x_flash.o
FLASH_EraseAllPages                               Libraries\STM32F10x_StdPeriph_Driver\src\stm32f10x_flash.o
FLASH_EraseOptionBytes                            Libraries\STM32F10x_StdPeriph_Driver\src\stm32f10x_flash.o
FLASH_ErasePage                                   Libraries\STM32F10x_StdPeriph_Driver\src\stm32f10x_flash.o
                                                  UserLib\Gen\GenLib.o
FLASH_GetBank1Status                              Libraries\STM32F10x_StdPeriph_Driver\src\stm32f10x_flash.o
FLASH_GetFlagStatus                               Libraries\STM32F10x_StdPeriph_Driver\src\stm32f10x_flash.o
FLASH_GetPrefetchBufferStatus                     Libraries\STM32F10x_StdPeriph_Driver\src\stm32f10x_flash.o
FLASH_GetReadOutProtectionStatus                  Libraries\STM32F10x_StdPeriph_Driver\src\stm32f10x_flash.o
FLASH_GetStatus                                   Libraries\STM32F10x_StdPeriph_Driver\src\stm32f10x_flash.o
FLASH_GetUserOptionByte                           Libraries\STM32F10x_StdPeriph_Driver\src\stm32f10x_flash.o
FLASH_GetWriteProtectionOptionByte                Libraries\STM32F10x_StdPeriph_Driver\src\stm32f10x_flash.o
FLASH_HalfCycleAccessCmd                          Libraries\STM32F10x_StdPeriph_Driver\src\stm32f10x_flash.o
FLASH_IRQHandler                                  src\startup_stm32f10x_hd.o
FLASH_ITConfig                                    Libraries\STM32F10x_StdPeriph_Driver\src\stm32f10x_flash.o
FLASH_Lock                                        Libraries\STM32F10x_StdPeriph_Driver\src\stm32f10x_flash.o
                                                  UserLib\Gen\GenLib.o
FLASH_LockBank1                                   Libraries\STM32F10x_StdPeriph_Driver\src\stm32f10x_flash.o
FLASH_PrefetchBufferCmd                           Libraries\STM32F10x_StdPeriph_Driver\src\stm32f10x_flash.o
                                                  UserLib\Gen\GenLib.o
FLASH_ProgramHalfWord                             Libraries\STM32F10x_StdPeriph_Driver\src\stm32f10x_flash.o
                                                  UserLib\Gen\GenLib.o
FLASH_ProgramOptionByteData                       Libraries\STM32F10x_StdPeriph_Driver\src\stm32f10x_flash.o
FLASH_ProgramWord                                 Libraries\STM32F10x_StdPeriph_Driver\src\stm32f10x_flash.o
FLASH_ReadOutProtection                           Libraries\STM32F10x_StdPeriph_Driver\src\stm32f10x_flash.o
FLASH_SetLatency                                  Libraries\STM32F10x_StdPeriph_Driver\src\stm32f10x_flash.o
                                                  UserLib\Gen\GenLib.o
FLASH_Unlock                                      Libraries\STM32F10x_StdPeriph_Driver\src\stm32f10x_flash.o
                                                  UserLib\Gen\GenLib.o
FLASH_UnlockBank1                                 Libraries\STM32F10x_StdPeriph_Driver\src\stm32f10x_flash.o
FLASH_UserOptionByteConfig                        Libraries\STM32F10x_StdPeriph_Driver\src\stm32f10x_flash.o
FLASH_WaitForLastBank1Operation                   Libraries\STM32F10x_StdPeriph_Driver\src\stm32f10x_flash.o
FLASH_WaitForLastOperation                        Libraries\STM32F10x_StdPeriph_Driver\src\stm32f10x_flash.o
FSMC_ClearFlag                                    Libraries\STM32F10x_StdPeriph_Driver\src\stm32f10x_fsmc.o
FSMC_ClearITPendingBit                            Libraries\STM32F10x_StdPeriph_Driver\src\stm32f10x_fsmc.o
FSMC_GetECC                                       Libraries\STM32F10x_StdPeriph_Driver\src\stm32f10x_fsmc.o
FSMC_GetFlagStatus                                Libraries\STM32F10x_StdPeriph_Driver\src\stm32f10x_fsmc.o
FSMC_GetITStatus                                  Libraries\STM32F10x_StdPeriph_Driver\src\stm32f10x_fsmc.o
FSMC_IRQHandler                                   src\startup_stm32f10x_hd.o
FSMC_ITConfig                                     Libraries\STM32F10x_StdPeriph_Driver\src\stm32f10x_fsmc.o
FSMC_NANDCmd                                      Libraries\STM32F10x_StdPeriph_Driver\src\stm32f10x_fsmc.o
FSMC_NANDDeInit                                   Libraries\STM32F10x_StdPeriph_Driver\src\stm32f10x_fsmc.o
FSMC_NANDECCCmd                                   Libraries\STM32F10x_StdPeriph_Driver\src\stm32f10x_fsmc.o
FSMC_NANDInit                                     Libraries\STM32F10x_StdPeriph_Driver\src\stm32f10x_fsmc.o
FSMC_NANDStructInit                               Libraries\STM32F10x_StdPeriph_Driver\src\stm32f10x_fsmc.o
FSMC_NORSRAMCmd                                   Libraries\STM32F10x_StdPeriph_Driver\src\stm32f10x_fsmc.o
FSMC_NORSRAMDeInit                                Libraries\STM32F10x_StdPeriph_Driver\src\stm32f10x_fsmc.o
FSMC_NORSRAMInit                                  Libraries\STM32F10x_StdPeriph_Driver\src\stm32f10x_fsmc.o
FSMC_NORSRAMStructInit                            Libraries\STM32F10x_StdPeriph_Driver\src\stm32f10x_fsmc.o
FSMC_PCCARDCmd                                    Libraries\STM32F10x_StdPeriph_Driver\src\stm32f10x_fsmc.o
FSMC_PCCARDDeInit                                 Libraries\STM32F10x_StdPeriph_Driver\src\stm32f10x_fsmc.o
FSMC_PCCARDInit                                   Libraries\STM32F10x_StdPeriph_Driver\src\stm32f10x_fsmc.o
FSMC_PCCARDStructInit                             Libraries\STM32F10x_StdPeriph_Driver\src\stm32f10x_fsmc.o
FlashRead_16bitbuffer                             UserLib\Gen\GenLib.o
FlashRead_8bitbuffer                              UserLib\Gen\GenLib.o
FlashWrite_16bitbuffer                            UserLib\Gen\GenLib.o
FlashWrite_8bitbuffer                             UserLib\Gen\GenLib.o
Flash_Erase                                       UserLib\Gen\GenLib.o
GPIO_AFIODeInit                                   Libraries\STM32F10x_StdPeriph_Driver\src\stm32f10x_gpio.o
GPIO_DeInit                                       Libraries\STM32F10x_StdPeriph_Driver\src\stm32f10x_gpio.o
GPIO_ETH_MediaInterfaceConfig                     Libraries\STM32F10x_StdPeriph_Driver\src\stm32f10x_gpio.o
GPIO_EXTILineConfig                               Libraries\STM32F10x_StdPeriph_Driver\src\stm32f10x_gpio.o
                                                  UserLib\keys\keys.o
GPIO_EventOutputCmd                               Libraries\STM32F10x_StdPeriph_Driver\src\stm32f10x_gpio.o
GPIO_EventOutputConfig                            Libraries\STM32F10x_StdPeriph_Driver\src\stm32f10x_gpio.o
GPIO_Init                                         Libraries\STM32F10x_StdPeriph_Driver\src\stm32f10x_gpio.o
                                                  UserLib\SPI_FLASH\SPI_FLASH.o
                                                  UserLib\Gen\GenLib.o
GPIO_InitStruct                                   UserLib\Gen\GenLib.o
GPIO_PinLockConfig                                Libraries\STM32F10x_StdPeriph_Driver\src\stm32f10x_gpio.o
GPIO_PinRemapConfig                               Libraries\STM32F10x_StdPeriph_Driver\src\stm32f10x_gpio.o
GPIO_ReadInputData                                Libraries\STM32F10x_StdPeriph_Driver\src\stm32f10x_gpio.o
GPIO_ReadInputDataBit                             Libraries\STM32F10x_StdPeriph_Driver\src\stm32f10x_gpio.o
                                                  UserLib\keys\keys.o
GPIO_ReadOutputData                               Libraries\STM32F10x_StdPeriph_Driver\src\stm32f10x_gpio.o
GPIO_ReadOutputDataBit                            Libraries\STM32F10x_StdPeriph_Driver\src\stm32f10x_gpio.o
GPIO_ResetBits                                    Libraries\STM32F10x_StdPeriph_Driver\src\stm32f10x_gpio.o
                                                  UserLib\SPI_FLASH\SPI_FLASH.o
GPIO_SetBits                                      Libraries\STM32F10x_StdPeriph_Driver\src\stm32f10x_gpio.o
GPIO_StructInit                                   Libraries\STM32F10x_StdPeriph_Driver\src\stm32f10x_gpio.o
GPIO_Write                                        Libraries\STM32F10x_StdPeriph_Driver\src\stm32f10x_gpio.o
GPIO_WriteBit                                     Libraries\STM32F10x_StdPeriph_Driver\src\stm32f10x_gpio.o
                                                  src\main.o
                                                  UserLib\oled\oled.o
                                                  UserLib\SPI_FLASH\SPI_FLASH.o
                                                  Servers\Servers.o
GPSDATA                                           src\main.o
                                                  Servers\Servers.o
GPSINIT                                           src\main.o
GPSerr                                            src\main.o
                                                  Servers\Servers.o
GpsCharToConvert                                  src\main.o
GpstempChar                                       src\main.o
HardFault_Handler                                 src\stm32f1xx_it.o
                                                  src\startup_stm32f10x_hd.o
I2C1_ER_IRQHandler                                src\startup_stm32f10x_hd.o
I2C1_EV_IRQHandler                                src\startup_stm32f10x_hd.o
I2C2_ER_IRQHandler                                src\startup_stm32f10x_hd.o
I2C2_EV_IRQHandler                                src\startup_stm32f10x_hd.o
I2C_ARPCmd                                        Libraries\STM32F10x_StdPeriph_Driver\src\stm32f10x_i2c.o
I2C_AcknowledgeConfig                             Libraries\STM32F10x_StdPeriph_Driver\src\stm32f10x_i2c.o
I2C_CalculatePEC                                  Libraries\STM32F10x_StdPeriph_Driver\src\stm32f10x_i2c.o
I2C_CheckEvent                                    Libraries\STM32F10x_StdPeriph_Driver\src\stm32f10x_i2c.o
I2C_ClearFlag                                     Libraries\STM32F10x_StdPeriph_Driver\src\stm32f10x_i2c.o
I2C_ClearITPendingBit                             Libraries\STM32F10x_StdPeriph_Driver\src\stm32f10x_i2c.o
I2C_Cmd                                           Libraries\STM32F10x_StdPeriph_Driver\src\stm32f10x_i2c.o
I2C_DMACmd                                        Libraries\STM32F10x_StdPeriph_Driver\src\stm32f10x_i2c.o
I2C_DMALastTransferCmd                            Libraries\STM32F10x_StdPeriph_Driver\src\stm32f10x_i2c.o
I2C_DeInit                                        Libraries\STM32F10x_StdPeriph_Driver\src\stm32f10x_i2c.o
I2C_DualAddressCmd                                Libraries\STM32F10x_StdPeriph_Driver\src\stm32f10x_i2c.o
I2C_FastModeDutyCycleConfig                       Libraries\STM32F10x_StdPeriph_Driver\src\stm32f10x_i2c.o
I2C_GeneralCallCmd                                Libraries\STM32F10x_StdPeriph_Driver\src\stm32f10x_i2c.o
I2C_GenerateSTART                                 Libraries\STM32F10x_StdPeriph_Driver\src\stm32f10x_i2c.o
I2C_GenerateSTOP                                  Libraries\STM32F10x_StdPeriph_Driver\src\stm32f10x_i2c.o
I2C_GetFlagStatus                                 Libraries\STM32F10x_StdPeriph_Driver\src\stm32f10x_i2c.o
I2C_GetITStatus                                   Libraries\STM32F10x_StdPeriph_Driver\src\stm32f10x_i2c.o
I2C_GetLastEvent                                  Libraries\STM32F10x_StdPeriph_Driver\src\stm32f10x_i2c.o
I2C_GetPEC                                        Libraries\STM32F10x_StdPeriph_Driver\src\stm32f10x_i2c.o
I2C_ITConfig                                      Libraries\STM32F10x_StdPeriph_Driver\src\stm32f10x_i2c.o
I2C_Init                                          Libraries\STM32F10x_StdPeriph_Driver\src\stm32f10x_i2c.o
I2C_NACKPositionConfig                            Libraries\STM32F10x_StdPeriph_Driver\src\stm32f10x_i2c.o
I2C_OwnAddress2Config                             Libraries\STM32F10x_StdPeriph_Driver\src\stm32f10x_i2c.o
I2C_PECPositionConfig                             Libraries\STM32F10x_StdPeriph_Driver\src\stm32f10x_i2c.o
I2C_ReadRegister                                  Libraries\STM32F10x_StdPeriph_Driver\src\stm32f10x_i2c.o
I2C_ReceiveData                                   Libraries\STM32F10x_StdPeriph_Driver\src\stm32f10x_i2c.o
I2C_SMBusAlertConfig                              Libraries\STM32F10x_StdPeriph_Driver\src\stm32f10x_i2c.o
I2C_Send7bitAddress                               Libraries\STM32F10x_StdPeriph_Driver\src\stm32f10x_i2c.o
I2C_SendData                                      Libraries\STM32F10x_StdPeriph_Driver\src\stm32f10x_i2c.o
I2C_SoftwareResetCmd                              Libraries\STM32F10x_StdPeriph_Driver\src\stm32f10x_i2c.o
I2C_StretchClockCmd                               Libraries\STM32F10x_StdPeriph_Driver\src\stm32f10x_i2c.o
I2C_StructInit                                    Libraries\STM32F10x_StdPeriph_Driver\src\stm32f10x_i2c.o
I2C_TransmitPEC                                   Libraries\STM32F10x_StdPeriph_Driver\src\stm32f10x_i2c.o
I2S_Cmd                                           Libraries\STM32F10x_StdPeriph_Driver\src\stm32f10x_spi.o
I2S_Init                                          Libraries\STM32F10x_StdPeriph_Driver\src\stm32f10x_spi.o
I2S_StructInit                                    Libraries\STM32F10x_StdPeriph_Driver\src\stm32f10x_spi.o
ID_INFOs                                          Servers\Servers.o
IIC_delayus                                       UserLib\oled\oled.o
IIC_start                                         UserLib\oled\oled.o
IIC_stop                                          UserLib\oled\oled.o
IIC_writebyte                                     UserLib\oled\oled.o
IIC_writecmd                                      UserLib\oled\oled.o
IIC_writedata                                     UserLib\oled\oled.o
IWDG_Config                                       src\main.o
IWDG_Enable                                       Libraries\STM32F10x_StdPeriph_Driver\src\stm32f10x_iwdg.o
                                                  src\main.o
IWDG_Feed                                         src\main.o
IWDG_GetFlagStatus                                Libraries\STM32F10x_StdPeriph_Driver\src\stm32f10x_iwdg.o
IWDG_ReloadCounter                                Libraries\STM32F10x_StdPeriph_Driver\src\stm32f10x_iwdg.o
                                                  src\main.o
IWDG_SetPrescaler                                 Libraries\STM32F10x_StdPeriph_Driver\src\stm32f10x_iwdg.o
                                                  src\main.o
IWDG_SetReload                                    Libraries\STM32F10x_StdPeriph_Driver\src\stm32f10x_iwdg.o
                                                  src\main.o
IWDG_WriteAccessCmd                               Libraries\STM32F10x_StdPeriph_Driver\src\stm32f10x_iwdg.o
                                                  src\main.o
MemManage_Handler                                 src\stm32f1xx_it.o
                                                  src\startup_stm32f10x_hd.o
NMI_Handler                                       src\stm32f1xx_it.o
                                                  src\startup_stm32f10x_hd.o
NVIC_Init                                         Libraries\STM32F10x_StdPeriph_Driver\src\misc.o
                                                  UserLib\keys\keys.o
                                                  UserLib\Gen\GenLib.o
NVIC_InitStructure                                UserLib\keys\keys.o
NVIC_PriorityGroupConfig                          Libraries\STM32F10x_StdPeriph_Driver\src\misc.o
                                                  UserLib\Gen\GenLib.o
NVIC_SetVectorTable                               Libraries\STM32F10x_StdPeriph_Driver\src\misc.o
                                                  UserLib\Gen\GenLib.o
NVIC_SystemLPConfig                               Libraries\STM32F10x_StdPeriph_Driver\src\misc.o
PVD_IRQHandler                                    src\startup_stm32f10x_hd.o
PWR_BackupAccessCmd                               Libraries\STM32F10x_StdPeriph_Driver\src\stm32f10x_pwr.o
                                                  UserLib\Gen\GenLib.o
PWR_ClearFlag                                     Libraries\STM32F10x_StdPeriph_Driver\src\stm32f10x_pwr.o
PWR_DeInit                                        Libraries\STM32F10x_StdPeriph_Driver\src\stm32f10x_pwr.o
PWR_EnterSTANDBYMode                              Libraries\STM32F10x_StdPeriph_Driver\src\stm32f10x_pwr.o
PWR_EnterSTOPMode                                 Libraries\STM32F10x_StdPeriph_Driver\src\stm32f10x_pwr.o
PWR_GetFlagStatus                                 Libraries\STM32F10x_StdPeriph_Driver\src\stm32f10x_pwr.o
PWR_PVDCmd                                        Libraries\STM32F10x_StdPeriph_Driver\src\stm32f10x_pwr.o
PWR_PVDLevelConfig                                Libraries\STM32F10x_StdPeriph_Driver\src\stm32f10x_pwr.o
PWR_WakeUpPinCmd                                  Libraries\STM32F10x_StdPeriph_Driver\src\stm32f10x_pwr.o
Pack1                                             src\main.o
                                                  Servers\Servers.o
Pack2                                             src\main.o
                                                  Servers\Servers.o
Pack3                                             src\main.o
                                                  Servers\Servers.o
Pack4                                             src\main.o
                                                  Servers\Servers.o
Pack5                                             src\main.o
                                                  Servers\Servers.o
Pack6                                             src\main.o
                                                  Servers\Servers.o
Pack7                                             src\main.o
                                                  Servers\Servers.o
PendSV_Handler                                    src\stm32f1xx_it.o
                                                  src\startup_stm32f10x_hd.o
RCC_ADCCLKConfig                                  Libraries\STM32F10x_StdPeriph_Driver\src\stm32f10x_rcc.o
                                                  UserLib\Gen\GenLib.o
RCC_AHBPeriphClockCmd                             Libraries\STM32F10x_StdPeriph_Driver\src\stm32f10x_rcc.o
RCC_APB1PeriphClockCmd                            Libraries\STM32F10x_StdPeriph_Driver\src\stm32f10x_rcc.o
                                                  UserLib\Gen\GenLib.o
RCC_APB1PeriphResetCmd                            Libraries\STM32F10x_StdPeriph_Driver\src\stm32f10x_rcc.o