Archive member included to satisfy reference by file (symbol)

c:/usersoftware/truestudio for stm32 9.3.0/armtools/bin/../lib/gcc/arm-atollic-eabi/6.3.1/../../../../arm-atollic-eabi/lib/armv7-m\libc.a(lib_a-init.o)
                              src\startup_stm32f10x_hd.o (__libc_init_array)
c:/usersoftware/truestudio for stm32 9.3.0/armtools/bin/../lib/gcc/arm-atollic-eabi/6.3.1/../../../../arm-atollic-eabi/lib/armv7-m\libc.a(lib_a-memcpy-stub.o)
                              RTOS\queue.o (memcpy)
c:/usersoftware/truestudio for stm32 9.3.0/armtools/bin/../lib/gcc/arm-atollic-eabi/6.3.1/../../../../arm-atollic-eabi/lib/armv7-m\libc.a(lib_a-memset.o)
                              RTOS\stream_buffer.o (memset)
c:/usersoftware/truestudio for stm32 9.3.0/armtools/bin/../lib/gcc/arm-atollic-eabi/6.3.1/../../../../arm-atollic-eabi/lib/armv7-m\libc.a(lib_a-reent.o)
                              src\syscalls.o (errno)
c:/usersoftware/truestudio for stm32 9.3.0/armtools/bin/../lib/gcc/arm-atollic-eabi/6.3.1/../../../../arm-atollic-eabi/lib/armv7-m\libc.a(lib_a-strlen.o)
                              Servers\Servers.o (strlen)
c:/usersoftware/truestudio for stm32 9.3.0/armtools/bin/../lib/gcc/arm-atollic-eabi/6.3.1/../../../../arm-atollic-eabi/lib/armv7-m\libc.a(lib_a-freer.o)
                              c:/usersoftware/truestudio for stm32 9.3.0/armtools/bin/../lib/gcc/arm-atollic-eabi/6.3.1/../../../../arm-atollic-eabi/lib/armv7-m\libc.a(lib_a-reent.o) (_free_r)
c:/usersoftware/truestudio for stm32 9.3.0/armtools/bin/../lib/gcc/arm-atollic-eabi/6.3.1/../../../../arm-atollic-eabi/lib/armv7-m\libc.a(lib_a-impure.o)
                              c:/usersoftware/truestudio for stm32 9.3.0/armtools/bin/../lib/gcc/arm-atollic-eabi/6.3.1/../../../../arm-atollic-eabi/lib/armv7-m\libc.a(lib_a-reent.o) (_impure_ptr)
c:/usersoftware/truestudio for stm32 9.3.0/armtools/bin/../lib/gcc/arm-atollic-eabi/6.3.1/../../../../arm-atollic-eabi/lib/armv7-m\libc.a(lib_a-mallocr.o)
                              c:/usersoftware/truestudio for stm32 9.3.0/armtools/bin/../lib/gcc/arm-atollic-eabi/6.3.1/../../../../arm-atollic-eabi/lib/armv7-m\libc.a(lib_a-freer.o) (__malloc_current_mallinfo)
c:/usersoftware/truestudio for stm32 9.3.0/armtools/bin/../lib/gcc/arm-atollic-eabi/6.3.1/../../../../arm-atollic-eabi/lib/armv7-m\libc.a(lib_a-mlock.o)
                              c:/usersoftware/truestudio for stm32 9.3.0/armtools/bin/../lib/gcc/arm-atollic-eabi/6.3.1/../../../../arm-atollic-eabi/lib/armv7-m\libc.a(lib_a-freer.o) (__malloc_lock)
c:/usersoftware/truestudio for stm32 9.3.0/armtools/bin/../lib/gcc/arm-atollic-eabi/6.3.1/../../../../arm-atollic-eabi/lib/armv7-m\libc.a(lib_a-sbrkr.o)
                              c:/usersoftware/truestudio for stm32 9.3.0/armtools/bin/../lib/gcc/arm-atollic-eabi/6.3.1/../../../../arm-atollic-eabi/lib/armv7-m\libc.a(lib_a-freer.o) (_sbrk_r)
c:/usersoftware/truestudio for stm32 9.3.0/armtools/bin/../lib/gcc/arm-atollic-eabi/6.3.1/../../../../arm-atollic-eabi/lib/armv7-m\libc.a(lib_a-lock.o)
                              c:/usersoftware/truestudio for stm32 9.3.0/armtools/bin/../lib/gcc/arm-atollic-eabi/6.3.1/../../../../arm-atollic-eabi/lib/armv7-m\libc.a(lib_a-mlock.o) (__retarget_lock_acquire_recursive)
c:/usersoftware/truestudio for stm32 9.3.0/armtools/bin/../lib/gcc/arm-atollic-eabi/6.3.1/armv7-m\libgcc.a(_arm_addsubdf3.o)
                              UserLib\Gen\GenLib.o (__aeabi_i2d)
c:/usersoftware/truestudio for stm32 9.3.0/armtools/bin/../lib/gcc/arm-atollic-eabi/6.3.1/armv7-m\libgcc.a(_arm_muldivdf3.o)
                              UserLib\Gen\GenLib.o (__aeabi_dmul)
c:/usersoftware/truestudio for stm32 9.3.0/armtools/bin/../lib/gcc/arm-atollic-eabi/6.3.1/armv7-m\libgcc.a(_arm_fixdfsi.o)
                              UserLib\Gen\GenLib.o (__aeabi_d2iz)
c:/usersoftware/truestudio for stm32 9.3.0/armtools/bin/../lib/gcc/arm-atollic-eabi/6.3.1/armv7-m\libgcc.a(_arm_fixunsdfsi.o)
                              UserLib\Gen\GenLib.o (__aeabi_d2uiz)

Allocating common symbols
Common symbol       size              file

__lock___atexit_recursive_mutex
                    0x1               c:/usersoftware/truestudio for stm32 9.3.0/armtools/bin/../lib/gcc/arm-atollic-eabi/6.3.1/../../../../arm-atollic-eabi/lib/armv7-m\libc.a(lib_a-lock.o)
__lock___arc4random_mutex
                    0x1               c:/usersoftware/truestudio for stm32 9.3.0/armtools/bin/../lib/gcc/arm-atollic-eabi/6.3.1/../../../../arm-atollic-eabi/lib/armv7-m\libc.a(lib_a-lock.o)
TIM_TimeBaseStructure
                    0xa               UserLib\Gen\GenLib.o
e2_right_handler    0x4               UserLib\keys\keys.o
errno               0x4               c:/usersoftware/truestudio for stm32 9.3.0/armtools/bin/../lib/gcc/arm-atollic-eabi/6.3.1/../../../../arm-atollic-eabi/lib/armv7-m\libc.a(lib_a-reent.o)
DB3                 0x1               UserLib\Gen\GenLib.o
systick_handler     0x4               UserLib\Gen\GenLib.o
[...]
Memory Configuration

Name             Origin             Length             Attributes
FLASH            0x08000000         0x00040000         xr
RAM              0x20000000         0x0000c000         xrw
MEMORY_B1        0x60000000         0x00000000         xr
*default*        0x00000000         0xffffffff

Linker script and memory map

LOAD c:/usersoftware/truestudio for stm32 9.3.0/armtools/bin/../lib/gcc/arm-atollic-eabi/6.3.1/armv7-m/crti.o
LOAD c:/usersoftware/truestudio for stm32 9.3.0/armtools/bin/../lib/gcc/arm-atollic-eabi/6.3.1/armv7-m/crtbegin.o
LOAD Libraries\STM32F10x_StdPeriph_Driver\src\misc.o
LOAD Libraries\STM32F10x_StdPeriph_Driver\src\stm32f10x_adc.o
LOAD Libraries\STM32F10x_StdPeriph_Driver\src\stm32f10x_bkp.o
LOAD Libraries\STM32F10x_StdPeriph_Driver\src\stm32f10x_can.o
LOAD Libraries\STM32F10x_StdPeriph_Driver\src\stm32f10x_cec.o
LOAD Libraries\STM32F10x_StdPeriph_Driver\src\stm32f10x_crc.o
LOAD Libraries\STM32F10x_StdPeriph_Driver\src\stm32f10x_dac.o
LOAD Libraries\STM32F10x_StdPeriph_Driver\src\stm32f10x_dbgmcu.o
LOAD Libraries\STM32F10x_StdPeriph_Driver\src\stm32f10x_dma.o
LOAD Libraries\STM32F10x_StdPeriph_Driver\src\stm32f10x_exti.o
LOAD Libraries\STM32F10x_StdPeriph_Driver\src\stm32f10x_flash.o
LOAD Libraries\STM32F10x_StdPeriph_Driver\src\stm32f10x_fsmc.o
LOAD Libraries\STM32F10x_StdPeriph_Driver\src\stm32f10x_gpio.o
LOAD Libraries\STM32F10x_StdPeriph_Driver\src\stm32f10x_i2c.o
LOAD Libraries\STM32F10x_StdPeriph_Driver\src\stm32f10x_iwdg.o
LOAD Libraries\STM32F10x_StdPeriph_Driver\src\stm32f10x_pwr.o
LOAD Libraries\STM32F10x_StdPeriph_Driver\src\stm32f10x_rcc.o
LOAD Libraries\STM32F10x_StdPeriph_Driver\src\stm32f10x_rtc.o
LOAD Libraries\STM32F10x_StdPeriph_Driver\src\stm32f10x_sdio.o
LOAD Libraries\STM32F10x_StdPeriph_Driver\src\stm32f10x_spi.o
LOAD Libraries\STM32F10x_StdPeriph_Driver\src\stm32f10x_tim.o
LOAD Libraries\STM32F10x_StdPeriph_Driver\src\stm32f10x_usart.o
LOAD Libraries\STM32F10x_StdPeriph_Driver\src\stm32f10x_wwdg.o
LOAD RTOS\croutine.o
LOAD RTOS\event_groups.o
LOAD RTOS\list.o
LOAD RTOS\portable\GCC\ARM_CM3\port.o
LOAD RTOS\portable\MemMang\heap_4.o
LOAD RTOS\queue.o
LOAD RTOS\stream_buffer.o
LOAD RTOS\tasks.o
LOAD RTOS\timers.o
LOAD Servers\Servers.o
LOAD UserLib\Gen\GenLib.o
LOAD UserLib\SPI_FLASH\SPI_FLASH.o
LOAD UserLib\keys\keys.o
LOAD UserLib\oled\oled.o
LOAD src\main.o
LOAD src\startup_stm32f10x_hd.o
LOAD src\syscalls.o
LOAD src\system_stm32f10x.o
LOAD src\tiny_printf.o
                0x00000080                malloc_getpagesize_P = 0x80
START GROUP
LOAD c:/usersoftware/truestudio for stm32 9.3.0/armtools/bin/../lib/gcc/arm-atollic-eabi/6.3.1/../../../../arm-atollic-eabi/lib/armv7-m\libc.a
LOAD c:/usersoftware/truestudio for stm32 9.3.0/armtools/bin/../lib/gcc/arm-atollic-eabi/6.3.1/../../../../arm-atollic-eabi/lib/armv7-m\libm.a
END GROUP
START GROUP
LOAD c:/usersoftware/truestudio for stm32 9.3.0/armtools/bin/../lib/gcc/arm-atollic-eabi/6.3.1/armv7-m\libgcc.a
LOAD c:/usersoftware/truestudio for stm32 9.3.0/armtools/bin/../lib/gcc/arm-atollic-eabi/6.3.1/../../../../arm-atollic-eabi/lib/armv7-m\libc.a
END GROUP
START GROUP
LOAD c:/usersoftware/truestudio for stm32 9.3.0/armtools/bin/../lib/gcc/arm-atollic-eabi/6.3.1/armv7-m\libgcc.a
LOAD c:/usersoftware/truestudio for stm32 9.3.0/armtools/bin/../lib/gcc/arm-atollic-eabi/6.3.1/../../../../arm-atollic-eabi/lib/armv7-m\libc.a
LOAD c:/usersoftware/truestudio for stm32 9.3.0/armtools/bin/../lib/gcc/arm-atollic-eabi/6.3.1/../../../../arm-atollic-eabi/lib/armv7-m\libnosys.a
END GROUP
LOAD c:/usersoftware/truestudio for stm32 9.3.0/armtools/bin/../lib/gcc/arm-atollic-eabi/6.3.1/armv7-m/crtend.o
LOAD c:/usersoftware/truestudio for stm32 9.3.0/armtools/bin/../lib/gcc/arm-atollic-eabi/6.3.1/armv7-m/crtn.o
                0x2000c000                _estack = 0x2000c000
                0x00000000                _Min_Heap_Size = 0x0
                0x00000200                _Min_Stack_Size = 0x200

.isr_vector     0x08000000      0x1e4
                0x08000000                . = ALIGN (0x4)
 *(.isr_vector)
 .isr_vector    0x08000000      0x1e4 src\startup_stm32f10x_hd.o
                0x08000000                g_pfnVectors
                0x080001e4                . = ALIGN (0x4)

.text           0x080001f0     0x3020
                0x080001f0                . = ALIGN (0x4)
 *(.text)
 .text          0x080001f0       0x40 c:/usersoftware/truestudio for stm32 9.3.0/armtools/bin/../lib/gcc/arm-atollic-eabi/6.3.1/armv7-m/crtbegin.o
 .text          0x08000230       0x10 c:/usersoftware/truestudio for stm32 9.3.0/armtools/bin/../lib/gcc/arm-atollic-eabi/6.3.1/../../../../arm-atollic-eabi/lib/armv7-m\libc.a(lib_a-strlen.o)
                0x08000230                strlen
 *(.text*)
 .text.NVIC_PriorityGroupConfig
                0x08000240       0x24 Libraries\STM32F10x_StdPeriph_Driver\src\misc.o
                0x08000240                NVIC_PriorityGroupConfig
 .text.NVIC_Init
                0x08000264       0xc4 Libraries\STM32F10x_StdPeriph_Driver\src\misc.o
                0x08000264                NVIC_Init
 .text.NVIC_SetVectorTable
                0x08000328       0x2c Libraries\STM32F10x_StdPeriph_Driver\src\misc.o
                0x08000328                NVIC_SetVectorTable
 .text.CAN_DeInit
                0x08000354       0x48 Libraries\STM32F10x_StdPeriph_Driver\src\stm32f10x_can.o
                0x08000354                CAN_DeInit
 .text.CAN_Init
                0x0800039c      0x1a0 Libraries\STM32F10x_StdPeriph_Driver\src\stm32f10x_can.o
                0x0800039c                CAN_Init
 .text.CAN_FilterInit
                0x0800053c      0x174 Libraries\STM32F10x_StdPeriph_Driver\src\stm32f10x_can.o
                0x0800053c                CAN_FilterInit
 .text.CAN_StructInit
                0x080006b0       0x54 Libraries\STM32F10x_StdPeriph_Driver\src\stm32f10x_can.o
                0x080006b0                CAN_StructInit
 .text.CAN_Receive
                0x08000704      0x17a Libraries\STM32F10x_StdPeriph_Driver\src\stm32f10x_can.o
                0x08000704                CAN_Receive
 .text.CAN_ITConfig
                0x0800087e       0x3a Libraries\STM32F10x_StdPeriph_Driver\src\stm32f10x_can.o
                0x0800087e                CAN_ITConfig
 .text.EXTI_ClearITPendingBit
                0x080008b8       0x1c Libraries\STM32F10x_StdPeriph_Driver\src\stm32f10x_exti.o
                0x080008b8                EXTI_ClearITPendingBit
 .text.GPIO_Init
                0x080008d4      0x178 Libraries\STM32F10x_StdPeriph_Driver\src\stm32f10x_gpio.o
                0x080008d4                GPIO_Init
 .text.GPIO_ReadInputDataBit
                0x08000a4c       0x32 Libraries\STM32F10x_StdPeriph_Driver\src\stm32f10x_gpio.o
                0x08000a4c                GPIO_ReadInputDataBit
 .text.GPIO_WriteBit
                0x08000a7e       0x2e Libraries\STM32F10x_StdPeriph_Driver\src\stm32f10x_gpio.o
                0x08000a7e                GPIO_WriteBit
 .text.RCC_GetClocksFreq
                0x08000aac      0x160 Libraries\STM32F10x_StdPeriph_Driver\src\stm32f10x_rcc.o
                0x08000aac                RCC_GetClocksFreq
 .text.RCC_APB2PeriphClockCmd
                0x08000c0c       0x3c Libraries\STM32F10x_StdPeriph_Driver\src\stm32f10x_rcc.o
                0x08000c0c                RCC_APB2PeriphClockCmd
 .text.RCC_APB1PeriphClockCmd
                0x08000c48       0x3c Libraries\STM32F10x_StdPeriph_Driver\src\stm32f10x_rcc.o
                0x08000c48                RCC_APB1PeriphClockCmd
 .text.RCC_APB2PeriphResetCmd
                0x08000c84       0x3c Libraries\STM32F10x_StdPeriph_Driver\src\stm32f10x_rcc.o
                0x08000c84                RCC_APB2PeriphResetCmd
 .text.RCC_APB1PeriphResetCmd
                0x08000cc0       0x3c Libraries\STM32F10x_StdPeriph_Driver\src\stm32f10x_rcc.o
                0x08000cc0                RCC_APB1PeriphResetCmd
 .text.RTC_GetITStatus
                0x08000cfc       0x50 Libraries\STM32F10x_StdPeriph_Driver\src\stm32f10x_rtc.o
                0x08000cfc                RTC_GetITStatus
 .text.RTC_ClearITPendingBit
                0x08000d4c       0x2c Libraries\STM32F10x_StdPeriph_Driver\src\stm32f10x_rtc.o
                0x08000d4c                RTC_ClearITPendingBit
 .text.TIM_ClearFlag
                0x08000d78       0x20 Libraries\STM32F10x_StdPeriph_Driver\src\stm32f10x_tim.o
                0x08000d78                TIM_ClearFlag
 .text.TIM_GetITStatus
                0x08000d98       0x52 Libraries\STM32F10x_StdPeriph_Driver\src\stm32f10x_tim.o
                0x08000d98                TIM_GetITStatus
 *fill*         0x08000dea        0x2 
 .text.USART_DeInit
                0x08000dec       0xb8 Libraries\STM32F10x_StdPeriph_Driver\src\stm32f10x_usart.o
                0x08000dec                USART_DeInit
 .text.USART_Init
                0x08000ea4      0x174 Libraries\STM32F10x_StdPeriph_Driver\src\stm32f10x_usart.o
                0x08000ea4                USART_Init
 .text.USART_Cmd
                0x08001018       0x3e Libraries\STM32F10x_StdPeriph_Driver\src\stm32f10x_usart.o
                0x08001018                USART_Cmd
 .text.USART_ITConfig
                0x08001056       0x8e Libraries\STM32F10x_StdPeriph_Driver\src\stm32f10x_usart.o
                0x08001056                USART_ITConfig
 .text.USART_ReceiveData
                0x080010e4       0x1e Libraries\STM32F10x_StdPeriph_Driver\src\stm32f10x_usart.o
                0x080010e4                USART_ReceiveData
 .text.USART_GetITStatus
                0x08001102       0xb4 Libraries\STM32F10x_StdPeriph_Driver\src\stm32f10x_usart.o
                0x08001102                USART_GetITStatus
 .text.USART_ClearITPendingBit
                0x080011b6       0x38 Libraries\STM32F10x_StdPeriph_Driver\src\stm32f10x_usart.o
                0x080011b6                USART_ClearITPendingBit
 .text.vListInsertEnd
                0x080011ee       0x46 RTOS\list.o
                0x080011ee                vListInsertEnd
 .text.uxListRemove
                0x08001234       0x52 RTOS\list.o
                0x08001234                uxListRemove
 *fill*         0x08001286        0xa 
 .text.SVC_Handler
                0x08001290       0x28 RTOS\portable\GCC\ARM_CM3\port.o
                0x08001290                SVC_Handler
 *fill*         0x080012b8        0x8 
 .text.PendSV_Handler
                0x080012c0       0x48 RTOS\portable\GCC\ARM_CM3\port.o
                0x080012c0                PendSV_Handler
 .text.SysTick_Handler
                0x08001308       0x40 RTOS\portable\GCC\ARM_CM3\port.o
                0x08001308                SysTick_Handler
 .text.xTaskIncrementTick
                0x08001348      0x170 RTOS\tasks.o
                0x08001348                xTaskIncrementTick
 .text.vTaskSwitchContext
                0x080014b8       0xb4 RTOS\tasks.o
                0x080014b8                vTaskSwitchContext
 .text.prvResetNextTaskUnblockTime
                0x0800156c       0x40 RTOS\tasks.o
 .text.NVIC_SystemReset
                0x080015ac       0x28 Servers\Servers.o
 .text.Analysys
                0x080015d4      0x174 Servers\Servers.o
                0x080015d4                Analysys
 .text.set_Pri  0x08001748       0x2e Servers\Servers.o
                0x08001748                set_Pri
 *fill*         0x08001776        0x2 
 .text.Analysys_ID
                0x08001778      0x128 Servers\Servers.o
                0x08001778                Analysys_ID
 .text.get_pack_currentPack
                0x080018a0       0x60 Servers\Servers.o
                0x080018a0                get_pack_currentPack
 .text.Analysys_DATA
                0x08001900      0x5bc Servers\Servers.o
                0x08001900                Analysys_DATA
 .text.iscontants
                0x08001ebc       0xb0 Servers\Servers.o
                0x08001ebc                iscontants
 .text.send_cmd
                0x08001f6c       0x3c Servers\Servers.o
                0x08001f6c                send_cmd
 .text.check_receives
                0x08001fa8       0xd4 Servers\Servers.o
                0x08001fa8                check_receives
 .text.BC28_RESET
                0x0800207c       0x30 Servers\Servers.o
                0x0800207c                BC28_RESET
 .text.BC28_Init
                0x080020ac      0x198 Servers\Servers.o
                0x080020ac                BC28_Init
 .text.pack_to_aliyun
                0x08002244      0x190 Servers\Servers.o
                0x08002244                pack_to_aliyun
 .text.writeUTC
                0x080023d4       0x5e Servers\Servers.o
                0x080023d4                writeUTC
 .text.writeL   0x08002432       0x3c Servers\Servers.o
                0x08002432                writeL
 .text.clearStr
                0x0800246e       0x34 Servers\Servers.o
                0x0800246e                clearStr
 .text.nvic_init
                0x080024a2       0x10 UserLib\Gen\GenLib.o
                0x080024a2                nvic_init
 *fill*         0x080024b2        0x2 
 .text.usart_1_init
                0x080024b4       0xb8 UserLib\Gen\GenLib.o
                0x080024b4                usart_1_init
 .text.usart_3_init
                0x0800256c       0xb4 UserLib\Gen\GenLib.o
                0x0800256c                usart_3_init
 .text.USART2_IRQHandler
                0x08002620       0x68 UserLib\Gen\GenLib.o
                0x08002620                USART2_IRQHandler
 .text.RTC_IRQHandler
                0x08002688       0x34 UserLib\Gen\GenLib.o
                0x08002688                RTC_IRQHandler
 .text.delay_us
                0x080026bc       0x3c UserLib\Gen\GenLib.o
                0x080026bc                delay_us
 .text.TIM7_IRQHandler
                0x080026f8       0x28 UserLib\Gen\GenLib.o
                0x080026f8                TIM7_IRQHandler
 .text.CAN_INIT
                0x08002720       0x78 UserLib\Gen\GenLib.o
                0x08002720                CAN_INIT
 .text.CAN_IT_INIT
                0x08002798       0x90 UserLib\Gen\GenLib.o
                0x08002798                CAN_IT_INIT
 .text.USB_LP_CAN1_RX0_IRQHandler
                0x08002828       0x2c UserLib\Gen\GenLib.o
                0x08002828                USB_LP_CAN1_RX0_IRQHandler
 .text.EXTI0_IRQHandler
                0x08002854       0x14 UserLib\keys\keys.o
                0x08002854                EXTI0_IRQHandler
 .text.EXTI1_IRQHandler
                0x08002868       0x14 UserLib\keys\keys.o
                0x08002868                EXTI1_IRQHandler
 .text.EXTI2_IRQHandler
                0x0800287c       0x4c UserLib\keys\keys.o
                0x0800287c                EXTI2_IRQHandler
 .text.EXTI9_5_IRQHandler
                0x080028c8       0x48 UserLib\keys\keys.o
                0x080028c8                EXTI9_5_IRQHandler
 .text.EXTI15_10_IRQHandler
                0x08002910       0x16 UserLib\keys\keys.o
                0x08002910                EXTI15_10_IRQHandler
 *fill*         0x08002926        0x2 
 .text.main     0x08002928       0xb4 src\main.o
                0x08002928                main
 .text.USART1_IRQHandler
                0x080029dc       0xc0 src\main.o
                0x080029dc                USART1_IRQHandler
 .text.USART3_IRQHandler
                0x08002a9c      0x15c src\main.o
                0x08002a9c                USART3_IRQHandler
 .text.Reset_Handler
                0x08002bf8       0x50 src\startup_stm32f10x_hd.o
                0x08002bf8                Reset_Handler
 .text.Default_Handler
                0x08002c48        0x2 src\startup_stm32f10x_hd.o
                0x08002c48                TIM8_TRG_COM_IRQHandler
                0x08002c48                TIM8_CC_IRQHandler
                0x08002c48                DebugMon_Handler
                0x08002c48                TIM1_CC_IRQHandler
                0x08002c48                HardFault_Handler
                0x08002c48                TIM6_IRQHandler
                0x08002c48                PVD_IRQHandler
                0x08002c48                SDIO_IRQHandler
                0x08002c48                NMI_Handler
                0x08002c48                EXTI3_IRQHandler
                0x08002c48                I2C2_EV_IRQHandler
                0x08002c48                UsageFault_Handler
                0x08002c48                ADC1_2_IRQHandler
                0x08002c48                SPI1_IRQHandler
                0x08002c48                TAMPER_IRQHandler
                0x08002c48                TIM8_UP_IRQHandler
                0x08002c48                DMA2_Channel2_IRQHandler
                0x08002c48                DMA1_Channel4_IRQHandler
                0x08002c48                DMA1_Channel7_IRQHandler
                0x08002c48                CAN1_RX1_IRQHandler
                0x08002c48                UART5_IRQHandler
                0x08002c48                ADC3_IRQHandler
                0x08002c48                TIM4_IRQHandler
                0x08002c48                DMA2_Channel1_IRQHandler
                0x08002c48                I2C1_EV_IRQHandler
                0x08002c48                DMA1_Channel6_IRQHandler
                0x08002c48                UART4_IRQHandler
                0x08002c48                TIM3_IRQHandler
                0x08002c48                RCC_IRQHandler
                0x08002c48                TIM1_TRG_COM_IRQHandler
                0x08002c48                DMA1_Channel1_IRQHandler
                0x08002c48                Default_Handler
                0x08002c48                TIM5_IRQHandler
                0x08002c48                SPI2_IRQHandler
                0x08002c48                MemManage_Handler
                0x08002c48                DMA1_Channel5_IRQHandler
                0x08002c48                EXTI4_IRQHandler
                0x08002c48                USB_HP_CAN1_TX_IRQHandler
                0x08002c48                DMA1_Channel3_IRQHandler
                0x08002c48                FSMC_IRQHandler
                0x08002c48                TIM1_UP_IRQHandler
                0x08002c48                WWDG_IRQHandler
                0x08002c48                TIM2_IRQHandler
                0x08002c48                TIM1_BRK_IRQHandler
                0x08002c48                RTCAlarm_IRQHandler
                0x08002c48                DMA2_Channel4_5_IRQHandler
                0x08002c48                I2C2_ER_IRQHandler
                0x08002c48                DMA1_Channel2_IRQHandler
                0x08002c48                TIM8_BRK_IRQHandler
                0x08002c48                CAN1_SCE_IRQHandler
                0x08002c48                FLASH_IRQHandler
                0x08002c48                BusFault_Handler
                0x08002c48                SPI3_IRQHandler
                0x08002c48                I2C1_ER_IRQHandler
                0x08002c48                USBWakeUp_IRQHandler
                0x08002c48                DMA2_Channel3_IRQHandler
 .text._write   0x08002c4a       0x18 src\syscalls.o
                0x08002c4a                _write
 *fill*         0x08002c62        0x2 
 .text.SystemInit
                0x08002c64       0x68 src\system_stm32f10x.o
                0x08002c64                SystemInit
 .text.SetSysClock
                0x08002ccc        0xc src\system_stm32f10x.o
 .text.SetSysClockTo72
                0x08002cd8      0x100 src\system_stm32f10x.o
 .text.ts_itoa  0x08002dd8       0x90 src\tiny_printf.o
                0x08002dd8                ts_itoa
 .text.ts_formatstring
                0x08002e68      0x12e src\tiny_printf.o
                0x08002e68                ts_formatstring
 *fill*         0x08002f96        0x2 
 .text.ts_formatlength
                0x08002f98      0x12c src\tiny_printf.o
                0x08002f98                ts_formatlength
 .text.iprintf  0x080030c4       0x92 src\tiny_printf.o
                0x080030c4                iprintf
                0x080030c4                printf
 *fill*         0x08003156        0x2 
 .text.puts     0x08003158       0x58 src\tiny_printf.o
                0x08003158                puts
 .text.__libc_init_array
                0x080031b0       0x48 c:/usersoftware/truestudio for stm32 9.3.0/armtools/bin/../lib/gcc/arm-atollic-eabi/6.3.1/../../../../arm-atollic-eabi/lib/armv7-m\libc.a(lib_a-init.o)
                0x080031b0                __libc_init_array
 *(.glue_7)
 .glue_7        0x080031f8        0x0 linker stubs
 *(.glue_7t)
 .glue_7t       0x080031f8        0x0 linker stubs
 *(.eh_frame)
 .eh_frame      0x080031f8        0x0 c:/usersoftware/truestudio for stm32 9.3.0/armtools/bin/../lib/gcc/arm-atollic-eabi/6.3.1/armv7-m/crtbegin.o
 *(.init)
 .init          0x080031f8        0x4 c:/usersoftware/truestudio for stm32 9.3.0/armtools/bin/../lib/gcc/arm-atollic-eabi/6.3.1/armv7-m/crti.o
                0x080031f8                _init
 .init          0x080031fc        0x8 c:/usersoftware/truestudio for stm32 9.3.0/armtools/bin/../lib/gcc/arm-atollic-eabi/6.3.1/armv7-m/crtn.o
 *(.fini)
 .fini          0x08003204        0x4 c:/usersoftware/truestudio for stm32 9.3.0/armtools/bin/../lib/gcc/arm-atollic-eabi/6.3.1/armv7-m/crti.o
                0x08003204                _fini
 .fini          0x08003208        0x8 c:/usersoftware/truestudio for stm32 9.3.0/armtools/bin/../lib/gcc/arm-atollic-eabi/6.3.1/armv7-m/crtn.o
                0x08003210                . = ALIGN (0x4)
                0x08003210                _etext = .

.vfp11_veneer   0x08003210        0x0
 .vfp11_veneer  0x08003210        0x0 linker stubs

.v4_bx          0x08003210        0x0
 .v4_bx         0x08003210        0x0 linker stubs

.iplt           0x08003210        0x0
 .iplt          0x08003210        0x0 c:/usersoftware/truestudio for stm32 9.3.0/armtools/bin/../lib/gcc/arm-atollic-eabi/6.3.1/armv7-m/crtbegin.o

.rodata         0x08003210      0x278
                0x08003210                . = ALIGN (0x4)
 *(.rodata)
 .rodata        0x08003210      0x274 Servers\Servers.o
 .rodata        0x08003484        0x2 src\tiny_printf.o
 *(.rodata*)
                0x08003488                . = ALIGN (0x4)
 *fill*         0x08003486        0x2 

.rel.dyn        0x08003488        0x0
 .rel.iplt      0x08003488        0x0 c:/usersoftware/truestudio for stm32 9.3.0/armtools/bin/../lib/gcc/arm-atollic-eabi/6.3.1/armv7-m/crtbegin.o

.ARM.extab
 *(.ARM.extab* .gnu.linkonce.armextab.*)

.ARM            0x08003488        0x0
                0x08003488                __exidx_start = .
 *(.ARM.exidx*)
                0x08003488                __exidx_end = .

.preinit_array  0x08003488        0x0
                0x08003488                PROVIDE (__preinit_array_start, .)
 *(.preinit_array*)
                0x08003488                PROVIDE (__preinit_array_end, .)

.init_array     0x08003488        0x4
                0x08003488                PROVIDE (__init_array_start, .)
 *(SORT(.init_array.*))
 *(.init_array*)
 .init_array    0x08003488        0x4 c:/usersoftware/truestudio for stm32 9.3.0/armtools/bin/../lib/gcc/arm-atollic-eabi/6.3.1/armv7-m/crtbegin.o
                0x0800348c                PROVIDE (__init_array_end, .)

.fini_array     0x0800348c        0x4
                [!provide]                PROVIDE (__fini_array_start, .)
 *(SORT(.fini_array.*))
 *(.fini_array*)
 .fini_array    0x0800348c        0x4 c:/usersoftware/truestudio for stm32 9.3.0/armtools/bin/../lib/gcc/arm-atollic-eabi/6.3.1/armv7-m/crtbegin.o
                [!provide]                PROVIDE (__fini_array_end, .)
                0x08003490                _sidata = LOADADDR (.data)

.data           0x20000000       0x20 load address 0x08003490
                0x20000000                . = ALIGN (0x4)
                0x20000000                _sdata = .
 *(.data)
 *(.data*)
 .data.APBAHBPrescTable
                0x20000000       0x10 Libraries\STM32F10x_StdPeriph_Driver\src\stm32f10x_rcc.o
 .data.ADCPrescTable
                0x20000010        0x4 Libraries\STM32F10x_StdPeriph_Driver\src\stm32f10x_rcc.o
 .data.GPSINIT  0x20000014        0x9 src\main.o
                0x20000014                GPSINIT
                0x20000020                . = ALIGN (0x4)
 *fill*         0x2000001d        0x3 
                0x20000020                _edata = .

.igot.plt       0x20000020        0x0 load address 0x080034b0
 .igot.plt      0x20000020        0x0 c:/usersoftware/truestudio for stm32 9.3.0/armtools/bin/../lib/gcc/arm-atollic-eabi/6.3.1/armv7-m/crtbegin.o
                0x20000020                . = ALIGN (0x4)

.bss            0x20000020     0x40bc load address 0x080034b0
                0x20000020                _sbss = .
                0x20000020                __bss_start__ = _sbss
 *(.bss)
 .bss           0x20000020       0x1c c:/usersoftware/truestudio for stm32 9.3.0/armtools/bin/../lib/gcc/arm-atollic-eabi/6.3.1/armv7-m/crtbegin.o
 *(.bss*)
 .bss.pxCurrentTCB
                0x2000003c        0x4 RTOS\tasks.o
                0x2000003c                pxCurrentTCB
 .bss.pxReadyTasksLists
                0x20000040       0x64 RTOS\tasks.o
 .bss.pxDelayedTaskList
                0x200000a4        0x4 RTOS\tasks.o
 .bss.pxOverflowDelayedTaskList
                0x200000a8        0x4 RTOS\tasks.o
 .bss.xTickCount
                0x200000ac        0x4 RTOS\tasks.o
 .bss.uxTopReadyPriority
                0x200000b0        0x4 RTOS\tasks.o
 .bss.uxPendedTicks
                0x200000b4        0x4 RTOS\tasks.o
 .bss.xYieldPending
                0x200000b8        0x4 RTOS\tasks.o
 .bss.xNumOfOverflows
                0x200000bc        0x4 RTOS\tasks.o
 .bss.xNextTaskUnblockTime
                0x200000c0        0x4 RTOS\tasks.o
 .bss.uxSchedulerSuspended
                0x200000c4        0x4 RTOS\tasks.o
 .bss.x_axis    0x200000c8        0x1 src\main.o
                0x200000c8                x_axis
 .bss.y_axis    0x200000c9        0x1 src\main.o
                0x200000c9                y_axis
 .bss.cmd_axis  0x200000ca        0x1 src\main.o
                0x200000ca                cmd_axis
 *fill*         0x200000cb        0x1 
 .bss.count     0x200000cc        0x4 src\main.o
                0x200000cc                count
 *(COMMON)
 COMMON         0x200000d0        0x8 Servers\Servers.o
                0x200000d0                ID_INFOs
 COMMON         0x200000d8      0x42a UserLib\Gen\GenLib.o
                0x200000d8                TIM_TimeBaseStructure
                0x200000e2                DB3
                0x200000e4                systick_handler
                0x200000e8                DC3
                0x200000ea                pwm_freq_B
                0x200000ec                Uart1_RX_Buffer
                0x200002e4                DB4
                0x200002e5                DC1
                0x200002e8                TIM_OCInitStructure
                0x200002f8                DB2
                0x200002fc                GPIO_InitStruct
                0x20000300                DB1
                0x20000301                DC4
                0x20000302                DC2
                0x20000304                Uart2_RX_Buffer
                0x200004fc                function_handler
                0x20000500                pwm_freq_C
 *fill*         0x20000502        0x2 
 COMMON         0x20000504       0x14 UserLib\keys\keys.o
                0x20000504                e2_right_handler
                0x20000508                e1_left_handler
                0x2000050c                e2_left_handler
                0x20000510                e1_right_handler
                0x20000514                NVIC_InitStructure
 COMMON         0x20000518     0x3bc4 src\main.o
                0x20000518                Pack5
                0x20000538                Pack2
                0x20000564                GpstempChar
                0x20000568                GpsCharToConvert
                0x2000057c                receives
                0x20004014                Pack4
                0x20004034                Pack1
                0x20004064                Pack7
                0x20004078                Pack3
                0x200040a4                GPSDATA
                0x200040c4                Pack6
                0x200040dc                . = ALIGN (0x4)
                0x200040dc                _ebss = .
                0x200040dc                __bss_end__ = _ebss

._user_heap_stack
                0x200040dc      0x200 load address 0x080034b0
                0x200040dc                . = ALIGN (0x4)
                0x200040dc                PROVIDE (end, .)
                [!provide]                PROVIDE (_end, .)
                0x200040dc                . = (. + _Min_Heap_Size)
                0x200042dc                . = (. + _Min_Stack_Size)
 *fill*         0x200040dc      0x200 
                0x200042dc                . = ALIGN (0x4)

.memory_b1_text
 *(.mb1text)
 *(.mb1text*)
 *(.mb1rodata)
 *(.mb1rodata*)

/DISCARD/
 libc.a(*)
 libm.a(*)
 libgcc.a(*)

.ARM.attributes
                0x00000000       0x29
 *(.ARM.attributes)
 .ARM.attributes
                0x00000000       0x1d c:/usersoftware/truestudio for stm32 9.3.0/armtools/bin/../lib/gcc/arm-atollic-eabi/6.3.1/armv7-m/crti.o
 .ARM.attributes
                0x0000001d       0x2d c:/usersoftware/truestudio for stm32 9.3.0/armtools/bin/../lib/gcc/arm-atollic-eabi/6.3.1/armv7-m/crtbegin.o
 .ARM.attributes
                0x0000004a       0x33 Libraries\STM32F10x_StdPeriph_Driver\src\misc.o
 .ARM.attributes
                0x0000007d       0x33 Libraries\STM32F10x_StdPeriph_Driver\src\stm32f10x_can.o
 .ARM.attributes
                0x000000b0       0x33 Libraries\STM32F10x_StdPeriph_Driver\src\stm32f10x_exti.o
 .ARM.attributes
                0x000000e3       0x33 Libraries\STM32F10x_StdPeriph_Driver\src\stm32f10x_gpio.o
 .ARM.attributes
                0x00000116       0x33 Libraries\STM32F10x_StdPeriph_Driver\src\stm32f10x_rcc.o
 .ARM.attributes
                0x00000149       0x33 Libraries\STM32F10x_StdPeriph_Driver\src\stm32f10x_rtc.o
 .ARM.attributes
                0x0000017c       0x33 Libraries\STM32F10x_StdPeriph_Driver\src\stm32f10x_tim.o
 .ARM.attributes
                0x000001af       0x33 Libraries\STM32F10x_StdPeriph_Driver\src\stm32f10x_usart.o
 .ARM.attributes
                0x000001e2       0x33 RTOS\list.o
 .ARM.attributes
                0x00000215       0x33 RTOS\portable\GCC\ARM_CM3\port.o
 .ARM.attributes
                0x00000248       0x33 RTOS\tasks.o
 .ARM.attributes
                0x0000027b       0x33 Servers\Servers.o
 .ARM.attributes
                0x000002ae       0x33 UserLib\Gen\GenLib.o
 .ARM.attributes
                0x000002e1       0x33 UserLib\keys\keys.o
 .ARM.attributes
                0x00000314       0x33 src\main.o
 .ARM.attributes
                0x00000347       0x21 src\startup_stm32f10x_hd.o
 .ARM.attributes
                0x00000368       0x33 src\syscalls.o
 .ARM.attributes
                0x0000039b       0x33 src\system_stm32f10x.o
 .ARM.attributes
                0x000003ce       0x33 src\tiny_printf.o
 .ARM.attributes
                0x00000401       0x2d c:/usersoftware/truestudio for stm32 9.3.0/armtools/bin/../lib/gcc/arm-atollic-eabi/6.3.1/../../../../arm-atollic-eabi/lib/armv7-m\libc.a(lib_a-init.o)
 .ARM.attributes
                0x0000042e       0x17 c:/usersoftware/truestudio for stm32 9.3.0/armtools/bin/../lib/gcc/arm-atollic-eabi/6.3.1/../../../../arm-atollic-eabi/lib/armv7-m\libc.a(lib_a-strlen.o)
 .ARM.attributes
                0x00000445       0x1d c:/usersoftware/truestudio for stm32 9.3.0/armtools/bin/../lib/gcc/arm-atollic-eabi/6.3.1/armv7-m/crtn.o
OUTPUT(Å©»ú.elf elf32-littlearm)

.debug_info     0x00000000     0xfd5c
 .debug_info    0x00000000      0x54d Libraries\STM32F10x_StdPeriph_Driver\src\misc.o
 .debug_info    0x0000054d      0xbaf Libraries\STM32F10x_StdPeriph_Driver\src\stm32f10x_can.o
 .debug_info    0x000010fc      0x360 Libraries\STM32F10x_StdPeriph_Driver\src\stm32f10x_exti.o
 .debug_info    0x0000145c      0x701 Libraries\STM32F10x_StdPeriph_Driver\src\stm32f10x_gpio.o
 .debug_info    0x00001b5d      0x8b2 Libraries\STM32F10x_StdPeriph_Driver\src\stm32f10x_rcc.o
 .debug_info    0x0000240f      0x466 Libraries\STM32F10x_StdPeriph_Driver\src\stm32f10x_rtc.o
 .debug_info    0x00002875     0x1c6b Libraries\STM32F10x_StdPeriph_Driver\src\stm32f10x_tim.o
 .debug_info    0x000044e0      0x9fb Libraries\STM32F10x_StdPeriph_Driver\src\stm32f10x_usart.o
 .debug_info    0x00004edb      0xadc RTOS\list.o
 .debug_info    0x000059b7      0x4ca RTOS\portable\GCC\ARM_CM3\port.o
 .debug_info    0x00005e81     0x234c RTOS\tasks.o
 .debug_info    0x000081cd     0x14a8 Servers\Servers.o
 .debug_info    0x00009675     0x2653 UserLib\Gen\GenLib.o
 .debug_info    0x0000bcc8      0xe3b UserLib\keys\keys.o
 .debug_info    0x0000cb03     0x113b src\main.o
 .debug_info    0x0000dc3e       0x5a src\startup_stm32f10x_hd.o
 .debug_info    0x0000dc98      0xf8c src\syscalls.o
 .debug_info    0x0000ec24      0x4a7 src\system_stm32f10x.o
 .debug_info    0x0000f0cb      0xc91 src\tiny_printf.o

.debug_abbrev   0x00000000     0x262e
 .debug_abbrev  0x00000000      0x172 Libraries\STM32F10x_StdPeriph_Driver\src\misc.o
 .debug_abbrev  0x00000172      0x206 Libraries\STM32F10x_StdPeriph_Driver\src\stm32f10x_can.o
 .debug_abbrev  0x00000378      0x168 Libraries\STM32F10x_StdPeriph_Driver\src\stm32f10x_exti.o
 .debug_abbrev  0x000004e0      0x1dd Libraries\STM32F10x_StdPeriph_Driver\src\stm32f10x_gpio.o
 .debug_abbrev  0x000006bd      0x1cf Libraries\STM32F10x_StdPeriph_Driver\src\stm32f10x_rcc.o
 .debug_abbrev  0x0000088c      0x1a0 Libraries\STM32F10x_StdPeriph_Driver\src\stm32f10x_rtc.o
 .debug_abbrev  0x00000a2c      0x1c3 Libraries\STM32F10x_StdPeriph_Driver\src\stm32f10x_tim.o
 .debug_abbrev  0x00000bef      0x18f Libraries\STM32F10x_StdPeriph_Driver\src\stm32f10x_usart.o
 .debug_abbrev  0x00000d7e      0x1cc RTOS\list.o
 .debug_abbrev  0x00000f4a      0x1f1 RTOS\portable\GCC\ARM_CM3\port.o
 .debug_abbrev  0x0000113b      0x333 RTOS\tasks.o
 .debug_abbrev  0x0000146e      0x319 Servers\Servers.o
 .debug_abbrev  0x00001787      0x413 UserLib\Gen\GenLib.o
 .debug_abbrev  0x00001b9a      0x277 UserLib\keys\keys.o
 .debug_abbrev  0x00001e11      0x214 src\main.o
 .debug_abbrev  0x00002025       0x12 src\startup_stm32f10x_hd.o
 .debug_abbrev  0x00002037      0x227 src\syscalls.o
 .debug_abbrev  0x0000225e      0x16e src\system_stm32f10x.o
 .debug_abbrev  0x000023cc      0x262 src\tiny_printf.o

.debug_aranges  0x00000000      0xe50
 .debug_aranges
                0x00000000       0x40 Libraries\STM32F10x_StdPeriph_Driver\src\misc.o
 .debug_aranges
                0x00000040       0xe0 Libraries\STM32F10x_StdPeriph_Driver\src\stm32f10x_can.o
 .debug_aranges
                0x00000120       0x58 Libraries\STM32F10x_StdPeriph_Driver\src\stm32f10x_exti.o
 .debug_aranges
                0x00000178       0xa8 Libraries\STM32F10x_StdPeriph_Driver\src\stm32f10x_gpio.o
 .debug_aranges
                0x00000220      0x118 Libraries\STM32F10x_StdPeriph_Driver\src\stm32f10x_rcc.o
 .debug_aranges
                0x00000338       0x88 Libraries\STM32F10x_StdPeriph_Driver\src\stm32f10x_rtc.o
 .debug_aranges
                0x000003c0      0x2f0 Libraries\STM32F10x_StdPeriph_Driver\src\stm32f10x_tim.o
 .debug_aranges
                0x000006b0      0x100 Libraries\STM32F10x_StdPeriph_Driver\src\stm32f10x_usart.o
 .debug_aranges
                0x000007b0       0x40 RTOS\list.o
 .debug_aranges
                0x000007f0       0x78 RTOS\portable\GCC\ARM_CM3\port.o
 .debug_aranges
                0x00000868      0x1b0 RTOS\tasks.o
 .debug_aranges
                0x00000a18       0x90 Servers\Servers.o
 .debug_aranges
                0x00000aa8      0x198 UserLib\Gen\GenLib.o
 .debug_aranges
                0x00000c40       0x70 UserLib\keys\keys.o
 .debug_aranges
                0x00000cb0       0x30 src\main.o
 .debug_aranges
                0x00000ce0       0x28 src\startup_stm32f10x_hd.o
 .debug_aranges
                0x00000d08       0xb0 src\syscalls.o
 .debug_aranges
                0x00000db8       0x38 src\system_stm32f10x.o
 .debug_aranges
                0x00000df0       0x60 src\tiny_printf.o

.debug_ranges   0x00000000      0xd28
 .debug_ranges  0x00000000       0x30 Libraries\STM32F10x_StdPeriph_Driver\src\misc.o
 .debug_ranges  0x00000030       0xd0 Libraries\STM32F10x_StdPeriph_Driver\src\stm32f10x_can.o
 .debug_ranges  0x00000100       0x48 Libraries\STM32F10x_StdPeriph_Driver\src\stm32f10x_exti.o
 .debug_ranges  0x00000148       0x98 Libraries\STM32F10x_StdPeriph_Driver\src\stm32f10x_gpio.o
 .debug_ranges  0x000001e0      0x108 Libraries\STM32F10x_StdPeriph_Driver\src\stm32f10x_rcc.o
 .debug_ranges  0x000002e8       0x78 Libraries\STM32F10x_StdPeriph_Driver\src\stm32f10x_rtc.o
 .debug_ranges  0x00000360      0x2e0 Libraries\STM32F10x_StdPeriph_Driver\src\stm32f10x_tim.o
 .debug_ranges  0x00000640       0xf0 Libraries\STM32F10x_StdPeriph_Driver\src\stm32f10x_usart.o
 .debug_ranges  0x00000730       0x30 RTOS\list.o
 .debug_ranges  0x00000760       0x68 RTOS\portable\GCC\ARM_CM3\port.o
 .debug_ranges  0x000007c8      0x1a0 RTOS\tasks.o
 .debug_ranges  0x00000968       0x80 Servers\Servers.o
 .debug_ranges  0x000009e8      0x188 UserLib\Gen\GenLib.o
 .debug_ranges  0x00000b70       0x60 UserLib\keys\keys.o
 .debug_ranges  0x00000bd0       0x20 src\main.o
 .debug_ranges  0x00000bf0       0x20 src\startup_stm32f10x_hd.o
 .debug_ranges  0x00000c10       0xa0 src\syscalls.o
 .debug_ranges  0x00000cb0       0x28 src\system_stm32f10x.o
 .debug_ranges  0x00000cd8       0x50 src\tiny_printf.o

.debug_line     0x00000000     0x5878
 .debug_line    0x00000000      0x23e Libraries\STM32F10x_StdPeriph_Driver\src\misc.o
 .debug_line    0x0000023e      0x565 Libraries\STM32F10x_StdPeriph_Driver\src\stm32f10x_can.o
 .debug_line    0x000007a3      0x2a1 Libraries\STM32F10x_StdPeriph_Driver\src\stm32f10x_exti.o
 .debug_line    0x00000a44      0x3cb Libraries\STM32F10x_StdPeriph_Driver\src\stm32f10x_gpio.o
 .debug_line    0x00000e0f      0x4c6 Libraries\STM32F10x_StdPeriph_Driver\src\stm32f10x_rcc.o
 .debug_line    0x000012d5      0x2d0 Libraries\STM32F10x_StdPeriph_Driver\src\stm32f10x_rtc.o
 .debug_line    0x000015a5      0xb4b Libraries\STM32F10x_StdPeriph_Driver\src\stm32f10x_tim.o
 .debug_line    0x000020f0      0x4ad Libraries\STM32F10x_StdPeriph_Driver\src\stm32f10x_usart.o
 .debug_line    0x0000259d      0x2bd RTOS\list.o
 .debug_line    0x0000285a      0x34e RTOS\portable\GCC\ARM_CM3\port.o
 .debug_line    0x00002ba8      0xd60 RTOS\tasks.o
 .debug_line    0x00003908      0x620 Servers\Servers.o
 .debug_line    0x00003f28      0x9bd UserLib\Gen\GenLib.o
 .debug_line    0x000048e5      0x3d0 UserLib\keys\keys.o
 .debug_line    0x00004cb5      0x306 src\main.o
 .debug_line    0x00004fbb       0x7c src\startup_stm32f10x_hd.o
 .debug_line    0x00005037      0x383 src\syscalls.o
 .debug_line    0x000053ba      0x22c src\system_stm32f10x.o
 .debug_line    0x000055e6      0x292 src\tiny_printf.o

.debug_str      0x00000000     0x489a
 .debug_str     0x00000000      0x3c4 Libraries\STM32F10x_StdPeriph_Driver\src\misc.o
                                0x411 (size before relaxing)
 .debug_str     0x000003c4      0x534 Libraries\STM32F10x_StdPeriph_Driver\src\stm32f10x_can.o
                                0x781 (size before relaxing)
 .debug_str     0x000008f8      0x1cd Libraries\STM32F10x_StdPeriph_Driver\src\stm32f10x_exti.o
                                0x39c (size before relaxing)
 .debug_str     0x00000ac5      0x37e Libraries\STM32F10x_StdPeriph_Driver\src\stm32f10x_gpio.o
                                0x56c (size before relaxing)
 .debug_str     0x00000e43      0x44d Libraries\STM32F10x_StdPeriph_Driver\src\stm32f10x_rcc.o
                                0x66d (size before relaxing)
 .debug_str     0x00001290      0x1c7 Libraries\STM32F10x_StdPeriph_Driver\src\stm32f10x_rtc.o
                                0x401 (size before relaxing)
 .debug_str     0x00001457      0xb76 Libraries\STM32F10x_StdPeriph_Driver\src\stm32f10x_tim.o
                                0xe30 (size before relaxing)
 .debug_str     0x00001fcd      0x42a Libraries\STM32F10x_StdPeriph_Driver\src\stm32f10x_usart.o
                                0x6e3 (size before relaxing)
 .debug_str     0x000023f7      0x520 RTOS\list.o
                                0x6d9 (size before relaxing)
 .debug_str     0x00002917      0x250 RTOS\portable\GCC\ARM_CM3\port.o
                                0x3f2 (size before relaxing)
 .debug_str     0x00002b67      0xae4 RTOS\tasks.o
                               0x11f4 (size before relaxing)
 .debug_str     0x0000364b      0x336 Servers\Servers.o
                                0x9c8 (size before relaxing)
 .debug_str     0x00003981      0x9b5 UserLib\Gen\GenLib.o
                               0x17cf (size before relaxing)
 .debug_str     0x00004336      0x14d UserLib\keys\keys.o
                                0xd50 (size before relaxing)
 .debug_str     0x00004483       0xd3 src\main.o
                                0x964 (size before relaxing)
 .debug_str     0x00004556      0x230 src\syscalls.o
                                0x84f (size before relaxing)
 .debug_str     0x00004786       0x7b src\system_stm32f10x.o
                                0x30e (size before relaxing)
 .debug_str     0x00004801       0x99 src\tiny_printf.o
                                0x63e (size before relaxing)

.comment        0x00000000       0x7c
 .comment       0x00000000       0x7c Libraries\STM32F10x_StdPeriph_Driver\src\misc.o
                                 0x7d (size before relaxing)
 .comment       0x0000007c       0x7d Libraries\STM32F10x_StdPeriph_Driver\src\stm32f10x_can.o
 .comment       0x0000007c       0x7d Libraries\STM32F10x_StdPeriph_Driver\src\stm32f10x_exti.o
 .comment       0x0000007c       0x7d Libraries\STM32F10x_StdPeriph_Driver\src\stm32f10x_gpio.o
 .comment       0x0000007c       0x7d Libraries\STM32F10x_StdPeriph_Driver\src\stm32f10x_rcc.o
 .comment       0x0000007c       0x7d Libraries\STM32F10x_StdPeriph_Driver\src\stm32f10x_rtc.o
 .comment       0x0000007c       0x7d Libraries\STM32F10x_StdPeriph_Driver\src\stm32f10x_tim.o
 .comment       0x0000007c       0x7d Libraries\STM32F10x_StdPeriph_Driver\src\stm32f10x_usart.o
 .comment       0x0000007c       0x7d RTOS\list.o
 .comment       0x0000007c       0x7d RTOS\portable\GCC\ARM_CM3\port.o
 .comment       0x0000007c       0x7d RTOS\tasks.o
 .comment       0x0000007c       0x7d Servers\Servers.o
 .comment       0x0000007c       0x7d UserLib\Gen\GenLib.o
 .comment       0x0000007c       0x7d UserLib\keys\keys.o
 .comment       0x0000007c       0x7d src\main.o
 .comment       0x0000007c       0x7d src\syscalls.o
 .comment       0x0000007c       0x7d src\system_stm32f10x.o
 .comment       0x0000007c       0x7d src\tiny_printf.o

.debug_frame    0x00000000     0x3d0c
 .debug_frame   0x00000000       0xd8 Libraries\STM32F10x_StdPeriph_Driver\src\misc.o
 .debug_frame   0x000000d8      0x3f0 Libraries\STM32F10x_StdPeriph_Driver\src\stm32f10x_can.o
 .debug_frame   0x000004c8      0x148 Libraries\STM32F10x_StdPeriph_Driver\src\stm32f10x_exti.o
 .debug_frame   0x00000610      0x2d0 Libraries\STM32F10x_StdPeriph_Driver\src\stm32f10x_gpio.o
 .debug_frame   0x000008e0      0x4f4 Libraries\STM32F10x_StdPeriph_Driver\src\stm32f10x_rcc.o
 .debug_frame   0x00000dd4      0x214 Libraries\STM32F10x_StdPeriph_Driver\src\stm32f10x_rtc.o
 .debug_frame   0x00000fe8      0xe2c Libraries\STM32F10x_StdPeriph_Driver\src\stm32f10x_tim.o
 .debug_frame   0x00001e14      0x490 Libraries\STM32F10x_StdPeriph_Driver\src\stm32f10x_usart.o
 .debug_frame   0x000022a4       0xd8 RTOS\list.o
 .debug_frame   0x0000237c      0x198 RTOS\portable\GCC\ARM_CM3\port.o
 .debug_frame   0x00002514      0x74c RTOS\tasks.o
 .debug_frame   0x00002c60      0x264 Servers\Servers.o
 .debug_frame   0x00002ec4      0x6ec UserLib\Gen\GenLib.o
 .debug_frame   0x000035b0      0x184 UserLib\keys\keys.o
 .debug_frame   0x00003734       0x70 src\main.o
 .debug_frame   0x000037a4      0x2e8 src\syscalls.o
 .debug_frame   0x00003a8c       0x98 src\system_stm32f10x.o
 .debug_frame   0x00003b24      0x1bc src\tiny_printf.o
 .debug_frame   0x00003ce0       0x2c c:/usersoftware/truestudio for stm32 9.3.0/armtools/bin/../lib/gcc/arm-atollic-eabi/6.3.1/../../../../arm-atollic-eabi/lib/armv7-m\libc.a(lib_a-init.o)

Cross Reference Table

Symbol                                            File
ADC1_2_IRQHandler                                 src\startup_stm32f10x_hd.o
ADC3_IRQHandler                                   src\startup_stm32f10x_hd.o
ADC_AnalogWatchdogCmd                             Libraries\STM32F10x_StdPeriph_Driver\src\stm32f10x_adc.o
ADC_AnalogWatchdogSingleChannelConfig             Libraries\STM32F10x_StdPeriph_Driver\src\stm32f10x_adc.o
ADC_AnalogWatchdogThresholdsConfig                Libraries\STM32F10x_StdPeriph_Driver\src\stm32f10x_adc.o
ADC_AutoInjectedConvCmd                           Libraries\STM32F10x_StdPeriph_Driver\src\stm32f10x_adc.o
ADC_ClearFlag                                     Libraries\STM32F10x_StdPeriph_Driver\src\stm32f10x_adc.o
ADC_ClearITPendingBit                             Libraries\STM32F10x_StdPeriph_Driver\src\stm32f10x_adc.o
ADC_Cmd                                           Libraries\STM32F10x_StdPeriph_Driver\src\stm32f10x_adc.o
                                                  UserLib\Gen\GenLib.o
ADC_DMACmd                                        Libraries\STM32F10x_StdPeriph_Driver\src\stm32f10x_adc.o
ADC_DeInit                                        Libraries\STM32F10x_StdPeriph_Driver\src\stm32f10x_adc.o
                                                  UserLib\Gen\GenLib.o
ADC_DiscModeChannelCountConfig                    Libraries\STM32F10x_StdPeriph_Driver\src\stm32f10x_adc.o
ADC_DiscModeCmd                                   Libraries\STM32F10x_StdPeriph_Driver\src\stm32f10x_adc.o
ADC_ExternalTrigConvCmd                           Libraries\STM32F10x_StdPeriph_Driver\src\stm32f10x_adc.o
ADC_ExternalTrigInjectedConvCmd                   Libraries\STM32F10x_StdPeriph_Driver\src\stm32f10x_adc.o
ADC_ExternalTrigInjectedConvConfig                Libraries\STM32F10x_StdPeriph_Driver\src\stm32f10x_adc.o
ADC_GetCalibrationStatus                          Libraries\STM32F10x_StdPeriph_Driver\src\stm32f10x_adc.o
                                                  UserLib\Gen\GenLib.o
ADC_GetConversionValue                            Libraries\STM32F10x_StdPeriph_Driver\src\stm32f10x_adc.o
                                                  UserLib\Gen\GenLib.o
ADC_GetDualModeConversionValue                    Libraries\STM32F10x_StdPeriph_Driver\src\stm32f10x_adc.o
ADC_GetFlagStatus                                 Libraries\STM32F10x_StdPeriph_Driver\src\stm32f10x_adc.o
                                                  UserLib\Gen\GenLib.o
ADC_GetITStatus                                   Libraries\STM32F10x_StdPeriph_Driver\src\stm32f10x_adc.o
ADC_GetInjectedConversionValue                    Libraries\STM32F10x_StdPeriph_Driver\src\stm32f10x_adc.o
ADC_GetResetCalibrationStatus                     Libraries\STM32F10x_StdPeriph_Driver\src\stm32f10x_adc.o
                                                  UserLib\Gen\GenLib.o
ADC_GetSoftwareStartConvStatus                    Libraries\STM32F10x_StdPeriph_Driver\src\stm32f10x_adc.o
ADC_GetSoftwareStartInjectedConvCmdStatus         Libraries\STM32F10x_StdPeriph_Driver\src\stm32f10x_adc.o
ADC_ITConfig                                      Libraries\STM32F10x_StdPeriph_Driver\src\stm32f10x_adc.o
ADC_Init                                          Libraries\STM32F10x_StdPeriph_Driver\src\stm32f10x_adc.o
                                                  UserLib\Gen\GenLib.o
ADC_InjectedChannelConfig                         Libraries\STM32F10x_StdPeriph_Driver\src\stm32f10x_adc.o
ADC_InjectedDiscModeCmd                           Libraries\STM32F10x_StdPeriph_Driver\src\stm32f10x_adc.o
ADC_InjectedSequencerLengthConfig                 Libraries\STM32F10x_StdPeriph_Driver\src\stm32f10x_adc.o
ADC_RegularChannelConfig                          Libraries\STM32F10x_StdPeriph_Driver\src\stm32f10x_adc.o
                                                  UserLib\Gen\GenLib.o
ADC_ResetCalibration                              Libraries\STM32F10x_StdPeriph_Driver\src\stm32f10x_adc.o
                                                  UserLib\Gen\GenLib.o
ADC_SetInjectedOffset                             Libraries\STM32F10x_StdPeriph_Driver\src\stm32f10x_adc.o
ADC_SoftwareStartConvCmd                          Libraries\STM32F10x_StdPeriph_Driver\src\stm32f10x_adc.o
                                                  UserLib\Gen\GenLib.o
ADC_SoftwareStartInjectedConvCmd                  Libraries\STM32F10x_StdPeriph_Driver\src\stm32f10x_adc.o
ADC_StartCalibration                              Libraries\STM32F10x_StdPeriph_Driver\src\stm32f10x_adc.o
                                                  UserLib\Gen\GenLib.o
ADC_StructInit                                    Libraries\STM32F10x_StdPeriph_Driver\src\stm32f10x_adc.o
ADC_TempSensorVrefintCmd                          Libraries\STM32F10x_StdPeriph_Driver\src\stm32f10x_adc.o
AHBPrescTable                                     src\system_stm32f10x.o
Analysys                                          Servers\Servers.o
                                                  UserLib\Gen\GenLib.o
Analysys_DATA                                     Servers\Servers.o
Analysys_ID                                       Servers\Servers.o
BC28_Init                                         Servers\Servers.o
                                                  src\main.o
BC28_RESET                                        Servers\Servers.o
BKP_ClearFlag                                     Libraries\STM32F10x_StdPeriph_Driver\src\stm32f10x_bkp.o
BKP_ClearITPendingBit                             Libraries\STM32F10x_StdPeriph_Driver\src\stm32f10x_bkp.o
BKP_DeInit                                        Libraries\STM32F10x_StdPeriph_Driver\src\stm32f10x_bkp.o
BKP_GetFlagStatus                                 Libraries\STM32F10x_StdPeriph_Driver\src\stm32f10x_bkp.o
BKP_GetITStatus                                   Libraries\STM32F10x_StdPeriph_Driver\src\stm32f10x_bkp.o
BKP_ITConfig                                      Libraries\STM32F10x_StdPeriph_Driver\src\stm32f10x_bkp.o
BKP_RTCOutputConfig                               Libraries\STM32F10x_StdPeriph_Driver\src\stm32f10x_bkp.o
BKP_ReadBackupRegister                            Libraries\STM32F10x_StdPeriph_Driver\src\stm32f10x_bkp.o
BKP_SetRTCCalibrationValue                        Libraries\STM32F10x_StdPeriph_Driver\src\stm32f10x_bkp.o
BKP_TamperPinCmd                                  Libraries\STM32F10x_StdPeriph_Driver\src\stm32f10x_bkp.o
BKP_TamperPinLevelConfig                          Libraries\STM32F10x_StdPeriph_Driver\src\stm32f10x_bkp.o
BKP_WriteBackupRegister                           Libraries\STM32F10x_StdPeriph_Driver\src\stm32f10x_bkp.o
BusFault_Handler                                  src\startup_stm32f10x_hd.o
CAN1_RX1_IRQHandler                               src\startup_stm32f10x_hd.o
CAN1_SCE_IRQHandler                               src\startup_stm32f10x_hd.o
CAN_CancelTransmit                                Libraries\STM32F10x_StdPeriph_Driver\src\stm32f10x_can.o
CAN_ClearFlag                                     Libraries\STM32F10x_StdPeriph_Driver\src\stm32f10x_can.o
CAN_ClearITPendingBit                             Libraries\STM32F10x_StdPeriph_Driver\src\stm32f10x_can.o
CAN_DBGFreeze                                     Libraries\STM32F10x_StdPeriph_Driver\src\stm32f10x_can.o
CAN_DeInit                                        Libraries\STM32F10x_StdPeriph_Driver\src\stm32f10x_can.o
                                                  UserLib\Gen\GenLib.o
CAN_FIFORelease                                   Libraries\STM32F10x_StdPeriph_Driver\src\stm32f10x_can.o
CAN_FilterInit                                    Libraries\STM32F10x_StdPeriph_Driver\src\stm32f10x_can.o
                                                  UserLib\Gen\GenLib.o
CAN_GetFlagStatus                                 Libraries\STM32F10x_StdPeriph_Driver\src\stm32f10x_can.o
CAN_GetITStatus                                   Libraries\STM32F10x_StdPeriph_Driver\src\stm32f10x_can.o
CAN_GetLSBTransmitErrorCounter                    Libraries\STM32F10x_StdPeriph_Driver\src\stm32f10x_can.o
CAN_GetLastErrorCode                              Libraries\STM32F10x_StdPeriph_Driver\src\stm32f10x_can.o
CAN_GetReceiveErrorCounter                        Libraries\STM32F10x_StdPeriph_Driver\src\stm32f10x_can.o
CAN_INIT                                          UserLib\Gen\GenLib.o
                                                  src\main.o
CAN_ITConfig                                      Libraries\STM32F10x_StdPeriph_Driver\src\stm32f10x_can.o
                                                  UserLib\Gen\GenLib.o
CAN_IT_INIT                                       UserLib\Gen\GenLib.o
                                                  src\main.o
CAN_IT_SEND                                       UserLib\Gen\GenLib.o
CAN_Init                                          Libraries\STM32F10x_StdPeriph_Driver\src\stm32f10x_can.o
                                                  UserLib\Gen\GenLib.o
CAN_MessagePending                                Libraries\STM32F10x_StdPeriph_Driver\src\stm32f10x_can.o
                                                  UserLib\Gen\GenLib.o
CAN_OperatingModeRequest                          Libraries\STM32F10x_StdPeriph_Driver\src\stm32f10x_can.o
CAN_POLLING_INIT                                  UserLib\Gen\GenLib.o
CAN_POLLING_REC                                   UserLib\Gen\GenLib.o
CAN_POLLING_SEND                                  UserLib\Gen\GenLib.o
CAN_Receive                                       Libraries\STM32F10x_StdPeriph_Driver\src\stm32f10x_can.o
                                                  UserLib\Gen\GenLib.o
CAN_SlaveStartBank                                Libraries\STM32F10x_StdPeriph_Driver\src\stm32f10x_can.o
CAN_Sleep                                         Libraries\STM32F10x_StdPeriph_Driver\src\stm32f10x_can.o
CAN_StructInit                                    Libraries\STM32F10x_StdPeriph_Driver\src\stm32f10x_can.o
                                                  UserLib\Gen\GenLib.o
CAN_TTComModeCmd                                  Libraries\STM32F10x_StdPeriph_Driver\src\stm32f10x_can.o
CAN_Transmit                                      Libraries\STM32F10x_StdPeriph_Driver\src\stm32f10x_can.o
                                                  UserLib\Gen\GenLib.o
CAN_TransmitStatus                                Libraries\STM32F10x_StdPeriph_Driver\src\stm32f10x_can.o
                                                  UserLib\Gen\GenLib.o
CAN_WakeUp                                        Libraries\STM32F10x_StdPeriph_Driver\src\stm32f10x_can.o
CEC_ClearFlag                                     Libraries\STM32F10x_StdPeriph_Driver\src\stm32f10x_cec.o
CEC_ClearITPendingBit                             Libraries\STM32F10x_StdPeriph_Driver\src\stm32f10x_cec.o
CEC_Cmd                                           Libraries\STM32F10x_StdPeriph_Driver\src\stm32f10x_cec.o
CEC_DeInit                                        Libraries\STM32F10x_StdPeriph_Driver\src\stm32f10x_cec.o
CEC_EndOfMessageCmd                               Libraries\STM32F10x_StdPeriph_Driver\src\stm32f10x_cec.o
CEC_GetFlagStatus                                 Libraries\STM32F10x_StdPeriph_Driver\src\stm32f10x_cec.o
CEC_GetITStatus                                   Libraries\STM32F10x_StdPeriph_Driver\src\stm32f10x_cec.o
CEC_ITConfig                                      Libraries\STM32F10x_StdPeriph_Driver\src\stm32f10x_cec.o
CEC_Init                                          Libraries\STM32F10x_StdPeriph_Driver\src\stm32f10x_cec.o
CEC_OwnAddressConfig                              Libraries\STM32F10x_StdPeriph_Driver\src\stm32f10x_cec.o
CEC_ReceiveDataByte                               Libraries\STM32F10x_StdPeriph_Driver\src\stm32f10x_cec.o
CEC_SendDataByte                                  Libraries\STM32F10x_StdPeriph_Driver\src\stm32f10x_cec.o
CEC_SetPrescaler                                  Libraries\STM32F10x_StdPeriph_Driver\src\stm32f10x_cec.o
CEC_StartOfMessage                                Libraries\STM32F10x_StdPeriph_Driver\src\stm32f10x_cec.o
CRC_CalcBlockCRC                                  Libraries\STM32F10x_StdPeriph_Driver\src\stm32f10x_crc.o
CRC_CalcCRC                                       Libraries\STM32F10x_StdPeriph_Driver\src\stm32f10x_crc.o
CRC_GetCRC                                        Libraries\STM32F10x_StdPeriph_Driver\src\stm32f10x_crc.o
CRC_GetIDRegister                                 Libraries\STM32F10x_StdPeriph_Driver\src\stm32f10x_crc.o
CRC_ResetDR                                       Libraries\STM32F10x_StdPeriph_Driver\src\stm32f10x_crc.o
CRC_SetIDRegister                                 Libraries\STM32F10x_StdPeriph_Driver\src\stm32f10x_crc.o
DAC_Cmd                                           Libraries\STM32F10x_StdPeriph_Driver\src\stm32f10x_dac.o
                                                  UserLib\Gen\GenLib.o
DAC_DMACmd                                        Libraries\STM32F10x_StdPeriph_Driver\src\stm32f10x_dac.o
DAC_DeInit                                        Libraries\STM32F10x_StdPeriph_Driver\src\stm32f10x_dac.o
DAC_DualSoftwareTriggerCmd                        Libraries\STM32F10x_StdPeriph_Driver\src\stm32f10x_dac.o
DAC_GetDataOutputValue                            Libraries\STM32F10x_StdPeriph_Driver\src\stm32f10x_dac.o
DAC_Init                                          Libraries\STM32F10x_StdPeriph_Driver\src\stm32f10x_dac.o
                                                  UserLib\Gen\GenLib.o
DAC_SetChannel1Data                               Libraries\STM32F10x_StdPeriph_Driver\src\stm32f10x_dac.o
                                                  UserLib\Gen\GenLib.o
DAC_SetChannel2Data                               Libraries\STM32F10x_StdPeriph_Driver\src\stm32f10x_dac.o
                                                  UserLib\Gen\GenLib.o
DAC_SetDualChannelData                            Libraries\STM32F10x_StdPeriph_Driver\src\stm32f10x_dac.o
DAC_SoftwareTriggerCmd                            Libraries\STM32F10x_StdPeriph_Driver\src\stm32f10x_dac.o
DAC_StructInit                                    Libraries\STM32F10x_StdPeriph_Driver\src\stm32f10x_dac.o
DAC_WaveGenerationCmd                             Libraries\STM32F10x_StdPeriph_Driver\src\stm32f10x_dac.o
DB1                                               UserLib\Gen\GenLib.o
DB2                                               UserLib\Gen\GenLib.o
DB3                                               UserLib\Gen\GenLib.o
DB4                                               UserLib\Gen\GenLib.o
DBGMCU_Config                                     Libraries\STM32F10x_StdPeriph_Driver\src\stm32f10x_dbgmcu.o
DBGMCU_GetDEVID                                   Libraries\STM32F10x_StdPeriph_Driver\src\stm32f10x_dbgmcu.o
DBGMCU_GetREVID                                   Libraries\STM32F10x_StdPeriph_Driver\src\stm32f10x_dbgmcu.o
DC1                                               UserLib\Gen\GenLib.o
DC2                                               UserLib\Gen\GenLib.o
DC3                                               UserLib\Gen\GenLib.o
DC4                                               UserLib\Gen\GenLib.o
DMA1_Channel1_IRQHandler                          src\startup_stm32f10x_hd.o
DMA1_Channel2_IRQHandler                          src\startup_stm32f10x_hd.o
DMA1_Channel3_IRQHandler                          src\startup_stm32f10x_hd.o
DMA1_Channel4_IRQHandler                          src\startup_stm32f10x_hd.o
DMA1_Channel5_IRQHandler                          src\startup_stm32f10x_hd.o
DMA1_Channel6_IRQHandler                          src\startup_stm32f10x_hd.o
DMA1_Channel7_IRQHandler                          src\startup_stm32f10x_hd.o
DMA2_Channel1_IRQHandler                          src\startup_stm32f10x_hd.o
DMA2_Channel2_IRQHandler                          src\startup_stm32f10x_hd.o
DMA2_Channel3_IRQHandler                          src\startup_stm32f10x_hd.o
DMA2_Channel4_5_IRQHandler                        src\startup_stm32f10x_hd.o
DMA_ClearFlag                                     Libraries\STM32F10x_StdPeriph_Driver\src\stm32f10x_dma.o
DMA_ClearITPendingBit                             Libraries\STM32F10x_StdPeriph_Driver\src\stm32f10x_dma.o
DMA_Cmd                                           Libraries\STM32F10x_StdPeriph_Driver\src\stm32f10x_dma.o
DMA_DeInit                                        Libraries\STM32F10x_StdPeriph_Driver\src\stm32f10x_dma.o
DMA_GetCurrDataCounter                            Libraries\STM32F10x_StdPeriph_Driver\src\stm32f10x_dma.o
DMA_GetFlagStatus                                 Libraries\STM32F10x_StdPeriph_Driver\src\stm32f10x_dma.o
DMA_GetITStatus                                   Libraries\STM32F10x_StdPeriph_Driver\src\stm32f10x_dma.o
DMA_ITConfig                                      Libraries\STM32F10x_StdPeriph_Driver\src\stm32f10x_dma.o
DMA_Init                                          Libraries\STM32F10x_StdPeriph_Driver\src\stm32f10x_dma.o
DMA_SetCurrDataCounter                            Libraries\STM32F10x_StdPeriph_Driver\src\stm32f10x_dma.o
DMA_StructInit                                    Libraries\STM32F10x_StdPeriph_Driver\src\stm32f10x_dma.o
DebugMon_Handler                                  src\startup_stm32f10x_hd.o
Default_Handler                                   src\startup_stm32f10x_hd.o
DutyCycleB                                        UserLib\Gen\GenLib.o
DutyCycleC                                        UserLib\Gen\GenLib.o
E1_turn_left                                      UserLib\keys\keys.o
E1_turn_right                                     UserLib\keys\keys.o
E2_turn_left                                      UserLib\keys\keys.o
E2_turn_right                                     UserLib\keys\keys.o
EC11_init                                         UserLib\keys\keys.o
ERDI                                              UserLib\SPI_FLASH\SPI_FLASH.o
EXTI0_IRQHandler                                  UserLib\keys\keys.o
EXTI15_10_IRQHandler                              UserLib\keys\keys.o
EXTI1_IRQHandler                                  UserLib\keys\keys.o
EXTI2_IRQHandler                                  UserLib\keys\keys.o
EXTI3_IRQHandler                                  src\startup_stm32f10x_hd.o
EXTI4_IRQHandler                                  src\startup_stm32f10x_hd.o
EXTI9_5_IRQHandler                                UserLib\keys\keys.o
EXTI_ClearFlag                                    Libraries\STM32F10x_StdPeriph_Driver\src\stm32f10x_exti.o
EXTI_ClearITPendingBit                            Libraries\STM32F10x_StdPeriph_Driver\src\stm32f10x_exti.o
                                                  UserLib\keys\keys.o
EXTI_DeInit                                       Libraries\STM32F10x_StdPeriph_Driver\src\stm32f10x_exti.o
EXTI_GenerateSWInterrupt                          Libraries\STM32F10x_StdPeriph_Driver\src\stm32f10x_exti.o
EXTI_GetFlagStatus                                Libraries\STM32F10x_StdPeriph_Driver\src\stm32f10x_exti.o
EXTI_GetITStatus                                  Libraries\STM32F10x_StdPeriph_Driver\src\stm32f10x_exti.o
EXTI_Init                                         Libraries\STM32F10x_StdPeriph_Driver\src\stm32f10x_exti.o
                                                  UserLib\keys\keys.o
EXTI_StructInit                                   Libraries\STM32F10x_StdPeriph_Driver\src\stm32f10x_exti.o
F6x8                                              UserLib\oled\oled.o
F8X16                                             UserLib\oled\oled.o
FLASH_ClearFlag                                   Libraries\STM32F10x_StdPeriph_Driver\src\stm32f10x_flash.o
                                                  UserLib\Gen\GenLib.o
FLASH_EnableWriteProtection                       Libraries\STM32F10x_StdPeriph_Driver\src\stm32f10x_flash.o
FLASH_EraseAllBank1Pages                          Libraries\STM32F10x_StdPeriph_Driver\src\stm32f10x_flash.o
FLASH_EraseAllPages                               Libraries\STM32F10x_StdPeriph_Driver\src\stm32f10x_flash.o
FLASH_EraseOptionBytes                            Libraries\STM32F10x_StdPeriph_Driver\src\stm32f10x_flash.o
FLASH_ErasePage                                   Libraries\STM32F10x_StdPeriph_Driver\src\stm32f10x_flash.o
                                                  UserLib\Gen\GenLib.o
FLASH_GetBank1Status                              Libraries\STM32F10x_StdPeriph_Driver\src\stm32f10x_flash.o
FLASH_GetFlagStatus                               Libraries\STM32F10x_StdPeriph_Driver\src\stm32f10x_flash.o
FLASH_GetPrefetchBufferStatus                     Libraries\STM32F10x_StdPeriph_Driver\src\stm32f10x_flash.o
FLASH_GetReadOutProtectionStatus                  Libraries\STM32F10x_StdPeriph_Driver\src\stm32f10x_flash.o
FLASH_GetStatus                                   Libraries\STM32F10x_StdPeriph_Driver\src\stm32f10x_flash.o
FLASH_GetUserOptionByte                           Libraries\STM32F10x_StdPeriph_Driver\src\stm32f10x_flash.o
FLASH_GetWriteProtectionOptionByte                Libraries\STM32F10x_StdPeriph_Driver\src\stm32f10x_flash.o
FLASH_HalfCycleAccessCmd                          Libraries\STM32F10x_StdPeriph_Driver\src\stm32f10x_flash.o
FLASH_IRQHandler                                  src\startup_stm32f10x_hd.o
FLASH_ITConfig                                    Libraries\STM32F10x_StdPeriph_Driver\src\stm32f10x_flash.o
FLASH_Lock                                        Libraries\STM32F10x_StdPeriph_Driver\src\stm32f10x_flash.o
                                                  UserLib\Gen\GenLib.o
FLASH_LockBank1                                   Libraries\STM32F10x_StdPeriph_Driver\src\stm32f10x_flash.o
FLASH_PrefetchBufferCmd                           Libraries\STM32F10x_StdPeriph_Driver\src\stm32f10x_flash.o
                                                  UserLib\Gen\GenLib.o
FLASH_ProgramHalfWord                             Libraries\STM32F10x_StdPeriph_Driver\src\stm32f10x_flash.o
                                                  UserLib\Gen\GenLib.o
FLASH_ProgramOptionByteData                       Libraries\STM32F10x_StdPeriph_Driver\src\stm32f10x_flash.o
FLASH_ProgramWord                                 Libraries\STM32F10x_StdPeriph_Driver\src\stm32f10x_flash.o
FLASH_ReadOutProtection                           Libraries\STM32F10x_StdPeriph_Driver\src\stm32f10x_flash.o
FLASH_SetLatency                                  Libraries\STM32F10x_StdPeriph_Driver\src\stm32f10x_flash.o
                                                  UserLib\Gen\GenLib.o
FLASH_Unlock                                      Libraries\STM32F10x_StdPeriph_Driver\src\stm32f10x_flash.o
                                                  UserLib\Gen\GenLib.o
FLASH_UnlockBank1                                 Libraries\STM32F10x_StdPeriph_Driver\src\stm32f10x_flash.o
FLASH_UserOptionByteConfig                        Libraries\STM32F10x_StdPeriph_Driver\src\stm32f10x_flash.o
FLASH_WaitForLastBank1Operation                   Libraries\STM32F10x_StdPeriph_Driver\src\stm32f10x_flash.o
FLASH_WaitForLastOperation                        Libraries\STM32F10x_StdPeriph_Driver\src\stm32f10x_flash.o
FSMC_ClearFlag                                    Libraries\STM32F10x_StdPeriph_Driver\src\stm32f10x_fsmc.o
FSMC_ClearITPendingBit                            Libraries\STM32F10x_StdPeriph_Driver\src\stm32f10x_fsmc.o
FSMC_GetECC                                       Libraries\STM32F10x_StdPeriph_Driver\src\stm32f10x_fsmc.o
FSMC_GetFlagStatus                                Libraries\STM32F10x_StdPeriph_Driver\src\stm32f10x_fsmc.o
FSMC_GetITStatus                                  Libraries\STM32F10x_StdPeriph_Driver\src\stm32f10x_fsmc.o
FSMC_IRQHandler                                   src\startup_stm32f10x_hd.o
FSMC_ITConfig                                     Libraries\STM32F10x_StdPeriph_Driver\src\stm32f10x_fsmc.o
FSMC_NANDCmd                                      Libraries\STM32F10x_StdPeriph_Driver\src\stm32f10x_fsmc.o
FSMC_NANDDeInit                                   Libraries\STM32F10x_StdPeriph_Driver\src\stm32f10x_fsmc.o
FSMC_NANDECCCmd                                   Libraries\STM32F10x_StdPeriph_Driver\src\stm32f10x_fsmc.o
FSMC_NANDInit                                     Libraries\STM32F10x_StdPeriph_Driver\src\stm32f10x_fsmc.o
FSMC_NANDStructInit                               Libraries\STM32F10x_StdPeriph_Driver\src\stm32f10x_fsmc.o
FSMC_NORSRAMCmd                                   Libraries\STM32F10x_StdPeriph_Driver\src\stm32f10x_fsmc.o
FSMC_NORSRAMDeInit                                Libraries\STM32F10x_StdPeriph_Driver\src\stm32f10x_fsmc.o
FSMC_NORSRAMInit                                  Libraries\STM32F10x_StdPeriph_Driver\src\stm32f10x_fsmc.o
FSMC_NORSRAMStructInit                            Libraries\STM32F10x_StdPeriph_Driver\src\stm32f10x_fsmc.o
FSMC_PCCARDCmd                                    Libraries\STM32F10x_StdPeriph_Driver\src\stm32f10x_fsmc.o
FSMC_PCCARDDeInit                                 Libraries\STM32F10x_StdPeriph_Driver\src\stm32f10x_fsmc.o
FSMC_PCCARDInit                                   Libraries\STM32F10x_StdPeriph_Driver\src\stm32f10x_fsmc.o
FSMC_PCCARDStructInit                             Libraries\STM32F10x_StdPeriph_Driver\src\stm32f10x_fsmc.o
FlashRead_16bitbuffer                             UserLib\Gen\GenLib.o
FlashRead_8bitbuffer                              UserLib\Gen\GenLib.o
FlashWrite_16bitbuffer                            UserLib\Gen\GenLib.o
FlashWrite_8bitbuffer                             UserLib\Gen\GenLib.o
Flash_Erase                                       UserLib\Gen\GenLib.o
GPIO_AFIODeInit                                   Libraries\STM32F10x_StdPeriph_Driver\src\stm32f10x_gpio.o
GPIO_DeInit                                       Libraries\STM32F10x_StdPeriph_Driver\src\stm32f10x_gpio.o
GPIO_ETH_MediaInterfaceConfig                     Libraries\STM32F10x_StdPeriph_Driver\src\stm32f10x_gpio.o
GPIO_EXTILineConfig                               Libraries\STM32F10x_StdPeriph_Driver\src\stm32f10x_gpio.o
                                                  UserLib\keys\keys.o
GPIO_EventOutputCmd                               Libraries\STM32F10x_StdPeriph_Driver\src\stm32f10x_gpio.o
GPIO_EventOutputConfig                            Libraries\STM32F10x_StdPeriph_Driver\src\stm32f10x_gpio.o
GPIO_Init                                         Libraries\STM32F10x_StdPeriph_Driver\src\stm32f10x_gpio.o
                                                  UserLib\SPI_FLASH\SPI_FLASH.o
                                                  UserLib\Gen\GenLib.o
GPIO_InitStruct                                   UserLib\Gen\GenLib.o
GPIO_PinLockConfig                                Libraries\STM32F10x_StdPeriph_Driver\src\stm32f10x_gpio.o
GPIO_PinRemapConfig                               Libraries\STM32F10x_StdPeriph_Driver\src\stm32f10x_gpio.o
GPIO_ReadInputData                                Libraries\STM32F10x_StdPeriph_Driver\src\stm32f10x_gpio.o
GPIO_ReadInputDataBit                             Libraries\STM32F10x_StdPeriph_Driver\src\stm32f10x_gpio.o
                                                  UserLib\keys\keys.o
GPIO_ReadOutputData                               Libraries\STM32F10x_StdPeriph_Driver\src\stm32f10x_gpio.o
GPIO_ReadOutputDataBit                            Libraries\STM32F10x_StdPeriph_Driver\src\stm32f10x_gpio.o
GPIO_ResetBits                                    Libraries\STM32F10x_StdPeriph_Driver\src\stm32f10x_gpio.o
                                                  UserLib\SPI_FLASH\SPI_FLASH.o
GPIO_SetBits                                      Libraries\STM32F10x_StdPeriph_Driver\src\stm32f10x_gpio.o
GPIO_StructInit                                   Libraries\STM32F10x_StdPeriph_Driver\src\stm32f10x_gpio.o
GPIO_Write                                        Libraries\STM32F10x_StdPeriph_Driver\src\stm32f10x_gpio.o
GPIO_WriteBit                                     Libraries\STM32F10x_StdPeriph_Driver\src\stm32f10x_gpio.o
                                                  UserLib\oled\oled.o
                                                  UserLib\SPI_FLASH\SPI_FLASH.o
                                                  Servers\Servers.o
GPSDATA                                           src\main.o
GPSINIT                                           src\main.o
GpsCharToConvert                                  src\main.o
GpstempChar                                       src\main.o
HardFault_Handler                                 src\startup_stm32f10x_hd.o
I2C1_ER_IRQHandler                                src\startup_stm32f10x_hd.o
I2C1_EV_IRQHandler                                src\startup_stm32f10x_hd.o
I2C2_ER_IRQHandler                                src\startup_stm32f10x_hd.o
I2C2_EV_IRQHandler                                src\startup_stm32f10x_hd.o
I2C_ARPCmd                                        Libraries\STM32F10x_StdPeriph_Driver\src\stm32f10x_i2c.o
I2C_AcknowledgeConfig                             Libraries\STM32F10x_StdPeriph_Driver\src\stm32f10x_i2c.o
I2C_CalculatePEC                                  Libraries\STM32F10x_StdPeriph_Driver\src\stm32f10x_i2c.o
I2C_CheckEvent                                    Libraries\STM32F10x_StdPeriph_Driver\src\stm32f10x_i2c.o
I2C_ClearFlag                                     Libraries\STM32F10x_StdPeriph_Driver\src\stm32f10x_i2c.o
I2C_ClearITPendingBit                             Libraries\STM32F10x_StdPeriph_Driver\src\stm32f10x_i2c.o
I2C_Cmd                                           Libraries\STM32F10x_StdPeriph_Driver\src\stm32f10x_i2c.o
I2C_DMACmd                                        Libraries\STM32F10x_StdPeriph_Driver\src\stm32f10x_i2c.o
I2C_DMALastTransferCmd                            Libraries\STM32F10x_StdPeriph_Driver\src\stm32f10x_i2c.o
I2C_DeInit                                        Libraries\STM32F10x_StdPeriph_Driver\src\stm32f10x_i2c.o
I2C_DualAddressCmd                                Libraries\STM32F10x_StdPeriph_Driver\src\stm32f10x_i2c.o
I2C_FastModeDutyCycleConfig                       Libraries\STM32F10x_StdPeriph_Driver\src\stm32f10x_i2c.o
I2C_GeneralCallCmd                                Libraries\STM32F10x_StdPeriph_Driver\src\stm32f10x_i2c.o
I2C_GenerateSTART                                 Libraries\STM32F10x_StdPeriph_Driver\src\stm32f10x_i2c.o
I2C_GenerateSTOP                                  Libraries\STM32F10x_StdPeriph_Driver\src\stm32f10x_i2c.o
I2C_GetFlagStatus                                 Libraries\STM32F10x_StdPeriph_Driver\src\stm32f10x_i2c.o
I2C_GetITStatus                                   Libraries\STM32F10x_StdPeriph_Driver\src\stm32f10x_i2c.o
I2C_GetLastEvent                                  Libraries\STM32F10x_StdPeriph_Driver\src\stm32f10x_i2c.o
I2C_GetPEC                                        Libraries\STM32F10x_StdPeriph_Driver\src\stm32f10x_i2c.o
I2C_ITConfig                                      Libraries\STM32F10x_StdPeriph_Driver\src\stm32f10x_i2c.o
I2C_Init                                          Libraries\STM32F10x_StdPeriph_Driver\src\stm32f10x_i2c.o
I2C_NACKPositionConfig                            Libraries\STM32F10x_StdPeriph_Driver\src\stm32f10x_i2c.o
I2C_OwnAddress2Config                             Libraries\STM32F10x_StdPeriph_Driver\src\stm32f10x_i2c.o
I2C_PECPositionConfig                             Libraries\STM32F10x_StdPeriph_Driver\src\stm32f10x_i2c.o
I2C_ReadRegister                                  Libraries\STM32F10x_StdPeriph_Driver\src\stm32f10x_i2c.o
I2C_ReceiveData                                   Libraries\STM32F10x_StdPeriph_Driver\src\stm32f10x_i2c.o
I2C_SMBusAlertConfig                              Libraries\STM32F10x_StdPeriph_Driver\src\stm32f10x_i2c.o
I2C_Send7bitAddress                               Libraries\STM32F10x_StdPeriph_Driver\src\stm32f10x_i2c.o
I2C_SendData                                      Libraries\STM32F10x_StdPeriph_Driver\src\stm32f10x_i2c.o
I2C_SoftwareResetCmd                              Libraries\STM32F10x_StdPeriph_Driver\src\stm32f10x_i2c.o
I2C_StretchClockCmd                               Libraries\STM32F10x_StdPeriph_Driver\src\stm32f10x_i2c.o
I2C_StructInit                                    Libraries\STM32F10x_StdPeriph_Driver\src\stm32f10x_i2c.o
I2C_TransmitPEC                                   Libraries\STM32F10x_StdPeriph_Driver\src\stm32f10x_i2c.o
I2S_Cmd                                           Libraries\STM32F10x_StdPeriph_Driver\src\stm32f10x_spi.o
I2S_Init                                          Libraries\STM32F10x_StdPeriph_Driver\src\stm32f10x_spi.o
I2S_StructInit                                    Libraries\STM32F10x_StdPeriph_Driver\src\stm32f10x_spi.o
ID_INFOs                                          Servers\Servers.o
IIC_delayus                                       UserLib\oled\oled.o
IIC_start                                         UserLib\oled\oled.o
IIC_stop                                          UserLib\oled\oled.o
IIC_writebyte                                     UserLib\oled\oled.o
IIC_writecmd                                      UserLib\oled\oled.o
IIC_writedata                                     UserLib\oled\oled.o
IWDG_Enable                                       Libraries\STM32F10x_StdPeriph_Driver\src\stm32f10x_iwdg.o
IWDG_GetFlagStatus                                Libraries\STM32F10x_StdPeriph_Driver\src\stm32f10x_iwdg.o
IWDG_ReloadCounter                                Libraries\STM32F10x_StdPeriph_Driver\src\stm32f10x_iwdg.o
IWDG_SetPrescaler                                 Libraries\STM32F10x_StdPeriph_Driver\src\stm32f10x_iwdg.o
IWDG_SetReload                                    Libraries\STM32F10x_StdPeriph_Driver\src\stm32f10x_iwdg.o
IWDG_WriteAccessCmd                               Libraries\STM32F10x_StdPeriph_Driver\src\stm32f10x_iwdg.o
MemManage_Handler                                 src\startup_stm32f10x_hd.o
NMI_Handler                                       src\startup_stm32f10x_hd.o
NVIC_Init                                         Libraries\STM32F10x_StdPeriph_Driver\src\misc.o
                                                  UserLib\keys\keys.o
                                                  UserLib\Gen\GenLib.o
NVIC_InitStructure                                UserLib\keys\keys.o
NVIC_PriorityGroupConfig                          Libraries\STM32F10x_StdPeriph_Driver\src\misc.o
                                                  UserLib\Gen\GenLib.o
NVIC_SetVectorTable                               Libraries\STM32F10x_StdPeriph_Driver\src\misc.o
                                                  UserLib\Gen\GenLib.o
NVIC_SystemLPConfig                               Libraries\STM32F10x_StdPeriph_Driver\src\misc.o
PVD_IRQHandler                                    src\startup_stm32f10x_hd.o
PWR_BackupAccessCmd                               Libraries\STM32F10x_StdPeriph_Driver\src\stm32f10x_pwr.o
                                                  UserLib\Gen\GenLib.o
PWR_ClearFlag                                     Libraries\STM32F10x_StdPeriph_Driver\src\stm32f10x_pwr.o
PWR_DeInit                                        Libraries\STM32F10x_StdPeriph_Driver\src\stm32f10x_pwr.o
PWR_EnterSTANDBYMode                              Libraries\STM32F10x_StdPeriph_Driver\src\stm32f10x_pwr.o
PWR_EnterSTOPMode                                 Libraries\STM32F10x_StdPeriph_Driver\src\stm32f10x_pwr.o
PWR_GetFlagStatus                                 Libraries\STM32F10x_StdPeriph_Driver\src\stm32f10x_pwr.o
PWR_PVDCmd                                        Libraries\STM32F10x_StdPeriph_Driver\src\stm32f10x_pwr.o
PWR_PVDLevelConfig                                Libraries\STM32F10x_StdPeriph_Driver\src\stm32f10x_pwr.o
PWR_WakeUpPinCmd                                  Libraries\STM32F10x_StdPeriph_Driver\src\stm32f10x_pwr.o
Pack1                                             src\main.o
                                                  Servers\Servers.o
Pack2                                             src\main.o
                                                  Servers\Servers.o
Pack3                                             src\main.o
                                                  Servers\Servers.o
Pack4                                             src\main.o
                                                  Servers\Servers.o
Pack5                                             src\main.o
                                                  Servers\Servers.o
Pack6                                             src\main.o
                                                  Servers\Servers.o
Pack7                                             src\main.o
                                                  Servers\Servers.o
PendSV_Handler                                    RTOS\portable\GCC\ARM_CM3\port.o
RCC_ADCCLKConfig                                  Libraries\STM32F10x_StdPeriph_Driver\src\stm32f10x_rcc.o
                                                  UserLib\Gen\GenLib.o
RCC_AHBPeriphClockCmd                             Libraries\STM32F10x_StdPeriph_Driver\src\stm32f10x_rcc.o
RCC_APB1PeriphClockCmd                            Libraries\STM32F10x_StdPeriph_Driver\src\stm32f10x_rcc.o
                                                  UserLib\Gen\GenLib.o
RCC_APB1PeriphResetCmd                            Libraries\STM32F10x_StdPeriph_Driver\src\stm32f10x_rcc.o
                                                  Libraries\STM32F10x_StdPeriph_Driver\src\stm32f10x_wwdg.o
                                                  Libraries\STM32F10x_StdPeriph_Driver\src\stm32f10x_usart.o
                                                  Libraries\STM32F10x_StdPeriph_Driver\src\stm32f10x_tim.o
                                                  Libraries\STM32F10x_StdPeriph_Driver\src\stm32f10x_spi.o
                                                  Libraries\STM32F10x_StdPeriph_Driver\src\stm32f10x_pwr.o
                                                  Libraries\STM32F10x_StdPeriph_Driver\src\stm32f10x_i2c.o
                                                  Libraries\STM32F10x_StdPeriph_Driver\src\stm32f10x_dac.o
                                                  Libraries\STM32F10x_StdPeriph_Driver\src\stm32f10x_cec.o
                                                  Libraries\STM32F10x_StdPeriph_Driver\src\stm32f10x_can.o
RCC_APB2PeriphClockCmd                            Libraries\STM32F10x_StdPeriph_Driver\src\stm32f10x_rcc.o
                                                  UserLib\keys\keys.o
                                                  UserLib\SPI_FLASH\SPI_FLASH.o
                                                  UserLib\Gen\GenLib.o
RCC_APB2PeriphResetCmd                            Libraries\STM32F10x_StdPeriph_Driver\src\stm32f10x_rcc.o
                                                  Libraries\STM32F10x_StdPeriph_Driver\src\stm32f10x_usart.o
                                                  Libraries\STM32F10x_StdPeriph_Driver\src\stm32f10x_tim.o
                                                  Libraries\STM32F10x_StdPeriph_Driver\src\stm32f10x_spi.o
                                                  Libraries\STM32F10x_StdPeriph_Driver\src\stm32f10x_gpio.o
                                                  Libraries\STM32F10x_StdPeriph_Driver\src\stm32f10x_adc.o
RCC_AdjustHSICalibrationValue                     Libraries\STM32F10x_StdPeriph_Driver\src\stm32f10x_rcc.o
RCC_BackupResetCmd                                Libraries\STM32F10x_StdPeriph_Driver\src\stm32f10x_rcc.o
                                                  Libraries\STM32F10x_StdPeriph_Driver\src\stm32f10x_bkp.o
RCC_ClearFlag                                     Libraries\STM32F10x_StdPeriph_Driver\src\stm32f10x_rcc.o
RCC_ClearITPendingBit                             Libraries\STM32F10x_StdPeriph_Driver\src\stm32f10x_rcc.o
RCC_ClockSecuritySystemCmd                        Libraries\STM32F10x_StdPeriph_Driver\src\stm32f10x_rcc.o
RCC_DeInit                                        Libraries\STM32F10x_StdPeriph_Driver\src\stm32f10x_rcc.o
RCC_GetClocksFreq                                 Libraries\STM32F10x_StdPeriph_Driver\src\stm32f10x_rcc.o
                                                  UserLib\Gen\GenLib.o
                                                  Libraries\STM32F10x_StdPeriph_Driver\src\stm32f10x_usart.o
                                                  Libraries\STM32F10x_StdPeriph_Driver\src\stm32f10x_spi.o
                                                  Libraries\STM32F10x_StdPeriph_Driver\src\stm32f10x_i2c.o
RCC_GetFlagStatus                                 Libraries\STM32F10x_StdPeriph_Driver\src\stm32f10x_rcc.o
RCC_GetITStatus                                   Libraries\STM32F10x_StdPeriph_Driver\src\stm32f10x_rcc.o
RCC_GetSYSCLKSource                               Libraries\STM32F10x_StdPeriph_Driver\src\stm32f10x_rcc.o
RCC_HCLKConfig                                    Libraries\STM32F10x_StdPeriph_Driver\src\stm32f10x_rcc.o
RCC_HSEConfig                                     Libraries\STM32F10x_StdPeriph_Driver\src\stm32f10x_rcc.o
RCC_HSICmd                                        Libraries\STM32F10x_StdPeriph_Driver\src\stm32f10x_rcc.o
RCC_IRQHandler                                    src\startup_stm32f10x_hd.o
RCC_ITConfig                                      Libraries\STM32F10x_StdPeriph_Driver\src\stm32f10x_rcc.o
RCC_LSEConfig                                     Libraries\STM32F10x_StdPeriph_Driver\src\stm32f10x_rcc.o
RCC_LSICmd                                        Libraries\STM32F10x_StdPeriph_Driver\src\stm32f10x_rcc.o
RCC_MCOConfig                                     Libraries\STM32F10x_StdPeriph_Driver\src\stm32f10x_rcc.o
RCC_PCLK1Config                                   Libraries\STM32F10x_StdPeriph_Driver\src\stm32f10x_rcc.o
RCC_PCLK2Config                                   Libraries\STM32F10x_StdPeriph_Driver\src\stm32f10x_rcc.o
RCC_PLLCmd                                        Libraries\STM32F10x_StdPeriph_Driver\src\stm32f10x_rcc.o
RCC_PLLConfig                                     Libraries\STM32F10x_StdPeriph_Driver\src\stm32f10x_rcc.o
RCC_RTCCLKCmd                                     Libraries\STM32F10x_StdPeriph_Driver\src\stm32f10x_rcc.o
                                                  UserLib\Gen\GenLib.o
RCC_RTCCLKConfig                                  Libraries\STM32F10x_StdPeriph_Driver\src\stm32f10x_rcc.o
                                                  UserLib\Gen\GenLib.o
RCC_SYSCLKConfig                                  Libraries\STM32F10x_StdPeriph_Driver\src\stm32f10x_rcc.o
RCC_USBCLKConfig                                  Libraries\STM32F10x_StdPeriph_Driver\src\stm32f10x_rcc.o
RCC_WaitForHSEStartUp                             Libraries\STM32F10x_StdPeriph_Driver\src\stm32f10x_rcc.o
RTCAlarm_IRQHandler                               src\startup_stm32f10x_hd.o
RTC_1s_it_init                                    UserLib\Gen\GenLib.o
RTC_ClearFlag                                     Libraries\STM32F10x_StdPeriph_Driver\src\stm32f10x_rtc.o
RTC_ClearITPendingBit                             Libraries\STM32F10x_StdPeriph_Driver\src\stm32f10x_rtc.o
                                                  UserLib\Gen\GenLib.o
RTC_EnterConfigMode                               Libraries\STM32F10x_StdPeriph_Driver\src\stm32f10x_rtc.o
                                                  UserLib\Gen\GenLib.o
RTC_ExitConfigMode                                Libraries\STM32F10x_StdPeriph_Driver\src\stm32f10x_rtc.o
                                                  UserLib\Gen\GenLib.o
RTC_GetCounter                                    Libraries\STM32F10x_StdPeriph_Driver\src\stm32f10x_rtc.o
RTC_GetDivider                                    Libraries\STM32F10x_StdPeriph_Driver\src\stm32f10x_rtc.o
RTC_GetFlagStatus                                 Libraries\STM32F10x_StdPeriph_Driver\src\stm32f10x_rtc.o
RTC_GetITStatus                                   Libraries\STM32F10x_StdPeriph_Driver\src\stm32f10x_rtc.o
                                                  UserLib\Gen\GenLib.o
RTC_Handler                                       UserLib\Gen\GenLib.o
RTC_IRQHandler                                    UserLib\Gen\GenLib.o
RTC_ITConfig                                      Libraries\STM32F10x_StdPeriph_Driver\src\stm32f10x_rtc.o
                                                  UserLib\Gen\GenLib.o
RTC_SetAlarm                                      Libraries\STM32F10x_StdPeriph_Driver\src\stm32f10x_rtc.o
RTC_SetCounter                                    Libraries\STM32F10x_StdPeriph_Driver\src\stm32f10x_rtc.o
RTC_SetPrescaler                                  Libraries\STM32F10x_StdPeriph_Driver\src\stm32f10x_rtc.o
                                                  UserLib\Gen\GenLib.o
RTC_WaitForLastTask                               Libraries\STM32F10x_StdPeriph_Driver\src\stm32f10x_rtc.o
                                                  UserLib\Gen\GenLib.o
RTC_WaitForSynchro                                Libraries\STM32F10x_StdPeriph_Driver\src\stm32f10x_rtc.o
                                                  UserLib\Gen\GenLib.o
Reset_Handler                                     src\startup_stm32f10x_hd.o
SDIO_CEATAITCmd                                   Libraries\STM32F10x_StdPeriph_Driver\src\stm32f10x_sdio.o
SDIO_ClearFlag                                    Libraries\STM32F10x_StdPeriph_Driver\src\stm32f10x_sdio.o
SDIO_ClearITPendingBit                            Libraries\STM32F10x_StdPeriph_Driver\src\stm32f10x_sdio.o
SDIO_ClockCmd                                     Libraries\STM32F10x_StdPeriph_Driver\src\stm32f10x_sdio.o
SDIO_CmdStructInit                                Libraries\STM32F10x_StdPeriph_Driver\src\stm32f10x_sdio.o
SDIO_CommandCompletionCmd                         Libraries\STM32F10x_StdPeriph_Driver\src\stm32f10x_sdio.o
SDIO_DMACmd                                       Libraries\STM32F10x_StdPeriph_Driver\src\stm32f10x_sdio.o
SDIO_DataConfig                                   Libraries\STM32F10x_StdPeriph_Driver\src\stm32f10x_sdio.o
SDIO_DataStructInit                               Libraries\STM32F10x_StdPeriph_Driver\src\stm32f10x_sdio.o
SDIO_DeInit                                       Libraries\STM32F10x_StdPeriph_Driver\src\stm32f10x_sdio.o
SDIO_GetCommandResponse                           Libraries\STM32F10x_StdPeriph_Driver\src\stm32f10x_sdio.o
SDIO_GetDataCounter                               Libraries\STM32F10x_StdPeriph_Driver\src\stm32f10x_sdio.o
SDIO_GetFIFOCount                                 Libraries\STM32F10x_StdPeriph_Driver\src\stm32f10x_sdio.o
SDIO_GetFlagStatus                                Libraries\STM32F10x_StdPeriph_Driver\src\stm32f10x_sdio.o
SDIO_GetITStatus                                  Libraries\STM32F10x_StdPeriph_Driver\src\stm32f10x_sdio.o
SDIO_GetPowerState                                Libraries\STM32F10x_StdPeriph_Driver\src\stm32f10x_sdio.o
SDIO_GetResponse                                  Libraries\STM32F10x_StdPeriph_Driver\src\stm32f10x_sdio.o
SDIO_IRQHandler                                   src\startup_stm32f10x_hd.o
SDIO_ITConfig                                     Libraries\STM32F10x_StdPeriph_Driver\src\stm32f10x_sdio.o
SDIO_Init                                         Libraries\STM32F10x_StdPeriph_Driver\src\stm32f10x_sdio.o
SDIO_ReadData                                     Libraries\STM32F10x_StdPeriph_Driver\src\stm32f10x_sdio.o
SDIO_SendCEATACmd                                 Libraries\STM32F10x_StdPeriph_Driver\src\stm32f10x_sdio.o
SDIO_SendCommand                                  Libraries\STM32F10x_StdPeriph_Driver\src\stm32f10x_sdio.o
SDIO_SendSDIOSuspendCmd                           Libraries\STM32F10x_StdPeriph_Driver\src\stm32f10x_sdio.o
SDIO_SetPowerState                                Libraries\STM32F10x_StdPeriph_Driver\src\stm32f10x_sdio.o
SDIO_SetSDIOOperation                             Libraries\STM32F10x_StdPeriph_Driver\src\stm32f10x_sdio.o
SDIO_SetSDIOReadWaitMode                          Libraries\STM32F10x_StdPeriph_Driver\src\stm32f10x_sdio.o
SDIO_StartSDIOReadWait                            Libraries\STM32F10x_StdPeriph_Driver\src\stm32f10x_sdio.o
SDIO_StopSDIOReadWait                             Libraries\STM32F10x_StdPeriph_Driver\src\stm32f10x_sdio.o
SDIO_StructInit                                   Libraries\STM32F10x_StdPeriph_Driver\src\stm32f10x_sdio.o
SDIO_WriteData                                    Libraries\STM32F10x_StdPeriph_Driver\src\stm32f10x_sdio.o
SPI1_IRQHandler                                   src\startup_stm32f10x_hd.o
SPI2_IRQHandler                                   src\startup_stm32f10x_hd.o
SPI3_IRQHandler                                   src\startup_stm32f10x_hd.o
SPI_BiDirectionalLineConfig                       Libraries\STM32F10x_StdPeriph_Driver\src\stm32f10x_spi.o
SPI_CalculateCRC                                  Libraries\STM32F10x_StdPeriph_Driver\src\stm32f10x_spi.o
SPI_Cmd                                           Libraries\STM32F10x_StdPeriph_Driver\src\stm32f10x_spi.o
                                                  UserLib\SPI_FLASH\SPI_FLASH.o
SPI_DataSizeConfig                                Libraries\STM32F10x_StdPeriph_Driver\src\stm32f10x_spi.o
SPI_GetCRC                                        Libraries\STM32F10x_StdPeriph_Driver\src\stm32f10x_spi.o
SPI_GetCRCPolynomial                              Libraries\STM32F10x_StdPeriph_Driver\src\stm32f10x_spi.o
SPI_I2S_ClearFlag                                 Libraries\STM32F10x_StdPeriph_Driver\src\stm32f10x_spi.o
SPI_I2S_ClearITPendingBit                         Libraries\STM32F10x_StdPeriph_Driver\src\stm32f10x_spi.o
SPI_I2S_DMACmd                                    Libraries\STM32F10x_StdPeriph_Driver\src\stm32f10x_spi.o
SPI_I2S_DeInit                                    Libraries\STM32F10x_StdPeriph_Driver\src\stm32f10x_spi.o